#
# There is insufficient memory for the Java Runtime Environment to continue.
# Native memory allocation (mmap) failed to map 4096 bytes. Error detail: object start array expansion
# Possible reasons:
#   The system is out of physical RAM or swap space
#   This process is running with CompressedOops enabled, and the Java Heap may be blocking the growth of the native heap
# Possible solutions:
#   Reduce memory load on the system
#   Increase physical memory or swap space
#   Check if swap backing store is full
#   Decrease Java heap size (-Xmx/-Xms)
#   Decrease number of Java threads
#   Decrease Java thread stack sizes (-Xss)
#   Set larger code cache with -XX:ReservedCodeCacheSize=
#   JVM is running with Unscaled Compressed Oops mode in which the Java heap is
#     placed in the first 4GB address space. The Java Heap base address is the
#     maximum limit for the native heap growth. Please use -XX:HeapBaseMinAddress
#     to set the Java Heap base and to place the Java Heap above 4GB virtual address.
# This output file may be truncated or incomplete.
#
#  Out of Memory Error (objectStartArray.cpp:105), pid=28376, tid=28780
#
# JRE version: OpenJDK Runtime Environment Temurin-21.0.10+7 (21.0.10+7) (build 21.0.10+7-LTS)
# Java VM: OpenJDK 64-Bit Server VM Temurin-21.0.10+7 (21.0.10+7-LTS, mixed mode, sharing, tiered, compressed oops, compressed class ptrs, parallel gc, windows-amd64)
# No core dump will be written. Minidumps are not enabled by default on client versions of Windows
#

---------------  S U M M A R Y ------------

Command Line: --add-modules=ALL-SYSTEM --add-opens=java.base/java.util=ALL-UNNAMED --add-opens=java.base/java.lang=ALL-UNNAMED --add-opens=java.base/sun.nio.fs=ALL-UNNAMED -Declipse.application=org.eclipse.jdt.ls.core.id1 -Dosgi.bundles.defaultStartLevel=4 -Declipse.product=org.eclipse.jdt.ls.core.product -Djava.import.generatesMetadataFilesAtProjectRoot=false -DDetectVMInstallationsJob.disabled=true -Dfile.encoding=utf8 -XX:+UseParallelGC -XX:GCTimeRatio=4 -XX:AdaptiveSizePolicyWeight=90 -Dsun.zip.disableMemoryMapping=true -Xmx2G -Xms100m -Xlog:disable -javaagent:c:\Users\Leonardo\.vscode\extensions\redhat.java-1.54.0-win32-x64\lombok\lombok-1.18.39-4050.jar -XX:+HeapDumpOnOutOfMemoryError -XX:HeapDumpPath=c:\Users\Leonardo\AppData\Roaming\Code\User\workspaceStorage\91273af04738737b26cebe2530116206\redhat.java -Daether.dependencyCollector.impl=bf c:\Users\Leonardo\.vscode\extensions\redhat.java-1.54.0-win32-x64\server\plugins\org.eclipse.equinox.launcher_1.7.100.v20251111-0406.jar -configuration c:\Users\Leonardo\AppData\Roaming\Code\User\globalStorage\redhat.java\1.54.0\config_win -data c:\Users\Leonardo\AppData\Roaming\Code\User\workspaceStorage\91273af04738737b26cebe2530116206\redhat.java\jdt_ws --pipe=\\.\pipe\lsp-5b8a3c642283fdfbf480c3963a4f4835-sock

Host: AMD Ryzen 7 5700U with Radeon Graphics         , 16 cores, 5G,  Windows 10 , 64 bit Build 19041 (10.0.19041.5915)
Time: Wed Apr 22 02:36:56 2026 Hora estándar oeste, Sudamérica elapsed time: 33.678449 seconds (0d 0h 0m 33s)

---------------  T H R E A D  ---------------

Current thread (0x000002a47060bb30):  WorkerThread "GC Thread#6"    [id=28780, stack(0x000000d947d00000,0x000000d947e00000) (1024K)]

Stack: [0x000000d947d00000,0x000000d947e00000]
Native frames: (J=compiled Java code, j=interpreted, Vv=VM code, C=native code)
V  [jvm.dll+0x6d7a39]
V  [jvm.dll+0x8b4b26]
V  [jvm.dll+0x8b70de]
V  [jvm.dll+0x8b77c3]
V  [jvm.dll+0x284346]
V  [jvm.dll+0x6c1d54]
V  [jvm.dll+0x70eb42]
V  [jvm.dll+0x70e591]
V  [jvm.dll+0x70e4d8]
V  [jvm.dll+0x70e674]
V  [jvm.dll+0x6e4e76]
V  [jvm.dll+0x714b9e]
V  [jvm.dll+0x715739]
V  [jvm.dll+0x717e91]
V  [jvm.dll+0x71831f]
V  [jvm.dll+0x8e2b41]
V  [jvm.dll+0x85f59d]
V  [jvm.dll+0x6d626d]
C  [ucrtbase.dll+0x21bb2]
C  [KERNEL32.DLL+0x17374]
C  [ntdll.dll+0x4cc91]


---------------  P R O C E S S  ---------------

Threads class SMR info:
_java_thread_list=0x000002a470f4fa00, length=107, elements={
0x000002a450486e70, 0x000002a452711030, 0x000002a4527124a0, 0x000002a4527163b0,
0x000002a452717010, 0x000002a452717c70, 0x000002a46a6f7f30, 0x000002a45271b7d0,
0x000002a46a71ab90, 0x000002a46a9cee00, 0x000002a47000c250, 0x000002a470739700,
0x000002a46a7b1290, 0x000002a47002c720, 0x000002a470030cd0, 0x000002a4711a7460,
0x000002a470faaaf0, 0x000002a4700dce80, 0x000002a4700ddba0, 0x000002a4700de230,
0x000002a470550e20, 0x000002a4700de8c0, 0x000002a4700db440, 0x000002a4700dbad0,
0x000002a471d97f40, 0x000002a471d9c770, 0x000002a471d985d0, 0x000002a471d9a010,
0x000002a471d9ce00, 0x000002a471d9a6a0, 0x000002a471d9e1b0, 0x000002a471d9ba50,
0x000002a471d97220, 0x000002a471d9b3c0, 0x000002a471d98c60, 0x000002a471d9e840,
0x000002a471d99980, 0x000002a471d9c0e0, 0x000002a471d978b0, 0x000002a471d9ad30,
0x000002a471d992f0, 0x000002a471d9d490, 0x000002a471d9db20, 0x000002a4722b5560,
0x000002a4722b6fa0, 0x000002a4722b20e0, 0x000002a4722b2770, 0x000002a4722b4ed0,
0x000002a4722b41b0, 0x000002a4722b2e00, 0x000002a4722b7cc0, 0x000002a4722b3490,
0x000002a4722b6280, 0x000002a4722b5bf0, 0x000002a4722b3b20, 0x000002a4722b7630,
0x000002a4722b6910, 0x000002a4722b4840, 0x000002a4722b0d30, 0x000002a4722b8350,
0x000002a4722b13c0, 0x000002a47a764750, 0x000002a47a764de0, 0x000002a47a765470,
0x000002a47a768260, 0x000002a47a765b00, 0x000002a47a762680, 0x000002a47a766190,
0x000002a47a767bd0, 0x000002a47a769610, 0x000002a47a766eb0, 0x000002a47a7688f0,
0x000002a47a7633a0, 0x000002a47a763a30, 0x000002a47a767540, 0x000002a47a766820,
0x000002a47a768f80, 0x000002a47a762d10, 0x000002a47a7640c0, 0x000002a4726514a0,
0x000002a472653c00, 0x000002a472653570, 0x000002a472650e10, 0x000002a472652850,
0x000002a472654290, 0x000002a472652ee0, 0x000002a472651b30, 0x000002a4726521c0,
0x000002a471523280, 0x000002a471524630, 0x000002a47151e3c0, 0x000002a471520490,
0x000002a47151dd30, 0x000002a4715211b0, 0x000002a47151f770, 0x000002a471521840,
0x000002a471521ed0, 0x000002a471522bf0, 0x000002a471523910, 0x000002a471523fa0,
0x000002a471524cc0, 0x000002a471525350, 0x000002a470514580, 0x000002a470518db0,
0x000002a470514c10, 0x000002a470516ce0, 0x000002a47a9a01b0
}

Java Threads: ( => current thread )
  0x000002a450486e70 JavaThread "main"                              [_thread_blocked, id=22892, stack(0x000000d946600000,0x000000d946700000) (1024K)]
  0x000002a452711030 JavaThread "Reference Handler"          daemon [_thread_blocked, id=27996, stack(0x000000d946a00000,0x000000d946b00000) (1024K)]
  0x000002a4527124a0 JavaThread "Finalizer"                  daemon [_thread_blocked, id=25672, stack(0x000000d946b00000,0x000000d946c00000) (1024K)]
  0x000002a4527163b0 JavaThread "Signal Dispatcher"          daemon [_thread_blocked, id=27840, stack(0x000000d946c00000,0x000000d946d00000) (1024K)]
  0x000002a452717010 JavaThread "Attach Listener"            daemon [_thread_blocked, id=24588, stack(0x000000d946d00000,0x000000d946e00000) (1024K)]
  0x000002a452717c70 JavaThread "Service Thread"             daemon [_thread_blocked, id=10876, stack(0x000000d946e00000,0x000000d946f00000) (1024K)]
  0x000002a46a6f7f30 JavaThread "Monitor Deflation Thread"   daemon [_thread_blocked, id=26156, stack(0x000000d946f00000,0x000000d947000000) (1024K)]
  0x000002a45271b7d0 JavaThread "C2 CompilerThread0"         daemon [_thread_blocked, id=19800, stack(0x000000d947000000,0x000000d947100000) (1024K)]
  0x000002a46a71ab90 JavaThread "C1 CompilerThread0"         daemon [_thread_blocked, id=28684, stack(0x000000d947100000,0x000000d947200000) (1024K)]
  0x000002a46a9cee00 JavaThread "Common-Cleaner"             daemon [_thread_blocked, id=26596, stack(0x000000d947400000,0x000000d947500000) (1024K)]
  0x000002a47000c250 JavaThread "Notification Thread"        daemon [_thread_blocked, id=18588, stack(0x000000d947700000,0x000000d947800000) (1024K)]
  0x000002a470739700 JavaThread "Active Thread: Equinox Container: 5e27c20c-f32a-44ce-8ea7-132341615e4b"        [_thread_blocked, id=29220, stack(0x000000d947e00000,0x000000d947f00000) (1024K)]
  0x000002a46a7b1290 JavaThread "Refresh Thread: Equinox Container: 5e27c20c-f32a-44ce-8ea7-132341615e4b" daemon [_thread_blocked, id=6996, stack(0x000000d947200000,0x000000d947300000) (1024K)]
  0x000002a47002c720 JavaThread "Framework Event Dispatcher: Equinox Container: 5e27c20c-f32a-44ce-8ea7-132341615e4b" daemon [_thread_blocked, id=12004, stack(0x000000d947500000,0x000000d947600000) (1024K)]
  0x000002a470030cd0 JavaThread "Start Level: Equinox Container: 5e27c20c-f32a-44ce-8ea7-132341615e4b" daemon [_thread_blocked, id=9896, stack(0x000000d947600000,0x000000d947700000) (1024K)]
  0x000002a4711a7460 JavaThread "Bundle File Closer"         daemon [_thread_blocked, id=2940, stack(0x000000d948400000,0x000000d948500000) (1024K)]
  0x000002a470faaaf0 JavaThread "SCR Component Actor"        daemon [_thread_blocked, id=27000, stack(0x000000d947300000,0x000000d947400000) (1024K)]
  0x000002a4700dce80 JavaThread "Worker-JM"                         [_thread_blocked, id=29664, stack(0x000000d948500000,0x000000d948600000) (1024K)]
  0x000002a4700ddba0 JavaThread "JNA Cleaner"                daemon [_thread_blocked, id=4740, stack(0x000000d948300000,0x000000d948400000) (1024K)]
  0x000002a4700de230 JavaThread "Worker-0"                          [_thread_blocked, id=29184, stack(0x000000d948800000,0x000000d948900000) (1024K)]
  0x000002a470550e20 JavaThread "C1 CompilerThread1"         daemon [_thread_blocked, id=11520, stack(0x000000d948900000,0x000000d948a00000) (1024K)]
  0x000002a4700de8c0 JavaThread "Worker-1"                          [_thread_blocked, id=28764, stack(0x000000d948a00000,0x000000d948b00000) (1024K)]
  0x000002a4700db440 JavaThread "Worker-2: Initialize workspace"        [_thread_blocked, id=29368, stack(0x000000d948b00000,0x000000d948c00000) (1024K)]
  0x000002a4700dbad0 JavaThread "Java indexing"              daemon [_thread_blocked, id=28916, stack(0x000000d948c00000,0x000000d948d00000) (1024K)]
  0x000002a471d97f40 JavaThread "Worker-3"                          [_thread_blocked, id=26340, stack(0x000000d948d00000,0x000000d948e00000) (1024K)]
  0x000002a471d9c770 JavaThread "Worker-4"                          [_thread_blocked, id=3668, stack(0x000000d948e00000,0x000000d948f00000) (1024K)]
  0x000002a471d985d0 JavaThread "Thread-1"                   daemon [_thread_in_native, id=19724, stack(0x000000d948f00000,0x000000d949000000) (1024K)]
  0x000002a471d9a010 JavaThread "Thread-2"                   daemon [_thread_in_native, id=25564, stack(0x000000d949000000,0x000000d949100000) (1024K)]
  0x000002a471d9ce00 JavaThread "Thread-3"                   daemon [_thread_in_native, id=28732, stack(0x000000d949100000,0x000000d949200000) (1024K)]
  0x000002a471d9a6a0 JavaThread "Thread-4"                   daemon [_thread_in_native, id=28708, stack(0x000000d949200000,0x000000d949300000) (1024K)]
  0x000002a471d9e1b0 JavaThread "Thread-5"                   daemon [_thread_in_native, id=18836, stack(0x000000d949300000,0x000000d949400000) (1024K)]
  0x000002a471d9ba50 JavaThread "Thread-6"                   daemon [_thread_in_native, id=29636, stack(0x000000d949400000,0x000000d949500000) (1024K)]
  0x000002a471d97220 JavaThread "Thread-7"                   daemon [_thread_in_native, id=27292, stack(0x000000d949500000,0x000000d949600000) (1024K)]
  0x000002a471d9b3c0 JavaThread "Thread-8"                   daemon [_thread_in_native, id=29116, stack(0x000000d949600000,0x000000d949700000) (1024K)]
  0x000002a471d98c60 JavaThread "Thread-9"                   daemon [_thread_in_native, id=14320, stack(0x000000d949700000,0x000000d949800000) (1024K)]
  0x000002a471d9e840 JavaThread "Thread-10"                  daemon [_thread_in_native, id=28056, stack(0x000000d949800000,0x000000d949900000) (1024K)]
  0x000002a471d99980 JavaThread "Thread-11"                  daemon [_thread_in_native, id=12216, stack(0x000000d949900000,0x000000d949a00000) (1024K)]
  0x000002a471d9c0e0 JavaThread "Thread-12"                  daemon [_thread_in_native, id=28828, stack(0x000000d949a00000,0x000000d949b00000) (1024K)]
  0x000002a471d978b0 JavaThread "Thread-13"                  daemon [_thread_in_native, id=26212, stack(0x000000d949b00000,0x000000d949c00000) (1024K)]
  0x000002a471d9ad30 JavaThread "Thread-14"                  daemon [_thread_in_native, id=15400, stack(0x000000d949c00000,0x000000d949d00000) (1024K)]
  0x000002a471d992f0 JavaThread "Thread-15"                  daemon [_thread_in_native, id=15720, stack(0x000000d949d00000,0x000000d949e00000) (1024K)]
  0x000002a471d9d490 JavaThread "Thread-16"                  daemon [_thread_in_native, id=28808, stack(0x000000d949e00000,0x000000d949f00000) (1024K)]
  0x000002a471d9db20 JavaThread "Thread-17"                  daemon [_thread_in_native, id=25884, stack(0x000000d949f00000,0x000000d94a000000) (1024K)]
  0x000002a4722b5560 JavaThread "pool-2-thread-1"                   [_thread_blocked, id=9572, stack(0x000000d94a000000,0x000000d94a100000) (1024K)]
  0x000002a4722b6fa0 JavaThread "WorkspaceEventsHandler"            [_thread_blocked, id=28872, stack(0x000000d94a100000,0x000000d94a200000) (1024K)]
  0x000002a4722b20e0 JavaThread "pool-1-thread-1"                   [_thread_blocked, id=15312, stack(0x000000d94a200000,0x000000d94a300000) (1024K)]
  0x000002a4722b2770 JavaThread "ForkJoinPool.commonPool-worker-1" daemon [_thread_blocked, id=29288, stack(0x000000d94a300000,0x000000d94a400000) (1024K)]
  0x000002a4722b4ed0 JavaThread "ForkJoinPool.commonPool-worker-2" daemon [_thread_blocked, id=28972, stack(0x000000d94a400000,0x000000d94a500000) (1024K)]
  0x000002a4722b41b0 JavaThread "ForkJoinPool.commonPool-worker-3" daemon [_thread_blocked, id=4232, stack(0x000000d94a500000,0x000000d94a600000) (1024K)]
  0x000002a4722b2e00 JavaThread "ForkJoinPool.commonPool-worker-4" daemon [_thread_blocked, id=28992, stack(0x000000d94a600000,0x000000d94a700000) (1024K)]
  0x000002a4722b7cc0 JavaThread "ForkJoinPool.commonPool-worker-5" daemon [_thread_blocked, id=11820, stack(0x000000d94a700000,0x000000d94a800000) (1024K)]
  0x000002a4722b3490 JavaThread "ForkJoinPool.commonPool-worker-6" daemon [_thread_blocked, id=29584, stack(0x000000d94a800000,0x000000d94a900000) (1024K)]
  0x000002a4722b6280 JavaThread "ForkJoinPool.commonPool-worker-7" daemon [_thread_blocked, id=22092, stack(0x000000d94a900000,0x000000d94aa00000) (1024K)]
  0x000002a4722b5bf0 JavaThread "ForkJoinPool.commonPool-worker-8" daemon [_thread_blocked, id=29052, stack(0x000000d94aa00000,0x000000d94ab00000) (1024K)]
  0x000002a4722b3b20 JavaThread "ForkJoinPool.commonPool-worker-9" daemon [_thread_blocked, id=29424, stack(0x000000d94ab00000,0x000000d94ac00000) (1024K)]
  0x000002a4722b7630 JavaThread "ForkJoinPool.commonPool-worker-10" daemon [_thread_blocked, id=29436, stack(0x000000d94ac00000,0x000000d94ad00000) (1024K)]
  0x000002a4722b6910 JavaThread "ForkJoinPool.commonPool-worker-11" daemon [_thread_blocked, id=28716, stack(0x000000d94ad00000,0x000000d94ae00000) (1024K)]
  0x000002a4722b4840 JavaThread "ForkJoinPool.commonPool-worker-13" daemon [_thread_blocked, id=29476, stack(0x000000d94ae00000,0x000000d94af00000) (1024K)]
  0x000002a4722b0d30 JavaThread "ForkJoinPool.commonPool-worker-12" daemon [_thread_blocked, id=29488, stack(0x000000d94af00000,0x000000d94b000000) (1024K)]
  0x000002a4722b8350 JavaThread "ForkJoinPool.commonPool-worker-14" daemon [_thread_blocked, id=29456, stack(0x000000d94b000000,0x000000d94b100000) (1024K)]
  0x000002a4722b13c0 JavaThread "ForkJoinPool.commonPool-worker-15" daemon [_thread_blocked, id=29452, stack(0x000000d94b100000,0x000000d94b200000) (1024K)]
  0x000002a47a764750 JavaThread "LocalFile Deleter"          daemon [_thread_blocked, id=29420, stack(0x000000d94b200000,0x000000d94b300000) (1024K)]
  0x000002a47a764de0 JavaThread "LocalFile Deleter"          daemon [_thread_blocked, id=22004, stack(0x000000d94b300000,0x000000d94b400000) (1024K)]
  0x000002a47a765470 JavaThread "LocalFile Deleter"          daemon [_thread_blocked, id=8316, stack(0x000000d94b400000,0x000000d94b500000) (1024K)]
  0x000002a47a768260 JavaThread "LocalFile Deleter"          daemon [_thread_blocked, id=29684, stack(0x000000d94b500000,0x000000d94b600000) (1024K)]
  0x000002a47a765b00 JavaThread "LocalFile Deleter"          daemon [_thread_blocked, id=7792, stack(0x000000d94b600000,0x000000d94b700000) (1024K)]
  0x000002a47a762680 JavaThread "LocalFile Deleter"          daemon [_thread_blocked, id=29340, stack(0x000000d94b700000,0x000000d94b800000) (1024K)]
  0x000002a47a766190 JavaThread "LocalFile Deleter"          daemon [_thread_blocked, id=28812, stack(0x000000d94b800000,0x000000d94b900000) (1024K)]
  0x000002a47a767bd0 JavaThread "LocalFile Deleter"          daemon [_thread_blocked, id=11492, stack(0x000000d94b900000,0x000000d94ba00000) (1024K)]
  0x000002a47a769610 JavaThread "LocalFile Deleter"          daemon [_thread_blocked, id=16328, stack(0x000000d94ba00000,0x000000d94bb00000) (1024K)]
  0x000002a47a766eb0 JavaThread "LocalFile Deleter"          daemon [_thread_blocked, id=28804, stack(0x000000d94bb00000,0x000000d94bc00000) (1024K)]
  0x000002a47a7688f0 JavaThread "LocalFile Deleter"          daemon [_thread_blocked, id=28824, stack(0x000000d94bc00000,0x000000d94bd00000) (1024K)]
  0x000002a47a7633a0 JavaThread "LocalFile Deleter"          daemon [_thread_blocked, id=29316, stack(0x000000d94bd00000,0x000000d94be00000) (1024K)]
  0x000002a47a763a30 JavaThread "LocalFile Deleter"          daemon [_thread_blocked, id=13612, stack(0x000000d94be00000,0x000000d94bf00000) (1024K)]
  0x000002a47a767540 JavaThread "LocalFile Deleter"          daemon [_thread_blocked, id=29324, stack(0x000000d94bf00000,0x000000d94c000000) (1024K)]
  0x000002a47a766820 JavaThread "LocalFile Deleter"          daemon [_thread_blocked, id=28524, stack(0x000000d94c000000,0x000000d94c100000) (1024K)]
  0x000002a47a768f80 JavaThread "LocalFile Deleter"          daemon [_thread_blocked, id=23172, stack(0x000000d94c100000,0x000000d94c200000) (1024K)]
  0x000002a47a762d10 JavaThread "Compiler Source File Reader" daemon [_thread_blocked, id=27744, stack(0x000000d94c200000,0x000000d94c300000) (1024K)]
  0x000002a47a7640c0 JavaThread "Compiler Source File Reader" daemon [_thread_blocked, id=15828, stack(0x000000d94c300000,0x000000d94c400000) (1024K)]
  0x000002a4726514a0 JavaThread "Compiler Source File Reader" daemon [_thread_blocked, id=28160, stack(0x000000d94c400000,0x000000d94c500000) (1024K)]
  0x000002a472653c00 JavaThread "Compiler Source File Reader" daemon [_thread_blocked, id=15616, stack(0x000000d94c500000,0x000000d94c600000) (1024K)]
  0x000002a472653570 JavaThread "Compiler Source File Reader" daemon [_thread_blocked, id=28180, stack(0x000000d94c600000,0x000000d94c700000) (1024K)]
  0x000002a472650e10 JavaThread "Compiler Source File Reader" daemon [_thread_blocked, id=23116, stack(0x000000d94c700000,0x000000d94c800000) (1024K)]
  0x000002a472652850 JavaThread "Compiler Source File Reader" daemon [_thread_blocked, id=22300, stack(0x000000d94c800000,0x000000d94c900000) (1024K)]
  0x000002a472654290 JavaThread "Compiler Source File Reader" daemon [_thread_blocked, id=27452, stack(0x000000d94c900000,0x000000d94ca00000) (1024K)]
  0x000002a472652ee0 JavaThread "Compiler Source File Reader" daemon [_thread_blocked, id=27888, stack(0x000000d94ca00000,0x000000d94cb00000) (1024K)]
  0x000002a472651b30 JavaThread "Compiler Source File Reader" daemon [_thread_blocked, id=28700, stack(0x000000d94cb00000,0x000000d94cc00000) (1024K)]
  0x000002a4726521c0 JavaThread "Compiler Source File Reader" daemon [_thread_blocked, id=14396, stack(0x000000d94cc00000,0x000000d94cd00000) (1024K)]
  0x000002a471523280 JavaThread "Compiler Source File Reader" daemon [_thread_blocked, id=27508, stack(0x000000d94cd00000,0x000000d94ce00000) (1024K)]
  0x000002a471524630 JavaThread "Compiler Source File Reader" daemon [_thread_blocked, id=8804, stack(0x000000d94ce00000,0x000000d94cf00000) (1024K)]
  0x000002a47151e3c0 JavaThread "Compiler Source File Reader" daemon [_thread_blocked, id=16504, stack(0x000000d94cf00000,0x000000d94d000000) (1024K)]
  0x000002a471520490 JavaThread "Compiler Processing Task"   daemon [_thread_blocked, id=18868, stack(0x000000d94d000000,0x000000d94d100000) (1024K)]
  0x000002a47151dd30 JavaThread "Compiler Class File Writer" daemon [_thread_blocked, id=29372, stack(0x000000d94d100000,0x000000d94d200000) (1024K)]
  0x000002a4715211b0 JavaThread "Compiler Class File Writer" daemon [_thread_blocked, id=10524, stack(0x000000d94d200000,0x000000d94d300000) (1024K)]
  0x000002a47151f770 JavaThread "Compiler Class File Writer" daemon [_thread_blocked, id=20624, stack(0x000000d94d300000,0x000000d94d400000) (1024K)]
  0x000002a471521840 JavaThread "Compiler Class File Writer" daemon [_thread_blocked, id=14196, stack(0x000000d94d400000,0x000000d94d500000) (1024K)]
  0x000002a471521ed0 JavaThread "Compiler Class File Writer" daemon [_thread_blocked, id=29408, stack(0x000000d94d500000,0x000000d94d600000) (1024K)]
  0x000002a471522bf0 JavaThread "Compiler Class File Writer" daemon [_thread_blocked, id=29188, stack(0x000000d94d600000,0x000000d94d700000) (1024K)]
  0x000002a471523910 JavaThread "Compiler Class File Writer" daemon [_thread_blocked, id=2748, stack(0x000000d94d700000,0x000000d94d800000) (1024K)]
  0x000002a471523fa0 JavaThread "Compiler Class File Writer" daemon [_thread_blocked, id=6000, stack(0x000000d94d800000,0x000000d94d900000) (1024K)]
  0x000002a471524cc0 JavaThread "Compiler Class File Writer" daemon [_thread_blocked, id=29088, stack(0x000000d94d900000,0x000000d94da00000) (1024K)]
  0x000002a471525350 JavaThread "Compiler Class File Writer" daemon [_thread_blocked, id=1300, stack(0x000000d94da00000,0x000000d94db00000) (1024K)]
  0x000002a470514580 JavaThread "Compiler Class File Writer" daemon [_thread_blocked, id=8868, stack(0x000000d94db00000,0x000000d94dc00000) (1024K)]
  0x000002a470518db0 JavaThread "Compiler Class File Writer" daemon [_thread_blocked, id=2376, stack(0x000000d94dc00000,0x000000d94dd00000) (1024K)]
  0x000002a470514c10 JavaThread "Compiler Class File Writer" daemon [_thread_blocked, id=22764, stack(0x000000d94dd00000,0x000000d94de00000) (1024K)]
  0x000002a470516ce0 JavaThread "Compiler Class File Writer" daemon [_thread_blocked, id=27928, stack(0x000000d94de00000,0x000000d94df00000) (1024K)]
  0x000002a47a9a01b0 JavaThread "C1 CompilerThread2"         daemon [_thread_blocked, id=29432, stack(0x000000d94df00000,0x000000d94e000000) (1024K)]
Total: 107

Other Threads:
  0x000002a452704a10 VMThread "VM Thread"                           [id=16784, stack(0x000000d946900000,0x000000d946a00000) (1024K)]
  0x000002a4525fcbf0 WatcherThread "VM Periodic Task Thread"        [id=28688, stack(0x000000d946800000,0x000000d946900000) (1024K)]
  0x000002a452782a60 WorkerThread "GC Thread#0"                     [id=536, stack(0x000000d946700000,0x000000d946800000) (1024K)]
  0x000002a47060bee0 WorkerThread "GC Thread#1"                     [id=28932, stack(0x000000d947800000,0x000000d947900000) (1024K)]
  0x000002a47060c290 WorkerThread "GC Thread#2"                     [id=28944, stack(0x000000d947900000,0x000000d947a00000) (1024K)]
  0x000002a47060b3d0 WorkerThread "GC Thread#3"                     [id=28720, stack(0x000000d947a00000,0x000000d947b00000) (1024K)]
  0x000002a47060b780 WorkerThread "GC Thread#4"                     [id=28788, stack(0x000000d947b00000,0x000000d947c00000) (1024K)]
  0x000002a47060c9f0 WorkerThread "GC Thread#5"                     [id=28784, stack(0x000000d947c00000,0x000000d947d00000) (1024K)]
=>0x000002a47060bb30 WorkerThread "GC Thread#6"                     [id=28780, stack(0x000000d947d00000,0x000000d947e00000) (1024K)]
  0x000002a47060cda0 WorkerThread "GC Thread#7"                     [id=29072, stack(0x000000d947f00000,0x000000d948000000) (1024K)]
  0x000002a4703c49e0 WorkerThread "GC Thread#8"                     [id=21436, stack(0x000000d948000000,0x000000d948100000) (1024K)]
  0x000002a4703c5c50 WorkerThread "GC Thread#9"                     [id=28200, stack(0x000000d948100000,0x000000d948200000) (1024K)]
  0x000002a4703c4d90 WorkerThread "GC Thread#10"                    [id=22668, stack(0x000000d948200000,0x000000d948300000) (1024K)]
  0x000002a4703c54f0 WorkerThread "GC Thread#11"                    [id=29388, stack(0x000000d948600000,0x000000d948700000) (1024K)]
  0x000002a4703c58a0 WorkerThread "GC Thread#12"                    [id=29036, stack(0x000000d948700000,0x000000d948800000) (1024K)]
Total: 15

Threads with active compile tasks:
C2 CompilerThread0  33705 15556 %     4       java.util.zip.ZipFile$Source::initCEN @ 261 (612 bytes)
Total: 1

VM state: at safepoint (normal execution)

VM Mutex/Monitor currently owned by a thread:  ([mutex/lock_event])
[0x00007ffdeabbe560] Threads_lock - owner thread: 0x000002a452704a10
[0x00007ffdeabbe660] Heap_lock - owner thread: 0x000002a4722b4ed0
[0x00007ffdeabbeae0] PSOldGenExpand_lock - owner thread: 0x000002a47060bb30

Heap address: 0x0000000080000000, size: 2048 MB, Compressed Oops mode: 32-bit

CDS archive(s) mapped at: [0x000002a400000000-0x000002a400ba0000-0x000002a400ba0000), size 12189696, SharedBaseAddress: 0x000002a400000000, ArchiveRelocationMode: 1.
Compressed class space mapped at: 0x000002a401000000-0x000002a441000000, reserved size: 1073741824
Narrow klass base: 0x000002a400000000, Narrow klass shift: 0, Narrow klass range: 0x100000000

GC Precious Log:
 CardTable entry size: 512
 CPUs: 16 total, 16 available
 Memory: 6005M
 Large Page Support: Disabled
 NUMA Support: Disabled
 Compressed Oops: Enabled (32-bit)
 Alignments: Space 512K, Generation 512K, Heap 2M
 Heap Min Capacity: 100M
 Heap Initial Capacity: 100M
 Heap Max Capacity: 2G
 Pre-touch: Disabled
 Parallel Workers: 13

Heap:
 PSYoungGen      total 14848K, used 14613K [0x00000000d5580000, 0x00000000d6500000, 0x0000000100000000)
  eden space 13824K, 100% used [0x00000000d5580000,0x00000000d6300000,0x00000000d6300000)
  from space 1024K, 77% used [0x00000000d6300000,0x00000000d63c55c0,0x00000000d6400000)
  to   space 1024K, 42% used [0x00000000d6400000,0x00000000d646c988,0x00000000d6500000)
 ParOldGen       total 104448K, used 104444K [0x0000000080000000, 0x0000000086680000, 0x00000000d5580000)
  object space 104448K, 99% used [0x0000000080000000,0x00000000865ff3d8,0x0000000086600000)
 Metaspace       used 69407K, committed 70976K, reserved 1114112K
  class space    used 7011K, committed 7680K, reserved 1048576K

Card table byte_map: [0x000002a452110000,0x000002a452520000] _byte_map_base: 0x000002a451d10000

Marking Bits: (ParMarkBitMap*) 0x00007ffdeabc3450
 Begin Bits: [0x000002a464c20000, 0x000002a466c20000)
 End Bits:   [0x000002a466c20000, 0x000002a468c20000)

Polling page: 0x000002a4505d0000

Metaspace:

Usage:
  Non-class:     60.93 MB used.
      Class:      6.85 MB used.
       Both:     67.78 MB used.

Virtual space:
  Non-class space:       64.00 MB reserved,      61.81 MB ( 97%) committed,  1 nodes.
      Class space:        1.00 GB reserved,       7.50 MB ( <1%) committed,  1 nodes.
             Both:        1.06 GB reserved,      69.31 MB (  6%) committed. 

Chunk freelists:
   Non-Class:  2.03 MB
       Class:  8.33 MB
        Both:  10.36 MB

MaxMetaspaceSize: unlimited
CompressedClassSpaceSize: 1.00 GB
Initial GC threshold: 21.00 MB
Current GC threshold: 97.31 MB
CDS: on
 - commit_granule_bytes: 65536.
 - commit_granule_words: 8192.
 - virtual_space_node_default_size: 8388608.
 - enlarge_chunks_in_place: 1.
 - use_allocation_guard: 0.


Internal statistics:

num_allocs_failed_limit: 9.
num_arena_births: 1352.
num_arena_deaths: 14.
num_vsnodes_births: 2.
num_vsnodes_deaths: 0.
num_space_committed: 1109.
num_space_uncommitted: 0.
num_chunks_returned_to_freelist: 23.
num_chunks_taken_from_freelist: 4694.
num_chunk_merges: 8.
num_chunk_splits: 2856.
num_chunks_enlarged: 1584.
num_inconsistent_stats: 0.

CodeHeap 'non-profiled nmethods': size=119168Kb used=6357Kb max_used=6357Kb free=112810Kb
 bounds [0x000002a45d510000, 0x000002a45db50000, 0x000002a464970000]
CodeHeap 'profiled nmethods': size=119104Kb used=36362Kb max_used=36362Kb free=82741Kb
 bounds [0x000002a455970000, 0x000002a457d00000, 0x000002a45cdc0000]
CodeHeap 'non-nmethods': size=7488Kb used=2562Kb max_used=2929Kb free=4925Kb
 bounds [0x000002a45cdc0000, 0x000002a45d0a0000, 0x000002a45d510000]
CodeCache: size=245760Kb, used=45281Kb, max_used=45648Kb, free=200476Kb
 total_blobs=15870, nmethods=15115, adapters=657, full_count=0
Compilation: enabled, stopped_count=0, restarted_count=0

Compilation events (20 events):
Event: 33.600 Thread 0x000002a45271b7d0 nmethod 15941 0x000002a45db42910 code [0x000002a45db42ac0, 0x000002a45db42cf0]
Event: 33.601 Thread 0x000002a45271b7d0 15811       4       java.util.stream.Nodes$FixedNodeBuilder::accept (61 bytes)
Event: 33.602 Thread 0x000002a45271b7d0 nmethod 15811 0x000002a45db42e90 code [0x000002a45db43020, 0x000002a45db431c0]
Event: 33.602 Thread 0x000002a45271b7d0 15796 %     4       sun.nio.fs.WindowsPathParser::nextNonSlash @ 0 (24 bytes)
Event: 33.606 Thread 0x000002a45271b7d0 nmethod 15796% 0x000002a45db43310 code [0x000002a45db434c0, 0x000002a45db436a8]
Event: 33.606 Thread 0x000002a45271b7d0 15769       4       sun.nio.fs.WindowsPath::normalize (365 bytes)
Event: 33.612 Thread 0x000002a46a71ab90 15949   !   3       org.eclipse.jdt.internal.core.JavaModelManager::getPerProjectInfo (80 bytes)
Event: 33.614 Thread 0x000002a46a71ab90 nmethod 15949 0x000002a457ceaa90 code [0x000002a457cead20, 0x000002a457ceb8c8]
Event: 33.618 Thread 0x000002a470550e20 15950       2       org.eclipse.jdt.internal.core.util.HashSetOfArray::rehash (64 bytes)
Event: 33.618 Thread 0x000002a470550e20 nmethod 15950 0x000002a457cebe90 code [0x000002a457cec060, 0x000002a457cec320]
Event: 33.619 Thread 0x000002a470550e20 15951       2       org.eclipse.jdt.internal.core.JavaModelManager::isJrt (10 bytes)
Event: 33.621 Thread 0x000002a470550e20 nmethod 15951 0x000002a457cec510 code [0x000002a457cec6c0, 0x000002a457cec888]
Event: 33.631 Thread 0x000002a470550e20 15952       2       java.util.AbstractMap::get (96 bytes)
Event: 33.632 Thread 0x000002a470550e20 nmethod 15952 0x000002a457ceca10 code [0x000002a457cecc80, 0x000002a457ced190]
Event: 33.638 Thread 0x000002a45271b7d0 nmethod 15769 0x000002a45db43890 code [0x000002a45db43b20, 0x000002a45db449f8]
Event: 33.638 Thread 0x000002a45271b7d0 15556 %     4       java.util.zip.ZipFile$Source::initCEN @ 261 (612 bytes)
Event: 33.642 Thread 0x000002a47a9a01b0 15954   !   2       org.eclipse.jdt.internal.core.JarPackageFragmentRoot::computeChildren (606 bytes)
Event: 33.649 Thread 0x000002a47a9a01b0 nmethod 15954 0x000002a457ced410 code [0x000002a457ced9a0, 0x000002a457cef970]
Event: 33.668 Thread 0x000002a46a71ab90 15960       3       java.util.Locale::getDefault (63 bytes)
Event: 33.669 Thread 0x000002a46a71ab90 nmethod 15960 0x000002a457cf1e10 code [0x000002a457cf2040, 0x000002a457cf2770]

GC Heap History (20 events):
Event: 33.240 GC heap after
{Heap after GC invocations=77 (full 3):
 PSYoungGen      total 14848K, used 610K [0x00000000d5580000, 0x00000000d6600000, 0x0000000100000000)
  eden space 13824K, 0% used [0x00000000d5580000,0x00000000d5580000,0x00000000d6300000)
  from space 1024K, 59% used [0x00000000d6500000,0x00000000d6598970,0x00000000d6600000)
  to   space 1024K, 0% used [0x00000000d6400000,0x00000000d6400000,0x00000000d6500000)
 ParOldGen       total 101376K, used 101096K [0x0000000080000000, 0x0000000086300000, 0x00000000d5580000)
  object space 101376K, 99% used [0x0000000080000000,0x00000000862ba2d8,0x0000000086300000)
 Metaspace       used 68776K, committed 70400K, reserved 1114112K
  class space    used 6980K, committed 7680K, reserved 1048576K
}
Event: 33.317 GC heap before
{Heap before GC invocations=78 (full 3):
 PSYoungGen      total 14848K, used 14434K [0x00000000d5580000, 0x00000000d6600000, 0x0000000100000000)
  eden space 13824K, 100% used [0x00000000d5580000,0x00000000d6300000,0x00000000d6300000)
  from space 1024K, 59% used [0x00000000d6500000,0x00000000d6598970,0x00000000d6600000)
  to   space 1024K, 0% used [0x00000000d6400000,0x00000000d6400000,0x00000000d6500000)
 ParOldGen       total 101376K, used 101096K [0x0000000080000000, 0x0000000086300000, 0x00000000d5580000)
  object space 101376K, 99% used [0x0000000080000000,0x00000000862ba2d8,0x0000000086300000)
 Metaspace       used 69221K, committed 70848K, reserved 1114112K
  class space    used 7004K, committed 7680K, reserved 1048576K
}
Event: 33.323 GC heap after
{Heap after GC invocations=78 (full 3):
 PSYoungGen      total 14848K, used 765K [0x00000000d5580000, 0x00000000d6580000, 0x0000000100000000)
  eden space 13824K, 0% used [0x00000000d5580000,0x00000000d5580000,0x00000000d6300000)
  from space 1024K, 74% used [0x00000000d6400000,0x00000000d64bf558,0x00000000d6500000)
  to   space 512K, 0% used [0x00000000d6500000,0x00000000d6500000,0x00000000d6580000)
 ParOldGen       total 101376K, used 101232K [0x0000000080000000, 0x0000000086300000, 0x00000000d5580000)
  object space 101376K, 99% used [0x0000000080000000,0x00000000862dc2e8,0x0000000086300000)
 Metaspace       used 69221K, committed 70848K, reserved 1114112K
  class space    used 7004K, committed 7680K, reserved 1048576K
}
Event: 33.409 GC heap before
{Heap before GC invocations=79 (full 3):
 PSYoungGen      total 14848K, used 14589K [0x00000000d5580000, 0x00000000d6580000, 0x0000000100000000)
  eden space 13824K, 100% used [0x00000000d5580000,0x00000000d6300000,0x00000000d6300000)
  from space 1024K, 74% used [0x00000000d6400000,0x00000000d64bf558,0x00000000d6500000)
  to   space 512K, 0% used [0x00000000d6500000,0x00000000d6500000,0x00000000d6580000)
 ParOldGen       total 101376K, used 101232K [0x0000000080000000, 0x0000000086300000, 0x00000000d5580000)
  object space 101376K, 99% used [0x0000000080000000,0x00000000862dc2e8,0x0000000086300000)
 Metaspace       used 69352K, committed 70912K, reserved 1114112K
  class space    used 7010K, committed 7680K, reserved 1048576K
}
Event: 33.416 GC heap after
{Heap after GC invocations=79 (full 3):
 PSYoungGen      total 14336K, used 488K [0x00000000d5580000, 0x00000000d6600000, 0x0000000100000000)
  eden space 13824K, 0% used [0x00000000d5580000,0x00000000d5580000,0x00000000d6300000)
  from space 512K, 95% used [0x00000000d6500000,0x00000000d657a3c0,0x00000000d6580000)
  to   space 1536K, 0% used [0x00000000d6300000,0x00000000d6300000,0x00000000d6480000)
 ParOldGen       total 102400K, used 101897K [0x0000000080000000, 0x0000000086400000, 0x00000000d5580000)
  object space 102400K, 99% used [0x0000000080000000,0x00000000863825b8,0x0000000086400000)
 Metaspace       used 69352K, committed 70912K, reserved 1114112K
  class space    used 7010K, committed 7680K, reserved 1048576K
}
Event: 33.454 GC heap before
{Heap before GC invocations=80 (full 3):
 PSYoungGen      total 14336K, used 14312K [0x00000000d5580000, 0x00000000d6600000, 0x0000000100000000)
  eden space 13824K, 100% used [0x00000000d5580000,0x00000000d6300000,0x00000000d6300000)
  from space 512K, 95% used [0x00000000d6500000,0x00000000d657a3c0,0x00000000d6580000)
  to   space 1536K, 0% used [0x00000000d6300000,0x00000000d6300000,0x00000000d6480000)
 ParOldGen       total 102400K, used 101897K [0x0000000080000000, 0x0000000086400000, 0x00000000d5580000)
  object space 102400K, 99% used [0x0000000080000000,0x00000000863825b8,0x0000000086400000)
 Metaspace       used 69386K, committed 70976K, reserved 1114112K
  class space    used 7011K, committed 7680K, reserved 1048576K
}
Event: 33.456 GC heap after
{Heap after GC invocations=80 (full 3):
 PSYoungGen      total 15360K, used 648K [0x00000000d5580000, 0x00000000d6580000, 0x0000000100000000)
  eden space 13824K, 0% used [0x00000000d5580000,0x00000000d5580000,0x00000000d6300000)
  from space 1536K, 42% used [0x00000000d6300000,0x00000000d63a2078,0x00000000d6480000)
  to   space 1024K, 0% used [0x00000000d6480000,0x00000000d6480000,0x00000000d6580000)
 ParOldGen       total 102400K, used 102017K [0x0000000080000000, 0x0000000086400000, 0x00000000d5580000)
  object space 102400K, 99% used [0x0000000080000000,0x00000000863a05b8,0x0000000086400000)
 Metaspace       used 69386K, committed 70976K, reserved 1114112K
  class space    used 7011K, committed 7680K, reserved 1048576K
}
Event: 33.481 GC heap before
{Heap before GC invocations=81 (full 3):
 PSYoungGen      total 15360K, used 14472K [0x00000000d5580000, 0x00000000d6580000, 0x0000000100000000)
  eden space 13824K, 100% used [0x00000000d5580000,0x00000000d6300000,0x00000000d6300000)
  from space 1536K, 42% used [0x00000000d6300000,0x00000000d63a2078,0x00000000d6480000)
  to   space 1024K, 0% used [0x00000000d6480000,0x00000000d6480000,0x00000000d6580000)
 ParOldGen       total 102400K, used 102017K [0x0000000080000000, 0x0000000086400000, 0x00000000d5580000)
  object space 102400K, 99% used [0x0000000080000000,0x00000000863a05b8,0x0000000086400000)
 Metaspace       used 69394K, committed 70976K, reserved 1114112K
  class space    used 7011K, committed 7680K, reserved 1048576K
}
Event: 33.483 GC heap after
{Heap after GC invocations=81 (full 3):
 PSYoungGen      total 14848K, used 553K [0x00000000d5580000, 0x00000000d6580000, 0x0000000100000000)
  eden space 13824K, 0% used [0x00000000d5580000,0x00000000d5580000,0x00000000d6300000)
  from space 1024K, 54% used [0x00000000d6480000,0x00000000d650a718,0x00000000d6580000)
  to   space 1024K, 0% used [0x00000000d6380000,0x00000000d6380000,0x00000000d6480000)
 ParOldGen       total 102400K, used 102349K [0x0000000080000000, 0x0000000086400000, 0x00000000d5580000)
  object space 102400K, 99% used [0x0000000080000000,0x00000000863f3428,0x0000000086400000)
 Metaspace       used 69394K, committed 70976K, reserved 1114112K
  class space    used 7011K, committed 7680K, reserved 1048576K
}
Event: 33.511 GC heap before
{Heap before GC invocations=82 (full 3):
 PSYoungGen      total 14848K, used 14377K [0x00000000d5580000, 0x00000000d6580000, 0x0000000100000000)
  eden space 13824K, 100% used [0x00000000d5580000,0x00000000d6300000,0x00000000d6300000)
  from space 1024K, 54% used [0x00000000d6480000,0x00000000d650a718,0x00000000d6580000)
  to   space 1024K, 0% used [0x00000000d6380000,0x00000000d6380000,0x00000000d6480000)
 ParOldGen       total 102400K, used 102349K [0x0000000080000000, 0x0000000086400000, 0x00000000d5580000)
  object space 102400K, 99% used [0x0000000080000000,0x00000000863f3428,0x0000000086400000)
 Metaspace       used 69394K, committed 70976K, reserved 1114112K
  class space    used 7011K, committed 7680K, reserved 1048576K
}
Event: 33.513 GC heap after
{Heap after GC invocations=82 (full 3):
 PSYoungGen      total 14848K, used 1015K [0x00000000d5580000, 0x00000000d6600000, 0x0000000100000000)
  eden space 13824K, 0% used [0x00000000d5580000,0x00000000d5580000,0x00000000d6300000)
  from space 1024K, 99% used [0x00000000d6380000,0x00000000d647df80,0x00000000d6480000)
  to   space 1536K, 0% used [0x00000000d6480000,0x00000000d6480000,0x00000000d6600000)
 ParOldGen       total 102912K, used 102600K [0x0000000080000000, 0x0000000086480000, 0x00000000d5580000)
  object space 102912K, 99% used [0x0000000080000000,0x00000000864322e0,0x0000000086480000)
 Metaspace       used 69394K, committed 70976K, reserved 1114112K
  class space    used 7011K, committed 7680K, reserved 1048576K
}
Event: 33.554 GC heap before
{Heap before GC invocations=83 (full 3):
 PSYoungGen      total 14848K, used 14839K [0x00000000d5580000, 0x00000000d6600000, 0x0000000100000000)
  eden space 13824K, 100% used [0x00000000d5580000,0x00000000d6300000,0x00000000d6300000)
  from space 1024K, 99% used [0x00000000d6380000,0x00000000d647df80,0x00000000d6480000)
  to   space 1536K, 0% used [0x00000000d6480000,0x00000000d6480000,0x00000000d6600000)
 ParOldGen       total 102912K, used 102600K [0x0000000080000000, 0x0000000086480000, 0x00000000d5580000)
  object space 102912K, 99% used [0x0000000080000000,0x00000000864322e0,0x0000000086480000)
 Metaspace       used 69394K, committed 70976K, reserved 1114112K
  class space    used 7011K, committed 7680K, reserved 1048576K
}
Event: 33.556 GC heap after
{Heap after GC invocations=83 (full 3):
 PSYoungGen      total 14336K, used 491K [0x00000000d5580000, 0x00000000d6500000, 0x0000000100000000)
  eden space 13824K, 0% used [0x00000000d5580000,0x00000000d5580000,0x00000000d6300000)
  from space 512K, 95% used [0x00000000d6480000,0x00000000d64fad60,0x00000000d6500000)
  to   space 1024K, 0% used [0x00000000d6300000,0x00000000d6300000,0x00000000d6400000)
 ParOldGen       total 103424K, used 103311K [0x0000000080000000, 0x0000000086500000, 0x00000000d5580000)
  object space 103424K, 99% used [0x0000000080000000,0x00000000864e3d80,0x0000000086500000)
 Metaspace       used 69394K, committed 70976K, reserved 1114112K
  class space    used 7011K, committed 7680K, reserved 1048576K
}
Event: 33.589 GC heap before
{Heap before GC invocations=84 (full 3):
 PSYoungGen      total 14336K, used 14315K [0x00000000d5580000, 0x00000000d6500000, 0x0000000100000000)
  eden space 13824K, 100% used [0x00000000d5580000,0x00000000d6300000,0x00000000d6300000)
  from space 512K, 95% used [0x00000000d6480000,0x00000000d64fad60,0x00000000d6500000)
  to   space 1024K, 0% used [0x00000000d6300000,0x00000000d6300000,0x00000000d6400000)
 ParOldGen       total 103424K, used 103311K [0x0000000080000000, 0x0000000086500000, 0x00000000d5580000)
  object space 103424K, 99% used [0x0000000080000000,0x00000000864e3d80,0x0000000086500000)
 Metaspace       used 69394K, committed 70976K, reserved 1114112K
  class space    used 7011K, committed 7680K, reserved 1048576K
}
Event: 33.591 GC heap after
{Heap after GC invocations=84 (full 3):
 PSYoungGen      total 14848K, used 554K [0x00000000d5580000, 0x00000000d6500000, 0x0000000100000000)
  eden space 13824K, 0% used [0x00000000d5580000,0x00000000d5580000,0x00000000d6300000)
  from space 1024K, 54% used [0x00000000d6300000,0x00000000d638ab90,0x00000000d6400000)
  to   space 1024K, 0% used [0x00000000d6400000,0x00000000d6400000,0x00000000d6500000)
 ParOldGen       total 103936K, used 103573K [0x0000000080000000, 0x0000000086580000, 0x00000000d5580000)
  object space 103936K, 99% used [0x0000000080000000,0x0000000086525530,0x0000000086580000)
 Metaspace       used 69394K, committed 70976K, reserved 1114112K
  class space    used 7011K, committed 7680K, reserved 1048576K
}
Event: 33.622 GC heap before
{Heap before GC invocations=85 (full 3):
 PSYoungGen      total 14848K, used 14378K [0x00000000d5580000, 0x00000000d6500000, 0x0000000100000000)
  eden space 13824K, 100% used [0x00000000d5580000,0x00000000d6300000,0x00000000d6300000)
  from space 1024K, 54% used [0x00000000d6300000,0x00000000d638ab90,0x00000000d6400000)
  to   space 1024K, 0% used [0x00000000d6400000,0x00000000d6400000,0x00000000d6500000)
 ParOldGen       total 103936K, used 103573K [0x0000000080000000, 0x0000000086580000, 0x00000000d5580000)
  object space 103936K, 99% used [0x0000000080000000,0x0000000086525530,0x0000000086580000)
 Metaspace       used 69395K, committed 70976K, reserved 1114112K
  class space    used 7011K, committed 7680K, reserved 1048576K
}
Event: 33.625 GC heap after
{Heap after GC invocations=85 (full 3):
 PSYoungGen      total 14848K, used 686K [0x00000000d5580000, 0x00000000d6500000, 0x0000000100000000)
  eden space 13824K, 0% used [0x00000000d5580000,0x00000000d5580000,0x00000000d6300000)
  from space 1024K, 67% used [0x00000000d6400000,0x00000000d64ab9c0,0x00000000d6500000)
  to   space 1024K, 0% used [0x00000000d6300000,0x00000000d6300000,0x00000000d6400000)
 ParOldGen       total 103936K, used 103923K [0x0000000080000000, 0x0000000086580000, 0x00000000d5580000)
  object space 103936K, 99% used [0x0000000080000000,0x000000008657cc30,0x0000000086580000)
 Metaspace       used 69395K, committed 70976K, reserved 1114112K
  class space    used 7011K, committed 7680K, reserved 1048576K
}
Event: 33.649 GC heap before
{Heap before GC invocations=86 (full 3):
 PSYoungGen      total 14848K, used 14510K [0x00000000d5580000, 0x00000000d6500000, 0x0000000100000000)
  eden space 13824K, 100% used [0x00000000d5580000,0x00000000d6300000,0x00000000d6300000)
  from space 1024K, 67% used [0x00000000d6400000,0x00000000d64ab9c0,0x00000000d6500000)
  to   space 1024K, 0% used [0x00000000d6300000,0x00000000d6300000,0x00000000d6400000)
 ParOldGen       total 103936K, used 103923K [0x0000000080000000, 0x0000000086580000, 0x00000000d5580000)
  object space 103936K, 99% used [0x0000000080000000,0x000000008657cc30,0x0000000086580000)
 Metaspace       used 69407K, committed 70976K, reserved 1114112K
  class space    used 7011K, committed 7680K, reserved 1048576K
}
Event: 33.650 GC heap after
{Heap after GC invocations=86 (full 3):
 PSYoungGen      total 14848K, used 789K [0x00000000d5580000, 0x00000000d6500000, 0x0000000100000000)
  eden space 13824K, 0% used [0x00000000d5580000,0x00000000d5580000,0x00000000d6300000)
  from space 1024K, 77% used [0x00000000d6300000,0x00000000d63c55c0,0x00000000d6400000)
  to   space 1024K, 0% used [0x00000000d6400000,0x00000000d6400000,0x00000000d6500000)
 ParOldGen       total 104448K, used 104186K [0x0000000080000000, 0x0000000086600000, 0x00000000d5580000)
  object space 104448K, 99% used [0x0000000080000000,0x00000000865beae0,0x0000000086600000)
 Metaspace       used 69407K, committed 70976K, reserved 1114112K
  class space    used 7011K, committed 7680K, reserved 1048576K
}
Event: 33.671 GC heap before
{Heap before GC invocations=87 (full 3):
 PSYoungGen      total 14848K, used 14613K [0x00000000d5580000, 0x00000000d6500000, 0x0000000100000000)
  eden space 13824K, 100% used [0x00000000d5580000,0x00000000d6300000,0x00000000d6300000)
  from space 1024K, 77% used [0x00000000d6300000,0x00000000d63c55c0,0x00000000d6400000)
  to   space 1024K, 0% used [0x00000000d6400000,0x00000000d6400000,0x00000000d6500000)
 ParOldGen       total 104448K, used 104186K [0x0000000080000000, 0x0000000086600000, 0x00000000d5580000)
  object space 104448K, 99% used [0x0000000080000000,0x00000000865beae0,0x0000000086600000)
 Metaspace       used 69407K, committed 70976K, reserved 1114112K
  class space    used 7011K, committed 7680K, reserved 1048576K
}

Dll operation events (10 events):
Event: 0.006 Loaded shared library c:\Users\Leonardo\.vscode\extensions\redhat.java-1.54.0-win32-x64\jre\21.0.10-win32-x86_64\bin\java.dll
Event: 0.055 Loaded shared library c:\Users\Leonardo\.vscode\extensions\redhat.java-1.54.0-win32-x64\jre\21.0.10-win32-x86_64\bin\zip.dll
Event: 0.070 Loaded shared library C:\Users\Leonardo\.vscode\extensions\redhat.java-1.54.0-win32-x64\jre\21.0.10-win32-x86_64\bin\instrument.dll
Event: 0.074 Loaded shared library C:\Users\Leonardo\.vscode\extensions\redhat.java-1.54.0-win32-x64\jre\21.0.10-win32-x86_64\bin\net.dll
Event: 0.076 Loaded shared library C:\Users\Leonardo\.vscode\extensions\redhat.java-1.54.0-win32-x64\jre\21.0.10-win32-x86_64\bin\nio.dll
Event: 0.079 Loaded shared library C:\Users\Leonardo\.vscode\extensions\redhat.java-1.54.0-win32-x64\jre\21.0.10-win32-x86_64\bin\zip.dll
Event: 0.092 Loaded shared library C:\Users\Leonardo\.vscode\extensions\redhat.java-1.54.0-win32-x64\jre\21.0.10-win32-x86_64\bin\jimage.dll
Event: 0.153 Loaded shared library c:\Users\Leonardo\.vscode\extensions\redhat.java-1.54.0-win32-x64\jre\21.0.10-win32-x86_64\bin\verify.dll
Event: 9.304 Loaded shared library C:\Users\Leonardo\AppData\Roaming\Code\User\globalStorage\redhat.java\1.54.0\config_win\org.eclipse.equinox.launcher\org.eclipse.equinox.launcher.win32.win32.x86_64_1.3.0.v20260203-2149\eclipse_11919.dll
Event: 16.735 Loaded shared library C:\Users\Leonardo\AppData\Local\Temp\jna-2035583412\jna2237943292733870478.dll

Deoptimization events (20 events):
Event: 33.622 Thread 0x000002a4722b4ed0 DEOPT PACKING pc=0x000002a456519ad3 sp=0x000000d94a4fe030
Event: 33.622 Thread 0x000002a4722b4ed0 DEOPT UNPACKING pc=0x000002a45ce14242 sp=0x000000d94a4fd518 mode 0
Event: 33.638 Thread 0x000002a4722b4ed0 DEOPT PACKING pc=0x000002a456519ad3 sp=0x000000d94a4fe030
Event: 33.638 Thread 0x000002a4722b4ed0 DEOPT UNPACKING pc=0x000002a45ce14242 sp=0x000000d94a4fd518 mode 0
Event: 33.643 Thread 0x000002a4722b4ed0 DEOPT PACKING pc=0x000002a456519ad3 sp=0x000000d94a4fe030
Event: 33.643 Thread 0x000002a4722b4ed0 DEOPT UNPACKING pc=0x000002a45ce14242 sp=0x000000d94a4fd518 mode 0
Event: 33.652 Thread 0x000002a4722b4ed0 DEOPT PACKING pc=0x000002a456519ad3 sp=0x000000d94a4fe030
Event: 33.652 Thread 0x000002a4722b4ed0 DEOPT UNPACKING pc=0x000002a45ce14242 sp=0x000000d94a4fd518 mode 0
Event: 33.654 Thread 0x000002a4722b8350 DEOPT PACKING pc=0x000002a456519ad3 sp=0x000000d94b0fe470
Event: 33.654 Thread 0x000002a4722b8350 DEOPT UNPACKING pc=0x000002a45ce14242 sp=0x000000d94b0fd958 mode 0
Event: 33.656 Thread 0x000002a4722b4ed0 DEOPT PACKING pc=0x000002a456519ad3 sp=0x000000d94a4fe030
Event: 33.656 Thread 0x000002a4722b4ed0 DEOPT UNPACKING pc=0x000002a45ce14242 sp=0x000000d94a4fd518 mode 0
Event: 33.660 Thread 0x000002a4722b4ed0 DEOPT PACKING pc=0x000002a456519ad3 sp=0x000000d94a4fe030
Event: 33.660 Thread 0x000002a4722b4ed0 DEOPT UNPACKING pc=0x000002a45ce14242 sp=0x000000d94a4fd518 mode 0
Event: 33.662 Thread 0x000002a4722b8350 DEOPT PACKING pc=0x000002a456519ad3 sp=0x000000d94b0fe390
Event: 33.662 Thread 0x000002a4722b8350 DEOPT UNPACKING pc=0x000002a45ce14242 sp=0x000000d94b0fd878 mode 0
Event: 33.663 Thread 0x000002a4722b8350 DEOPT PACKING pc=0x000002a456519ad3 sp=0x000000d94b0fe390
Event: 33.663 Thread 0x000002a4722b8350 DEOPT UNPACKING pc=0x000002a45ce14242 sp=0x000000d94b0fd878 mode 0
Event: 33.665 Thread 0x000002a4722b4ed0 DEOPT PACKING pc=0x000002a456519ad3 sp=0x000000d94a4fe030
Event: 33.666 Thread 0x000002a4722b4ed0 DEOPT UNPACKING pc=0x000002a45ce14242 sp=0x000000d94a4fd518 mode 0

Classes loaded (20 events):
Event: 32.463 Loading class java/util/concurrent/CompletableFuture$UniExceptionally
Event: 32.463 Loading class java/util/concurrent/CompletableFuture$UniExceptionally done
Event: 32.514 Loading class java/util/Collections$SynchronizedRandomAccessList
Event: 32.515 Loading class java/util/Collections$SynchronizedList
Event: 32.516 Loading class java/util/Collections$SynchronizedList done
Event: 32.516 Loading class java/util/Collections$SynchronizedRandomAccessList done
Event: 32.545 Loading class java/util/concurrent/CompletableFuture$Signaller
Event: 32.546 Loading class java/util/concurrent/CompletableFuture$Signaller done
Event: 32.773 Loading class java/nio/charset/CharacterCodingException
Event: 32.774 Loading class java/nio/charset/CharacterCodingException done
Event: 32.774 Loading class java/io/SequenceInputStream
Event: 32.774 Loading class java/io/SequenceInputStream done
Event: 32.875 Loading class javax/xml/transform/TransformerConfigurationException
Event: 32.877 Loading class javax/xml/transform/TransformerConfigurationException done
Event: 32.940 Loading class java/util/Hashtable$KeySet
Event: 32.941 Loading class java/util/Hashtable$KeySet done
Event: 33.191 Loading class java/lang/invoke/MethodHandleImpl$CountingWrapper$1
Event: 33.200 Loading class java/lang/invoke/MethodHandleImpl$CountingWrapper$1 done
Event: 33.316 Loading class java/lang/UnsupportedClassVersionError
Event: 33.324 Loading class java/lang/UnsupportedClassVersionError done

Classes unloaded (7 events):
Event: 17.235 Thread 0x000002a452704a10 Unloading class 0x000002a4011ac000 'java/lang/invoke/LambdaForm$MH+0x000002a4011ac000'
Event: 17.235 Thread 0x000002a452704a10 Unloading class 0x000002a4011abc00 'java/lang/invoke/LambdaForm$MH+0x000002a4011abc00'
Event: 17.235 Thread 0x000002a452704a10 Unloading class 0x000002a4011ab800 'java/lang/invoke/LambdaForm$MH+0x000002a4011ab800'
Event: 17.235 Thread 0x000002a452704a10 Unloading class 0x000002a4011ab400 'java/lang/invoke/LambdaForm$MH+0x000002a4011ab400'
Event: 17.235 Thread 0x000002a452704a10 Unloading class 0x000002a4011ab000 'java/lang/invoke/LambdaForm$BMH+0x000002a4011ab000'
Event: 17.235 Thread 0x000002a452704a10 Unloading class 0x000002a4011aac00 'java/lang/invoke/LambdaForm$DMH+0x000002a4011aac00'
Event: 17.235 Thread 0x000002a452704a10 Unloading class 0x000002a4011a9800 'java/lang/invoke/LambdaForm$DMH+0x000002a4011a9800'

Classes redefined (0 events):
No events

Internal exceptions (20 events):
Event: 32.831 Thread 0x000002a4722b20e0 Exception <a 'sun/nio/fs/WindowsException'{0x00000000d5de5c70}> (0x00000000d5de5c70) 
thrown [s\src\hotspot\share\prims\jni.cpp, line 520]
Event: 32.831 Thread 0x000002a4722b20e0 Exception <a 'sun/nio/fs/WindowsException'{0x00000000d5de6398}> (0x00000000d5de6398) 
thrown [s\src\hotspot\share\prims\jni.cpp, line 520]
Event: 32.832 Thread 0x000002a4722b20e0 Exception <a 'sun/nio/fs/WindowsException'{0x00000000d5de7218}> (0x00000000d5de7218) 
thrown [s\src\hotspot\share\prims\jni.cpp, line 520]
Event: 32.832 Thread 0x000002a4722b20e0 Exception <a 'sun/nio/fs/WindowsException'{0x00000000d5de7b88}> (0x00000000d5de7b88) 
thrown [s\src\hotspot\share\prims\jni.cpp, line 520]
Event: 32.835 Thread 0x000002a4722b20e0 Exception <a 'java/lang/IncompatibleClassChangeError'{0x00000000d5e0a9d0}: Found class java.lang.Object, but interface was expected> (0x00000000d5e0a9d0) 
thrown [s\src\hotspot\share\interpreter\linkResolver.cpp, line 840]
Event: 32.843 Thread 0x000002a4722b20e0 Exception <a 'java/lang/IncompatibleClassChangeError'{0x00000000d5ee5b80}: Found class java.lang.Object, but interface was expected> (0x00000000d5ee5b80) 
thrown [s\src\hotspot\share\interpreter\linkResolver.cpp, line 840]
Event: 32.943 Thread 0x000002a4722b4840 Implicit null exception at 0x000002a45d66aa63 to 0x000002a45d66b714
Event: 32.966 Thread 0x000002a4700db440 Exception <a 'sun/nio/fs/WindowsException'{0x00000000d57736b0}> (0x00000000d57736b0) 
thrown [s\src\hotspot\share\prims\jni.cpp, line 520]
Event: 32.966 Thread 0x000002a4700db440 Exception <a 'sun/nio/fs/WindowsException'{0x00000000d5773dd8}> (0x00000000d5773dd8) 
thrown [s\src\hotspot\share\prims\jni.cpp, line 520]
Event: 32.967 Thread 0x000002a4700db440 Exception <a 'sun/nio/fs/WindowsException'{0x00000000d5798c58}> (0x00000000d5798c58) 
thrown [s\src\hotspot\share\prims\jni.cpp, line 520]
Event: 32.967 Thread 0x000002a4700db440 Exception <a 'sun/nio/fs/WindowsException'{0x00000000d5799380}> (0x00000000d5799380) 
thrown [s\src\hotspot\share\prims\jni.cpp, line 520]
Event: 32.970 Thread 0x000002a4700db440 Exception <a 'java/io/FileNotFoundException'{0x00000000d57c2d00}> (0x00000000d57c2d00) 
thrown [s\src\hotspot\share\prims\jni.cpp, line 520]
Event: 32.970 Thread 0x000002a4700db440 Exception <a 'java/io/FileNotFoundException'{0x00000000d57c3ac8}> (0x00000000d57c3ac8) 
thrown [s\src\hotspot\share\prims\jni.cpp, line 520]
Event: 32.975 Thread 0x000002a4700db440 Exception <a 'sun/nio/fs/WindowsException'{0x00000000d58bf398}> (0x00000000d58bf398) 
thrown [s\src\hotspot\share\prims\jni.cpp, line 520]
Event: 32.975 Thread 0x000002a4700db440 Exception <a 'sun/nio/fs/WindowsException'{0x00000000d58bfac0}> (0x00000000d58bfac0) 
thrown [s\src\hotspot\share\prims\jni.cpp, line 520]
Event: 32.991 Thread 0x000002a4700db440 Exception <a 'sun/nio/fs/WindowsException'{0x00000000d5d8f948}> (0x00000000d5d8f948) 
thrown [s\src\hotspot\share\prims\jni.cpp, line 520]
Event: 32.991 Thread 0x000002a4700db440 Exception <a 'sun/nio/fs/WindowsException'{0x00000000d5d90070}> (0x00000000d5d90070) 
thrown [s\src\hotspot\share\prims\jni.cpp, line 520]
Event: 33.203 Thread 0x000002a4722b20e0 Exception <a 'java/lang/IncompatibleClassChangeError'{0x00000000d56fc478}: Found class java.lang.Object, but interface was expected> (0x00000000d56fc478) 
thrown [s\src\hotspot\share\interpreter\linkResolver.cpp, line 840]
Event: 33.231 Thread 0x000002a4700de230 Exception <a 'java/lang/NoSuchMethodError'{0x00000000d61b5f98}: 'java.lang.Object java.lang.invoke.DirectMethodHandle$Holder.invokeSpecial(java.lang.Object, java.lang.Object, int, long)'> (0x00000000d61b5f98) 
thrown [s\src\hotspot\share\interpreter\linkResolver.cpp, line 773]
Event: 33.351 Thread 0x000002a4722b4ed0 Exception <a 'java/lang/NoSuchMethodError'{0x00000000d58b6270}: 'int java.lang.invoke.Invokers$Holder.invokeExact_MT(java.lang.Object, java.lang.Object)'> (0x00000000d58b6270) 
thrown [s\src\hotspot\share\interpreter\linkResolver.cpp, line 773]

ZGC Phase Switch (0 events):
No events

VM Operations (20 events):
Event: 33.341 Executing non-safepoint VM operation: HandshakeAllThreads (Deoptimize) done
Event: 33.406 Executing safepoint VM operation: ParallelGCFailedAllocation (Allocation Failure)
Event: 33.416 Executing safepoint VM operation: ParallelGCFailedAllocation (Allocation Failure) done
Event: 33.416 Executing non-safepoint VM operation: HandshakeAllThreads (Deoptimize)
Event: 33.417 Executing non-safepoint VM operation: HandshakeAllThreads (Deoptimize) done
Event: 33.454 Executing safepoint VM operation: ParallelGCFailedAllocation (Allocation Failure)
Event: 33.456 Executing safepoint VM operation: ParallelGCFailedAllocation (Allocation Failure) done
Event: 33.480 Executing safepoint VM operation: ParallelGCFailedAllocation (Allocation Failure)
Event: 33.484 Executing safepoint VM operation: ParallelGCFailedAllocation (Allocation Failure) done
Event: 33.511 Executing safepoint VM operation: ParallelGCFailedAllocation (Allocation Failure)
Event: 33.513 Executing safepoint VM operation: ParallelGCFailedAllocation (Allocation Failure) done
Event: 33.551 Executing safepoint VM operation: ParallelGCFailedAllocation (Allocation Failure)
Event: 33.556 Executing safepoint VM operation: ParallelGCFailedAllocation (Allocation Failure) done
Event: 33.589 Executing safepoint VM operation: ParallelGCFailedAllocation (Allocation Failure)
Event: 33.591 Executing safepoint VM operation: ParallelGCFailedAllocation (Allocation Failure) done
Event: 33.622 Executing safepoint VM operation: ParallelGCFailedAllocation (Allocation Failure)
Event: 33.625 Executing safepoint VM operation: ParallelGCFailedAllocation (Allocation Failure) done
Event: 33.649 Executing safepoint VM operation: ParallelGCFailedAllocation (Allocation Failure)
Event: 33.650 Executing safepoint VM operation: ParallelGCFailedAllocation (Allocation Failure) done
Event: 33.671 Executing safepoint VM operation: ParallelGCFailedAllocation (Allocation Failure)

Memory protections (0 events):
No events

Nmethod flushes (20 events):
Event: 24.895 Thread 0x000002a452704a10 flushing  nmethod 0x000002a4562d2990
Event: 24.895 Thread 0x000002a452704a10 flushing  nmethod 0x000002a4562ece10
Event: 24.895 Thread 0x000002a452704a10 flushing  nmethod 0x000002a456306010
Event: 24.895 Thread 0x000002a452704a10 flushing  nmethod 0x000002a45633f210
Event: 24.895 Thread 0x000002a452704a10 flushing osr nmethod 0x000002a4563a6e90
Event: 24.895 Thread 0x000002a452704a10 flushing  nmethod 0x000002a4563bd090
Event: 24.895 Thread 0x000002a452704a10 flushing  nmethod 0x000002a4563d4210
Event: 24.895 Thread 0x000002a452704a10 flushing  nmethod 0x000002a4563d4b90
Event: 24.895 Thread 0x000002a452704a10 flushing  nmethod 0x000002a4563d7e10
Event: 24.895 Thread 0x000002a452704a10 flushing  nmethod 0x000002a4563dfb90
Event: 24.895 Thread 0x000002a452704a10 flushing  nmethod 0x000002a4563e9b90
Event: 24.895 Thread 0x000002a452704a10 flushing  nmethod 0x000002a4563ea190
Event: 24.895 Thread 0x000002a452704a10 flushing  nmethod 0x000002a4563f0310
Event: 24.895 Thread 0x000002a452704a10 flushing  nmethod 0x000002a4563f4190
Event: 24.895 Thread 0x000002a452704a10 flushing  nmethod 0x000002a456400e10
Event: 24.895 Thread 0x000002a452704a10 flushing  nmethod 0x000002a456416a90
Event: 24.895 Thread 0x000002a452704a10 flushing  nmethod 0x000002a456417090
Event: 24.895 Thread 0x000002a452704a10 flushing  nmethod 0x000002a456417910
Event: 24.895 Thread 0x000002a452704a10 flushing  nmethod 0x000002a456419410
Event: 24.895 Thread 0x000002a452704a10 flushing  nmethod 0x000002a45641af90

Events (20 events):
Event: 29.523 Thread 0x000002a4700db440 Thread added: 0x000002a470519ad0
Event: 29.523 Thread 0x000002a4700db440 Thread added: 0x000002a470512b40
Event: 29.523 Thread 0x000002a4700db440 Thread added: 0x000002a47051a160
Event: 31.467 Thread 0x000002a4705152a0 Thread exited: 0x000002a4705152a0
Event: 31.467 Thread 0x000002a470512b40 Thread exited: 0x000002a470512b40
Event: 31.467 Thread 0x000002a470515fc0 Thread exited: 0x000002a470515fc0
Event: 31.467 Thread 0x000002a47051a160 Thread exited: 0x000002a47051a160
Event: 31.467 Thread 0x000002a470519ad0 Thread exited: 0x000002a470519ad0
Event: 31.761 Thread 0x000002a4700db440 Thread added: 0x000002a470518720
Event: 31.761 Thread 0x000002a4700db440 Thread added: 0x000002a470517370
Event: 31.761 Thread 0x000002a4700db440 Thread added: 0x000002a4705152a0
Event: 31.761 Thread 0x000002a4700db440 Thread added: 0x000002a470513860
Event: 31.761 Thread 0x000002a4700db440 Thread added: 0x000002a470518090
Event: 31.783 Thread 0x000002a470513860 Thread exited: 0x000002a470513860
Event: 31.784 Thread 0x000002a470518720 Thread exited: 0x000002a470518720
Event: 31.784 Thread 0x000002a470517370 Thread exited: 0x000002a470517370
Event: 31.784 Thread 0x000002a470518090 Thread exited: 0x000002a470518090
Event: 31.784 Thread 0x000002a4705152a0 Thread exited: 0x000002a4705152a0
Event: 32.040 Thread 0x000002a4700de8c0 Thread added: 0x000002a470519ad0
Event: 32.420 Thread 0x000002a470519ad0 Thread exited: 0x000002a470519ad0


Dynamic libraries:
0x00007ff729fa0000 - 0x00007ff729fae000 	c:\Users\Leonardo\.vscode\extensions\redhat.java-1.54.0-win32-x64\jre\21.0.10-win32-x86_64\bin\java.exe
0x00007ffe92cf0000 - 0x00007ffe92ee8000 	C:\Windows\SYSTEM32\ntdll.dll
0x00007ffe92390000 - 0x00007ffe92452000 	C:\Windows\System32\KERNEL32.DLL
0x00007ffe90880000 - 0x00007ffe90b76000 	C:\Windows\System32\KERNELBASE.dll
0x00007ffe90700000 - 0x00007ffe90800000 	C:\Windows\System32\ucrtbase.dll
0x00007ffe75000000 - 0x00007ffe75018000 	c:\Users\Leonardo\.vscode\extensions\redhat.java-1.54.0-win32-x64\jre\21.0.10-win32-x86_64\bin\jli.dll
0x00007ffe76fa0000 - 0x00007ffe76fbe000 	c:\Users\Leonardo\.vscode\extensions\redhat.java-1.54.0-win32-x64\jre\21.0.10-win32-x86_64\bin\VCRUNTIME140.dll
0x00007ffe92460000 - 0x00007ffe92601000 	C:\Windows\System32\USER32.dll
0x00007ffe904d0000 - 0x00007ffe904f2000 	C:\Windows\System32\win32u.dll
0x00007ffe7fa30000 - 0x00007ffe7fccb000 	C:\Windows\WinSxS\amd64_microsoft.windows.common-controls_6595b64144ccf1df_6.0.19041.6456_none_60b8a6cb71f64256\COMCTL32.dll
0x00007ffe92970000 - 0x00007ffe9299b000 	C:\Windows\System32\GDI32.dll
0x00007ffe921e0000 - 0x00007ffe9227e000 	C:\Windows\System32\msvcrt.dll
0x00007ffe90380000 - 0x00007ffe90499000 	C:\Windows\System32\gdi32full.dll
0x00007ffe90660000 - 0x00007ffe906fd000 	C:\Windows\System32\msvcp_win.dll
0x00007ffe92280000 - 0x00007ffe922af000 	C:\Windows\System32\IMM32.DLL
0x00007ffe8c780000 - 0x00007ffe8c78c000 	c:\Users\Leonardo\.vscode\extensions\redhat.java-1.54.0-win32-x64\jre\21.0.10-win32-x86_64\bin\vcruntime140_1.dll
0x00007ffe5fe00000 - 0x00007ffe5fe8d000 	c:\Users\Leonardo\.vscode\extensions\redhat.java-1.54.0-win32-x64\jre\21.0.10-win32-x86_64\bin\msvcp140.dll
0x00007ffde9f00000 - 0x00007ffdeaca1000 	c:\Users\Leonardo\.vscode\extensions\redhat.java-1.54.0-win32-x64\jre\21.0.10-win32-x86_64\bin\server\jvm.dll
0x00007ffe91080000 - 0x00007ffe91131000 	C:\Windows\System32\ADVAPI32.dll
0x00007ffe929b0000 - 0x00007ffe92a4f000 	C:\Windows\System32\sechost.dll
0x00007ffe91140000 - 0x00007ffe91260000 	C:\Windows\System32\RPCRT4.dll
0x00007ffe904a0000 - 0x00007ffe904c7000 	C:\Windows\System32\bcrypt.dll
0x00007ffe92170000 - 0x00007ffe921db000 	C:\Windows\System32\WS2_32.dll
0x00007ffe8fef0000 - 0x00007ffe8ff3b000 	C:\Windows\SYSTEM32\POWRPROF.dll
0x00007ffe866a0000 - 0x00007ffe866c7000 	C:\Windows\SYSTEM32\WINMM.dll
0x00007ffe866d0000 - 0x00007ffe866da000 	C:\Windows\SYSTEM32\VERSION.dll
0x00007ffe8fde0000 - 0x00007ffe8fdf2000 	C:\Windows\SYSTEM32\UMPDC.dll
0x00007ffe8eb50000 - 0x00007ffe8eb62000 	C:\Windows\SYSTEM32\kernel.appcore.dll
0x00007ffe89f60000 - 0x00007ffe89f6a000 	c:\Users\Leonardo\.vscode\extensions\redhat.java-1.54.0-win32-x64\jre\21.0.10-win32-x86_64\bin\jimage.dll
0x00007ffe8df40000 - 0x00007ffe8e141000 	C:\Windows\SYSTEM32\DBGHELP.DLL
0x00007ffe7e440000 - 0x00007ffe7e474000 	C:\Windows\SYSTEM32\dbgcore.DLL
0x00007ffe90c80000 - 0x00007ffe90d02000 	C:\Windows\System32\bcryptPrimitives.dll
0x00007ffe83920000 - 0x00007ffe8392f000 	c:\Users\Leonardo\.vscode\extensions\redhat.java-1.54.0-win32-x64\jre\21.0.10-win32-x86_64\bin\instrument.dll
0x00007ffe6d960000 - 0x00007ffe6d980000 	c:\Users\Leonardo\.vscode\extensions\redhat.java-1.54.0-win32-x64\jre\21.0.10-win32-x86_64\bin\java.dll
0x00007ffe919a0000 - 0x00007ffe92110000 	C:\Windows\System32\SHELL32.dll
0x00007ffe8e390000 - 0x00007ffe8eb35000 	C:\Windows\SYSTEM32\windows.storage.dll
0x00007ffe92610000 - 0x00007ffe92964000 	C:\Windows\System32\combase.dll
0x00007ffe8fd40000 - 0x00007ffe8fd6b000 	C:\Windows\SYSTEM32\Wldp.dll
0x00007ffe922c0000 - 0x00007ffe9238d000 	C:\Windows\System32\OLEAUT32.dll
0x00007ffe92a50000 - 0x00007ffe92afd000 	C:\Windows\System32\SHCORE.dll
0x00007ffe92110000 - 0x00007ffe9216b000 	C:\Windows\System32\shlwapi.dll
0x00007ffe902b0000 - 0x00007ffe902d4000 	C:\Windows\SYSTEM32\profapi.dll
0x00007ffe6fa40000 - 0x00007ffe6fa58000 	c:\Users\Leonardo\.vscode\extensions\redhat.java-1.54.0-win32-x64\jre\21.0.10-win32-x86_64\bin\zip.dll
0x00007ffe7b550000 - 0x00007ffe7b560000 	C:\Users\Leonardo\.vscode\extensions\redhat.java-1.54.0-win32-x64\jre\21.0.10-win32-x86_64\bin\net.dll
0x00007ffe88060000 - 0x00007ffe8816a000 	C:\Windows\SYSTEM32\WINHTTP.dll
0x00007ffe8faa0000 - 0x00007ffe8fb0a000 	C:\Windows\system32\mswsock.dll
0x00007ffe6da70000 - 0x00007ffe6da86000 	C:\Users\Leonardo\.vscode\extensions\redhat.java-1.54.0-win32-x64\jre\21.0.10-win32-x86_64\bin\nio.dll
0x00007ffe77620000 - 0x00007ffe77630000 	c:\Users\Leonardo\.vscode\extensions\redhat.java-1.54.0-win32-x64\jre\21.0.10-win32-x86_64\bin\verify.dll
0x00007ffe67b40000 - 0x00007ffe67b85000 	C:\Users\Leonardo\AppData\Roaming\Code\User\globalStorage\redhat.java\1.54.0\config_win\org.eclipse.equinox.launcher\org.eclipse.equinox.launcher.win32.win32.x86_64_1.3.0.v20260203-2149\eclipse_11919.dll
0x00007ffe91400000 - 0x00007ffe9152b000 	C:\Windows\System32\ole32.dll
0x00007ffe8fc90000 - 0x00007ffe8fca8000 	C:\Windows\SYSTEM32\CRYPTSP.dll
0x00007ffe8f320000 - 0x00007ffe8f358000 	C:\Windows\system32\rsaenh.dll
0x00007ffe90270000 - 0x00007ffe9029e000 	C:\Windows\SYSTEM32\USERENV.dll
0x00007ffe8fcb0000 - 0x00007ffe8fcbc000 	C:\Windows\SYSTEM32\CRYPTBASE.dll
0x00007ffe8f780000 - 0x00007ffe8f7bb000 	C:\Windows\SYSTEM32\IPHLPAPI.DLL
0x00007ffe929a0000 - 0x00007ffe929a8000 	C:\Windows\System32\NSI.dll
0x00007ffe63840000 - 0x00007ffe63889000 	C:\Users\Leonardo\AppData\Local\Temp\jna-2035583412\jna2237943292733870478.dll
0x00007ffe92b00000 - 0x00007ffe92b08000 	C:\Windows\System32\PSAPI.DLL
0x00007ffe89450000 - 0x00007ffe89467000 	C:\Windows\SYSTEM32\dhcpcsvc6.DLL
0x00007ffe893b0000 - 0x00007ffe893cd000 	C:\Windows\SYSTEM32\dhcpcsvc.DLL

JVMTI agents:
c:\Users\Leonardo\.vscode\extensions\redhat.java-1.54.0-win32-x64\lombok\lombok-1.18.39-4050.jar path:c:\Users\Leonardo\.vscode\extensions\redhat.java-1.54.0-win32-x64\jre\21.0.10-win32-x86_64\bin\instrument.dll, loaded, initialized, instrumentlib options:none

dbghelp: loaded successfully - version: 4.0.5 - missing functions: none
symbol engine: initialized successfully - sym options: 0x614 - pdb path: .;c:\Users\Leonardo\.vscode\extensions\redhat.java-1.54.0-win32-x64\jre\21.0.10-win32-x86_64\bin;C:\Windows\SYSTEM32;C:\Windows\WinSxS\amd64_microsoft.windows.common-controls_6595b64144ccf1df_6.0.19041.6456_none_60b8a6cb71f64256;c:\Users\Leonardo\.vscode\extensions\redhat.java-1.54.0-win32-x64\jre\21.0.10-win32-x86_64\bin\server;C:\Users\Leonardo\AppData\Roaming\Code\User\globalStorage\redhat.java\1.54.0\config_win\org.eclipse.equinox.launcher\org.eclipse.equinox.launcher.win32.win32.x86_64_1.3.0.v20260203-2149;C:\Users\Leonardo\AppData\Local\Temp\jna-2035583412

VM Arguments:
jvm_args: --add-modules=ALL-SYSTEM --add-opens=java.base/java.util=ALL-UNNAMED --add-opens=java.base/java.lang=ALL-UNNAMED --add-opens=java.base/sun.nio.fs=ALL-UNNAMED -Declipse.application=org.eclipse.jdt.ls.core.id1 -Dosgi.bundles.defaultStartLevel=4 -Declipse.product=org.eclipse.jdt.ls.core.product -Djava.import.generatesMetadataFilesAtProjectRoot=false -DDetectVMInstallationsJob.disabled=true -Dfile.encoding=utf8 -XX:+UseParallelGC -XX:GCTimeRatio=4 -XX:AdaptiveSizePolicyWeight=90 -Dsun.zip.disableMemoryMapping=true -Xmx2G -Xms100m -Xlog:disable -javaagent:c:\Users\Leonardo\.vscode\extensions\redhat.java-1.54.0-win32-x64\lombok\lombok-1.18.39-4050.jar -XX:+HeapDumpOnOutOfMemoryError -XX:HeapDumpPath=c:\Users\Leonardo\AppData\Roaming\Code\User\workspaceStorage\91273af04738737b26cebe2530116206\redhat.java -Daether.dependencyCollector.impl=bf 
java_command: c:\Users\Leonardo\.vscode\extensions\redhat.java-1.54.0-win32-x64\server\plugins\org.eclipse.equinox.launcher_1.7.100.v20251111-0406.jar -configuration c:\Users\Leonardo\AppData\Roaming\Code\User\globalStorage\redhat.java\1.54.0\config_win -data c:\Users\Leonardo\AppData\Roaming\Code\User\workspaceStorage\91273af04738737b26cebe2530116206\redhat.java\jdt_ws --pipe=\\.\pipe\lsp-5b8a3c642283fdfbf480c3963a4f4835-sock
java_class_path (initial): c:\Users\Leonardo\.vscode\extensions\redhat.java-1.54.0-win32-x64\server\plugins\org.eclipse.equinox.launcher_1.7.100.v20251111-0406.jar
Launcher Type: SUN_STANDARD

[Global flags]
    uintx AdaptiveSizePolicyWeight                 = 90                                        {product} {command line}
     intx CICompilerCount                          = 12                                        {product} {ergonomic}
    uintx GCTimeRatio                              = 4                                         {product} {command line}
     bool HeapDumpOnOutOfMemoryError               = true                                   {manageable} {command line}
    ccstr HeapDumpPath                             = c:\Users\Leonardo\AppData\Roaming\Code\User\workspaceStorage\91273af04738737b26cebe2530116206\redhat.java         {manageable} {command line}
   size_t InitialHeapSize                          = 104857600                                 {product} {command line}
   size_t MaxHeapSize                              = 2147483648                                {product} {command line}
   size_t MaxNewSize                               = 715653120                                 {product} {ergonomic}
   size_t MinHeapDeltaBytes                        = 524288                                    {product} {ergonomic}
   size_t MinHeapSize                              = 104857600                                 {product} {command line}
   size_t NewSize                                  = 34603008                                  {product} {ergonomic}
    uintx NonNMethodCodeHeapSize                   = 7602480                                {pd product} {ergonomic}
    uintx NonProfiledCodeHeapSize                  = 122027880                              {pd product} {ergonomic}
   size_t OldSize                                  = 70254592                                  {product} {ergonomic}
    uintx ProfiledCodeHeapSize                     = 122027880                              {pd product} {ergonomic}
    uintx ReservedCodeCacheSize                    = 251658240                              {pd product} {ergonomic}
     bool SegmentedCodeCache                       = true                                      {product} {ergonomic}
   size_t SoftMaxHeapSize                          = 2147483648                             {manageable} {ergonomic}
     bool UseCompressedOops                        = true                           {product lp64_product} {ergonomic}
     bool UseLargePagesIndividualAllocation        = false                                  {pd product} {ergonomic}
     bool UseParallelGC                            = true                                      {product} {command line}

Logging:
Log output configuration:
 #0: stdout all=off uptime,level,tags foldmultilines=false
 #1: stderr all=off uptime,level,tags foldmultilines=false

Release file:
JAVA_VERSION="21.0.10" 
MODULES="java.base java.compiler java.datatransfer java.xml java.prefs java.desktop java.instrument java.logging java.management java.security.sasl java.naming java.rmi java.management.rmi java.net.http java.scripting java.security.jgss java.transaction.xa java.sql java.sql.rowset java.xml.crypto java.se java.smartcardio jdk.accessibility jdk.internal.jvmstat jdk.attach jdk.charsets jdk.internal.opt jdk.zipfs jdk.compiler jdk.crypto.ec jdk.crypto.cryptoki jdk.crypto.mscapi jdk.dynalink jdk.internal.ed jdk.editpad jdk.hotspot.agent jdk.httpserver jdk.internal.le jdk.internal.vm.ci jdk.internal.vm.compiler jdk.internal.vm.compiler.management jdk.jartool jdk.javadoc jdk.jcmd jdk.management jdk.management.agent jdk.jconsole jdk.jdeps jdk.jdwp.agent jdk.jdi jdk.jfr jdk.jshell jdk.jsobject jdk.jstatd jdk.localedata jdk.management.jfr jdk.naming.dns jdk.naming.rmi jdk.net jdk.nio.mapmode jdk.random jdk.sctp jdk.security.auth jdk.security.jgss jdk.unsupported jdk.unsupported.desktop jdk.xml.dom" 

Environment Variables:
JAVA_HOME=C:\Program Files\Eclipse Adoptium\jdk-17.0.17.10-hotspot
PATH=C:\Users\Leonardo\AppData\Local\Programs\Microsoft VS Code;C:\Python314\Scripts\;C:\Python314\;C:\Program Files (x86)\Common Files\Oracle\Java\javapath;C:\Program Files\Eclipse Adoptium\jdk-17.0.17.10-hotspot\bin;C:\Windows\system32;C:\Windows;C:\Windows\System32\Wbem;C:\Windows\System32\WindowsPowerShell\v1.0\;C:\Windows\System32\OpenSSH\;C:\Program Files\Microsoft SQL Server\Client SDK\ODBC\170\Tools\Binn\;C:\Program Files\Microsoft SQL Server\160\DTS\Binn\;C:\ProgramData\chocolatey\bin;C:\Program Files\dotnet\;C:\Users\Leonardo\AppData\Local\nvm;C:\nvm4w\nodejs;C:\Program Files\Git\cmd;C:\Program Files\Microsoft SQL Server\Client SDK\ODBC\180\Tools\Binn\;C:\Program Files (x86)\Microsoft SQL Server\160\Tools\Binn\;C:\Program Files\Microsoft SQL Server\160\Tools\Binn\;C:\Program Files (x86)\Microsoft SQL Server\160\DTS\Binn\;C:\Program Files\Microsoft SQL Server\150\Tools\Binn\;C:\Program Files\Microsoft SQL Server\130\DTS\Binn\;C:\Program Files\Microsoft SQL Server\140\DTS\Binn\;C:\Program Files\Microsoft SQL Server\150\DTS\Binn\;C:\Program Files\Microsoft SQL Server\170\DTS\Binn\;C:\Program Files (x86)\cloudflared\;C:\Program Files\Docker\Docker\resources\bin;C:\Program Files\Amazon\AWSCLIV2\;C:\Users\Leonardo\scoop\shims;C:\Users\Leonardo\AppData\Local\Programs\Python\Python310\Scripts\;C:\Users\Leonardo\AppData\Local\Programs\Python\Python310\;C:\Users\Leonardo\AppData\Local\Microsoft\WindowsApps;C:\Users\Leonardo\AppData\Local\GitHubDesktop\bin;C:\Program Files\JetBrains\PyCharm 2025.1\bin;C:\Users\Leonardo\AppData\Local\Programs\Microsoft VS Code\bin;C:\Users\Leonardo\AppData\Local\Programs\Python\Python310\;C:\Users\Leonardo\Documents\flutter\bin;C:\Program Files\MySQL\MySQL Server 8.0\bin;C:\Users\Leonardo\AppData\Local\nvm;C:\nvm4w\nodejs;C:\Users\Leonardo\Downloads\cloudflared.exe.exe;C:\Users\Leonardo\.dotnet\tools;C:\Program Files\Eclipse Adoptium\jdk-17.0.17.10-hotspot\bin;C:\Users\Leonardo\.deno\bin;C:\Users\Leonardo\AppData\Roaming\npm;C:\Users\Leonardo\AppData\Local\Programs\Antigravity\bin;C:\Program Files\Docker\Docker\resources\bin
USERNAME=Leonardo
OS=Windows_NT
PROCESSOR_IDENTIFIER=AMD64 Family 23 Model 104 Stepping 1, AuthenticAMD
TMP=C:\Users\Leonardo\AppData\Local\Temp
TEMP=C:\Users\Leonardo\AppData\Local\Temp




Periodic native trim disabled

---------------  S Y S T E M  ---------------

OS:
 Windows 10 , 64 bit Build 19041 (10.0.19041.5915)
OS uptime: 0 days 13:33 hours
Hyper-V role detected

CPU: total 16 (initial active 16) (16 cores per cpu, 2 threads per core) family 23 model 104 stepping 1 microcode 0x0, cx8, cmov, fxsr, ht, mmx, 3dnowpref, sse, sse2, sse3, ssse3, sse4a, sse4.1, sse4.2, popcnt, lzcnt, tsc, tscinvbit, avx, avx2, aes, clmul, bmi1, bmi2, adx, sha, fma, vzeroupper, clflush, clflushopt, hv, rdtscp, rdpid, f16c
Processor Information for the first 16 processors :
  Max Mhz: 1801, Current Mhz: 1801, Mhz Limit: 1801

Memory: 4k page, system-wide physical 6005M (264M free)
TotalPageFile size 24437M (AvailPageFile size 62M)
current process WorkingSet (physical memory assigned to process): 306M, peak: 313M
current process commit charge ("private bytes"): 443M, peak: 443M

vm_info: OpenJDK 64-Bit Server VM (21.0.10+7-LTS) for windows-amd64 JRE (21.0.10+7-LTS), built on 2026-01-20T00:00:00Z by "admin" with MS VC++ 17.12 (VS2022)

END.
