#
# There is insufficient memory for the Java Runtime Environment to continue.
# Native memory allocation (malloc) failed to allocate 734336 bytes. Error detail: Chunk::new
# Possible reasons:
#   The system is out of physical RAM or swap space
#   This process is running with CompressedOops enabled, and the Java Heap may be blocking the growth of the native heap
# Possible solutions:
#   Reduce memory load on the system
#   Increase physical memory or swap space
#   Check if swap backing store is full
#   Decrease Java heap size (-Xmx/-Xms)
#   Decrease number of Java threads
#   Decrease Java thread stack sizes (-Xss)
#   Set larger code cache with -XX:ReservedCodeCacheSize=
#   JVM is running with Unscaled Compressed Oops mode in which the Java heap is
#     placed in the first 4GB address space. The Java Heap base address is the
#     maximum limit for the native heap growth. Please use -XX:HeapBaseMinAddress
#     to set the Java Heap base and to place the Java Heap above 4GB virtual address.
# This output file may be truncated or incomplete.
#
#  Out of Memory Error (arena.cpp:168), pid=14208, tid=20388
#
# JRE version: OpenJDK Runtime Environment Temurin-21.0.10+7 (21.0.10+7) (build 21.0.10+7-LTS)
# Java VM: OpenJDK 64-Bit Server VM Temurin-21.0.10+7 (21.0.10+7-LTS, mixed mode, sharing, tiered, compressed oops, compressed class ptrs, parallel gc, windows-amd64)
# No core dump will be written. Minidumps are not enabled by default on client versions of Windows
#

---------------  S U M M A R Y ------------

Command Line: --add-modules=ALL-SYSTEM --add-opens=java.base/java.util=ALL-UNNAMED --add-opens=java.base/java.lang=ALL-UNNAMED --add-opens=java.base/sun.nio.fs=ALL-UNNAMED -Declipse.application=org.eclipse.jdt.ls.core.id1 -Dosgi.bundles.defaultStartLevel=4 -Declipse.product=org.eclipse.jdt.ls.core.product -Djava.import.generatesMetadataFilesAtProjectRoot=false -DDetectVMInstallationsJob.disabled=true -Dfile.encoding=utf8 -XX:+UseParallelGC -XX:GCTimeRatio=4 -XX:AdaptiveSizePolicyWeight=90 -Dsun.zip.disableMemoryMapping=true -Xmx2G -Xms100m -Xlog:disable -javaagent:c:\Users\Leonardo\.vscode\extensions\redhat.java-1.54.0-win32-x64\lombok\lombok-1.18.39-4050.jar -XX:+HeapDumpOnOutOfMemoryError -XX:HeapDumpPath=c:\Users\Leonardo\AppData\Roaming\Code\User\workspaceStorage\91273af04738737b26cebe2530116206\redhat.java -Daether.dependencyCollector.impl=bf c:\Users\Leonardo\.vscode\extensions\redhat.java-1.54.0-win32-x64\server\plugins\org.eclipse.equinox.launcher_1.7.100.v20251111-0406.jar -configuration c:\Users\Leonardo\AppData\Roaming\Code\User\globalStorage\redhat.java\1.54.0\config_win -data c:\Users\Leonardo\AppData\Roaming\Code\User\workspaceStorage\91273af04738737b26cebe2530116206\redhat.java\jdt_ws --pipe=\\.\pipe\lsp-bd9a983e1c29cbc89c9eaffe8c43935d-sock

Host: AMD Ryzen 7 5700U with Radeon Graphics         , 16 cores, 5G,  Windows 10 , 64 bit Build 19041 (10.0.19041.5915)
Time: Wed Apr 22 02:37:12 2026 Hora estándar oeste, Sudamérica elapsed time: 15.462553 seconds (0d 0h 0m 15s)

---------------  T H R E A D  ---------------

Current thread (0x0000021205d2c060):  JavaThread "C2 CompilerThread0" daemon [_thread_in_native, id=20388, stack(0x000000ddddd00000,0x000000dddde00000) (1024K)]


Current CompileTask:
C2:15462 15363   !   4       java.nio.file.FileTreeWalker::next (144 bytes)

Stack: [0x000000ddddd00000,0x000000dddde00000]
Native frames: (J=compiled Java code, j=interpreted, Vv=VM code, C=native code)
V  [jvm.dll+0x6d7a39]
V  [jvm.dll+0x8b4b26]
V  [jvm.dll+0x8b70de]
V  [jvm.dll+0x8b77c3]
V  [jvm.dll+0x284346]
V  [jvm.dll+0xc66ed]
V  [jvm.dll+0xc6c31]
V  [jvm.dll+0x2fb29e]
V  [jvm.dll+0x5fe884]
V  [jvm.dll+0x255b17]
V  [jvm.dll+0x24df54]
V  [jvm.dll+0x24ba42]
V  [jvm.dll+0x1cb34e]
V  [jvm.dll+0x25b85d]
V  [jvm.dll+0x259dea]
V  [jvm.dll+0x3f857e]
V  [jvm.dll+0x85f59d]
V  [jvm.dll+0x6d626d]
C  [ucrtbase.dll+0x21bb2]
C  [KERNEL32.DLL+0x17374]
C  [ntdll.dll+0x4cc91]


---------------  P R O C E S S  ---------------

Threads class SMR info:
_java_thread_list=0x0000021217751050, length=106, elements={
0x00000211acc431d0, 0x00000211c36ef900, 0x00000211c36f0db0, 0x00000211c36f45f0,
0x00000211c36f5250, 0x00000211c36fe8d0, 0x0000021205d2a980, 0x0000021205d2c060,
0x0000021205d2d500, 0x0000021205e2b150, 0x0000021205e4c2a0, 0x0000021205f8dba0,
0x0000021206003080, 0x000002120c05a670, 0x000002120c248c10, 0x000002120c1e5d70,
0x000002120c336f60, 0x000002120c8ccc00, 0x000002120ca1f760, 0x000002120c100db0,
0x000002120c101440, 0x000002120c101ad0, 0x000002120c102e80, 0x000002120c102160,
0x000002120cf68140, 0x000002120cf694f0, 0x000002120cf62560, 0x000002120cf63280,
0x000002120cf66d90, 0x000002120cf687d0, 0x000002120cf68e60, 0x000002120cf67420,
0x000002120cf63910, 0x000002120cf659e0, 0x000002120cf64630, 0x000002120cf63fa0,
0x000002120cf64cc0, 0x000002120cf69b80, 0x000002120cf66700, 0x000002120cf62bf0,
0x000002120cf65350, 0x000002120cf66070, 0x000002120cf67ab0, 0x000002120ce21960,
0x000002120ce1e4e0, 0x000002120ce1de50, 0x000002120ce1f200, 0x000002120ce1d130,
0x000002120ce1eb70, 0x000002120ce1f890, 0x000002120ce1ff20, 0x000002120ce1d7c0,
0x000002120ce205b0, 0x000002120ce1bd80, 0x000002120ce20c40, 0x000002120ce1b6f0,
0x000002120ce21ff0, 0x000002120ce212d0, 0x000002120ce1b060, 0x000002120ce22680,
0x000002120ce1c410, 0x000002120d607640, 0x000002120d609080, 0x000002120d602e10,
0x000002120d603b30, 0x000002120d6089f0, 0x000002120d604ee0, 0x000002120d6041c0,
0x000002120d609710, 0x000002120d604850, 0x000002120d605570, 0x000002120d605c00,
0x000002120d602780, 0x000002120d607cd0, 0x000002120d606290, 0x000002120d606920,
0x000002120d608360, 0x000002120d606fb0, 0x000002120dbace80, 0x000002120dba7fc0,
0x000002120dba6c10, 0x000002120dba8650, 0x000002120dba7930, 0x000002120dbac160,
0x000002120dba8ce0, 0x000002120dbac7f0, 0x000002120dbaadb0, 0x000002120dbad510,
0x000002120dba9370, 0x000002120dbae230, 0x000002120dba9a00, 0x000002120dba72a0,
0x00000212161bb360, 0x00000212161b64a0, 0x00000212161b8570, 0x00000212161b7ee0,
0x00000212161bb9f0, 0x00000212161bc080, 0x00000212161b6b30, 0x00000212161b5780,
0x00000212161b50f0, 0x00000212161ba640, 0x00000212161bc710, 0x00000212161b9920,
0x00000212161b5e10, 0x00000212161b71c0
}

Java Threads: ( => current thread )
  0x00000211acc431d0 JavaThread "main"                              [_thread_blocked, id=12100, stack(0x000000dddd300000,0x000000dddd400000) (1024K)]
  0x00000211c36ef900 JavaThread "Reference Handler"          daemon [_thread_blocked, id=27980, stack(0x000000dddd700000,0x000000dddd800000) (1024K)]
  0x00000211c36f0db0 JavaThread "Finalizer"                  daemon [_thread_blocked, id=21332, stack(0x000000dddd800000,0x000000dddd900000) (1024K)]
  0x00000211c36f45f0 JavaThread "Signal Dispatcher"          daemon [_thread_blocked, id=9936, stack(0x000000dddd900000,0x000000dddda00000) (1024K)]
  0x00000211c36f5250 JavaThread "Attach Listener"            daemon [_thread_blocked, id=19728, stack(0x000000dddda00000,0x000000ddddb00000) (1024K)]
  0x00000211c36fe8d0 JavaThread "Service Thread"             daemon [_thread_blocked, id=14976, stack(0x000000ddddb00000,0x000000ddddc00000) (1024K)]
  0x0000021205d2a980 JavaThread "Monitor Deflation Thread"   daemon [_thread_blocked, id=29672, stack(0x000000ddddc00000,0x000000ddddd00000) (1024K)]
=>0x0000021205d2c060 JavaThread "C2 CompilerThread0"         daemon [_thread_in_native, id=20388, stack(0x000000ddddd00000,0x000000dddde00000) (1024K)]
  0x0000021205d2d500 JavaThread "C1 CompilerThread0"         daemon [_thread_blocked, id=27736, stack(0x000000dddde00000,0x000000ddddf00000) (1024K)]
  0x0000021205e2b150 JavaThread "C1 CompilerThread1"         daemon [_thread_blocked, id=28696, stack(0x000000ddddf00000,0x000000ddde000000) (1024K)]
  0x0000021205e4c2a0 JavaThread "C1 CompilerThread2"         daemon [_thread_blocked, id=29552, stack(0x000000ddde000000,0x000000ddde100000) (1024K)]
  0x0000021205f8dba0 JavaThread "Common-Cleaner"             daemon [_thread_blocked, id=22812, stack(0x000000ddde200000,0x000000ddde300000) (1024K)]
  0x0000021206003080 JavaThread "Notification Thread"        daemon [_thread_blocked, id=26096, stack(0x000000ddde400000,0x000000ddde500000) (1024K)]
  0x000002120c05a670 JavaThread "Active Thread: Equinox Container: 80ef694b-5c2e-4bb1-8ce5-c03c5009c207"        [_thread_blocked, id=28760, stack(0x000000dddeb00000,0x000000dddec00000) (1024K)]
  0x000002120c248c10 JavaThread "Refresh Thread: Equinox Container: 80ef694b-5c2e-4bb1-8ce5-c03c5009c207" daemon [_thread_blocked, id=18332, stack(0x000000ddded00000,0x000000dddee00000) (1024K)]
  0x000002120c1e5d70 JavaThread "Framework Event Dispatcher: Equinox Container: 80ef694b-5c2e-4bb1-8ce5-c03c5009c207" daemon [_thread_blocked, id=27356, stack(0x000000dddee00000,0x000000dddef00000) (1024K)]
  0x000002120c336f60 JavaThread "Start Level: Equinox Container: 80ef694b-5c2e-4bb1-8ce5-c03c5009c207" daemon [_thread_blocked, id=23332, stack(0x000000dddef00000,0x000000dddf000000) (1024K)]
  0x000002120c8ccc00 JavaThread "Bundle File Closer"         daemon [_thread_blocked, id=3996, stack(0x000000dddf300000,0x000000dddf400000) (1024K)]
  0x000002120ca1f760 JavaThread "SCR Component Actor"        daemon [_thread_blocked, id=3464, stack(0x000000ddde100000,0x000000ddde200000) (1024K)]
  0x000002120c100db0 JavaThread "Worker-JM"                         [_thread_blocked, id=29484, stack(0x000000ddde300000,0x000000ddde400000) (1024K)]
  0x000002120c101440 JavaThread "JNA Cleaner"                daemon [_thread_blocked, id=18168, stack(0x000000dddf600000,0x000000dddf700000) (1024K)]
  0x000002120c101ad0 JavaThread "Worker-0: Initialize workspace"        [_thread_blocked, id=13612, stack(0x000000dddf700000,0x000000dddf800000) (1024K)]
  0x000002120c102e80 JavaThread "Worker-1"                          [_thread_blocked, id=14396, stack(0x000000dddf800000,0x000000dddf900000) (1024K)]
  0x000002120c102160 JavaThread "Worker-2"                          [_thread_blocked, id=27508, stack(0x000000dddf900000,0x000000dddfa00000) (1024K)]
  0x000002120cf68140 JavaThread "Java indexing"              daemon [_thread_blocked, id=1500, stack(0x000000dddfa00000,0x000000dddfb00000) (1024K)]
  0x000002120cf694f0 JavaThread "Worker-3"                          [_thread_blocked, id=19536, stack(0x000000dddfb00000,0x000000dddfc00000) (1024K)]
  0x000002120cf62560 JavaThread "Thread-1"                   daemon [_thread_in_native, id=8696, stack(0x000000dddfc00000,0x000000dddfd00000) (1024K)]
  0x000002120cf63280 JavaThread "Thread-2"                   daemon [_thread_in_native, id=29580, stack(0x000000dddfd00000,0x000000dddfe00000) (1024K)]
  0x000002120cf66d90 JavaThread "Thread-3"                   daemon [_thread_in_native, id=3676, stack(0x000000dddfe00000,0x000000dddff00000) (1024K)]
  0x000002120cf687d0 JavaThread "Thread-4"                   daemon [_thread_in_native, id=28368, stack(0x000000dddff00000,0x000000dde0000000) (1024K)]
  0x000002120cf68e60 JavaThread "Thread-5"                   daemon [_thread_in_native, id=13348, stack(0x000000dde0000000,0x000000dde0100000) (1024K)]
  0x000002120cf67420 JavaThread "Thread-6"                   daemon [_thread_in_native, id=29024, stack(0x000000dde0100000,0x000000dde0200000) (1024K)]
  0x000002120cf63910 JavaThread "Thread-7"                   daemon [_thread_in_native, id=2624, stack(0x000000dde0200000,0x000000dde0300000) (1024K)]
  0x000002120cf659e0 JavaThread "Thread-8"                   daemon [_thread_in_native, id=19908, stack(0x000000dde0300000,0x000000dde0400000) (1024K)]
  0x000002120cf64630 JavaThread "Thread-9"                   daemon [_thread_in_native, id=28868, stack(0x000000dde0400000,0x000000dde0500000) (1024K)]
  0x000002120cf63fa0 JavaThread "Thread-10"                  daemon [_thread_in_native, id=28748, stack(0x000000dde0500000,0x000000dde0600000) (1024K)]
  0x000002120cf64cc0 JavaThread "Thread-11"                  daemon [_thread_in_native, id=25060, stack(0x000000dde0600000,0x000000dde0700000) (1024K)]
  0x000002120cf69b80 JavaThread "Thread-12"                  daemon [_thread_in_native, id=29536, stack(0x000000dde0700000,0x000000dde0800000) (1024K)]
  0x000002120cf66700 JavaThread "Thread-13"                  daemon [_thread_in_native, id=10920, stack(0x000000dde0800000,0x000000dde0900000) (1024K)]
  0x000002120cf62bf0 JavaThread "Thread-14"                  daemon [_thread_in_native, id=29204, stack(0x000000dde0900000,0x000000dde0a00000) (1024K)]
  0x000002120cf65350 JavaThread "Thread-15"                  daemon [_thread_in_native, id=13252, stack(0x000000dde0a00000,0x000000dde0b00000) (1024K)]
  0x000002120cf66070 JavaThread "Thread-16"                  daemon [_thread_in_native, id=29164, stack(0x000000dde0b00000,0x000000dde0c00000) (1024K)]
  0x000002120cf67ab0 JavaThread "Thread-17"                  daemon [_thread_in_native, id=27804, stack(0x000000dde0c00000,0x000000dde0d00000) (1024K)]
  0x000002120ce21960 JavaThread "pool-2-thread-1"                   [_thread_blocked, id=27808, stack(0x000000dde0d00000,0x000000dde0e00000) (1024K)]
  0x000002120ce1e4e0 JavaThread "WorkspaceEventsHandler"            [_thread_blocked, id=26472, stack(0x000000dde0e00000,0x000000dde0f00000) (1024K)]
  0x000002120ce1de50 JavaThread "pool-1-thread-1"                   [_thread_blocked, id=19460, stack(0x000000dde0f00000,0x000000dde1000000) (1024K)]
  0x000002120ce1f200 JavaThread "ForkJoinPool.commonPool-worker-1" daemon [_thread_blocked, id=28028, stack(0x000000dde1000000,0x000000dde1100000) (1024K)]
  0x000002120ce1d130 JavaThread "ForkJoinPool.commonPool-worker-2" daemon [_thread_blocked, id=22924, stack(0x000000dde1100000,0x000000dde1200000) (1024K)]
  0x000002120ce1eb70 JavaThread "ForkJoinPool.commonPool-worker-3" daemon [_thread_blocked, id=26684, stack(0x000000dde1200000,0x000000dde1300000) (1024K)]
  0x000002120ce1f890 JavaThread "ForkJoinPool.commonPool-worker-4" daemon [_thread_blocked, id=12360, stack(0x000000dde1300000,0x000000dde1400000) (1024K)]
  0x000002120ce1ff20 JavaThread "ForkJoinPool.commonPool-worker-5" daemon [_thread_blocked, id=29252, stack(0x000000dde1400000,0x000000dde1500000) (1024K)]
  0x000002120ce1d7c0 JavaThread "ForkJoinPool.commonPool-worker-6" daemon [_thread_blocked, id=29208, stack(0x000000dde1500000,0x000000dde1600000) (1024K)]
  0x000002120ce205b0 JavaThread "ForkJoinPool.commonPool-worker-7" daemon [_thread_blocked, id=16976, stack(0x000000dde1600000,0x000000dde1700000) (1024K)]
  0x000002120ce1bd80 JavaThread "ForkJoinPool.commonPool-worker-8" daemon [_thread_blocked, id=13292, stack(0x000000dde1700000,0x000000dde1800000) (1024K)]
  0x000002120ce20c40 JavaThread "ForkJoinPool.commonPool-worker-9" daemon [_thread_blocked, id=19688, stack(0x000000dde1800000,0x000000dde1900000) (1024K)]
  0x000002120ce1b6f0 JavaThread "ForkJoinPool.commonPool-worker-10" daemon [_thread_blocked, id=26816, stack(0x000000dde1900000,0x000000dde1a00000) (1024K)]
  0x000002120ce21ff0 JavaThread "ForkJoinPool.commonPool-worker-11" daemon [_thread_blocked, id=17756, stack(0x000000dde1a00000,0x000000dde1b00000) (1024K)]
  0x000002120ce212d0 JavaThread "ForkJoinPool.commonPool-worker-12" daemon [_thread_blocked, id=29264, stack(0x000000dde1b00000,0x000000dde1c00000) (1024K)]
  0x000002120ce1b060 JavaThread "ForkJoinPool.commonPool-worker-13" daemon [_thread_blocked, id=29304, stack(0x000000dde1c00000,0x000000dde1d00000) (1024K)]
  0x000002120ce22680 JavaThread "ForkJoinPool.commonPool-worker-14" daemon [_thread_blocked, id=6840, stack(0x000000dde1d00000,0x000000dde1e00000) (1024K)]
  0x000002120ce1c410 JavaThread "ForkJoinPool.commonPool-worker-15" daemon [_thread_blocked, id=8048, stack(0x000000dde1e00000,0x000000dde1f00000) (1024K)]
  0x000002120d607640 JavaThread "LocalFile Deleter"          daemon [_thread_blocked, id=14216, stack(0x000000dde1f00000,0x000000dde2000000) (1024K)]
  0x000002120d609080 JavaThread "LocalFile Deleter"          daemon [_thread_blocked, id=17720, stack(0x000000dde2000000,0x000000dde2100000) (1024K)]
  0x000002120d602e10 JavaThread "LocalFile Deleter"          daemon [_thread_blocked, id=29084, stack(0x000000dde2100000,0x000000dde2200000) (1024K)]
  0x000002120d603b30 JavaThread "LocalFile Deleter"          daemon [_thread_blocked, id=19748, stack(0x000000dde2200000,0x000000dde2300000) (1024K)]
  0x000002120d6089f0 JavaThread "LocalFile Deleter"          daemon [_thread_blocked, id=10120, stack(0x000000dde2300000,0x000000dde2400000) (1024K)]
  0x000002120d604ee0 JavaThread "LocalFile Deleter"          daemon [_thread_blocked, id=12672, stack(0x000000dde2400000,0x000000dde2500000) (1024K)]
  0x000002120d6041c0 JavaThread "LocalFile Deleter"          daemon [_thread_blocked, id=27704, stack(0x000000dde2500000,0x000000dde2600000) (1024K)]
  0x000002120d609710 JavaThread "LocalFile Deleter"          daemon [_thread_blocked, id=29544, stack(0x000000dde2600000,0x000000dde2700000) (1024K)]
  0x000002120d604850 JavaThread "LocalFile Deleter"          daemon [_thread_blocked, id=19848, stack(0x000000dde2700000,0x000000dde2800000) (1024K)]
  0x000002120d605570 JavaThread "LocalFile Deleter"          daemon [_thread_blocked, id=18256, stack(0x000000dde2800000,0x000000dde2900000) (1024K)]
  0x000002120d605c00 JavaThread "LocalFile Deleter"          daemon [_thread_blocked, id=10852, stack(0x000000dde2900000,0x000000dde2a00000) (1024K)]
  0x000002120d602780 JavaThread "LocalFile Deleter"          daemon [_thread_blocked, id=18072, stack(0x000000dde2a00000,0x000000dde2b00000) (1024K)]
  0x000002120d607cd0 JavaThread "LocalFile Deleter"          daemon [_thread_blocked, id=9560, stack(0x000000dde2b00000,0x000000dde2c00000) (1024K)]
  0x000002120d606290 JavaThread "LocalFile Deleter"          daemon [_thread_blocked, id=27144, stack(0x000000dde2c00000,0x000000dde2d00000) (1024K)]
  0x000002120d606920 JavaThread "LocalFile Deleter"          daemon [_thread_blocked, id=27048, stack(0x000000dde2d00000,0x000000dde2e00000) (1024K)]
  0x000002120d608360 JavaThread "LocalFile Deleter"          daemon [_thread_blocked, id=22996, stack(0x000000dde2e00000,0x000000dde2f00000) (1024K)]
  0x000002120d606fb0 JavaThread "Compiler Source File Reader" daemon [_thread_blocked, id=29052, stack(0x000000dde2f00000,0x000000dde3000000) (1024K)]
  0x000002120dbace80 JavaThread "Compiler Source File Reader" daemon [_thread_blocked, id=28812, stack(0x000000dde3000000,0x000000dde3100000) (1024K)]
  0x000002120dba7fc0 JavaThread "Compiler Source File Reader" daemon [_thread_blocked, id=15720, stack(0x000000dde3100000,0x000000dde3200000) (1024K)]
  0x000002120dba6c10 JavaThread "Compiler Source File Reader" daemon [_thread_blocked, id=28056, stack(0x000000dde3200000,0x000000dde3300000) (1024K)]
  0x000002120dba8650 JavaThread "Compiler Source File Reader" daemon [_thread_blocked, id=29116, stack(0x000000dde3300000,0x000000dde3400000) (1024K)]
  0x000002120dba7930 JavaThread "Compiler Source File Reader" daemon [_thread_blocked, id=15400, stack(0x000000dde3400000,0x000000dde3500000) (1024K)]
  0x000002120dbac160 JavaThread "Compiler Source File Reader" daemon [_thread_blocked, id=27292, stack(0x000000dde3500000,0x000000dde3600000) (1024K)]
  0x000002120dba8ce0 JavaThread "Compiler Source File Reader" daemon [_thread_blocked, id=12216, stack(0x000000dde3600000,0x000000dde3700000) (1024K)]
  0x000002120dbac7f0 JavaThread "Compiler Source File Reader" daemon [_thread_blocked, id=29436, stack(0x000000dde3700000,0x000000dde3800000) (1024K)]
  0x000002120dbaadb0 JavaThread "Compiler Source File Reader" daemon [_thread_blocked, id=28972, stack(0x000000dde3800000,0x000000dde3900000) (1024K)]
  0x000002120dbad510 JavaThread "Compiler Source File Reader" daemon [_thread_blocked, id=28708, stack(0x000000dde3900000,0x000000dde3a00000) (1024K)]
  0x000002120dba9370 JavaThread "Compiler Source File Reader" daemon [_thread_blocked, id=28716, stack(0x000000dde3a00000,0x000000dde3b00000) (1024K)]
  0x000002120dbae230 JavaThread "Compiler Source File Reader" daemon [_thread_blocked, id=29424, stack(0x000000dde3b00000,0x000000dde3c00000) (1024K)]
  0x000002120dba9a00 JavaThread "Compiler Source File Reader" daemon [_thread_blocked, id=29488, stack(0x000000dde3c00000,0x000000dde3d00000) (1024K)]
  0x000002120dba72a0 JavaThread "Compiler Processing Task"   daemon [_thread_blocked, id=29656, stack(0x000000dde3d00000,0x000000dde3e00000) (1024K)]
  0x00000212161bb360 JavaThread "Compiler Class File Writer" daemon [_thread_blocked, id=27832, stack(0x000000dde3e00000,0x000000dde3f00000) (1024K)]
  0x00000212161b64a0 JavaThread "Compiler Class File Writer" daemon [_thread_blocked, id=13868, stack(0x000000dde3f00000,0x000000dde4000000) (1024K)]
  0x00000212161b8570 JavaThread "Compiler Class File Writer" daemon [_thread_blocked, id=20956, stack(0x000000dde4000000,0x000000dde4100000) (1024K)]
  0x00000212161b7ee0 JavaThread "Compiler Class File Writer" daemon [_thread_blocked, id=11440, stack(0x000000dde4100000,0x000000dde4200000) (1024K)]
  0x00000212161bb9f0 JavaThread "Compiler Class File Writer" daemon [_thread_blocked, id=19852, stack(0x000000dde4200000,0x000000dde4300000) (1024K)]
  0x00000212161bc080 JavaThread "Compiler Class File Writer" daemon [_thread_blocked, id=23120, stack(0x000000dde4300000,0x000000dde4400000) (1024K)]
  0x00000212161b6b30 JavaThread "Compiler Class File Writer" daemon [_thread_blocked, id=15576, stack(0x000000dde4400000,0x000000dde4500000) (1024K)]
  0x00000212161b5780 JavaThread "Compiler Class File Writer" daemon [_thread_blocked, id=25596, stack(0x000000dde4500000,0x000000dde4600000) (1024K)]
  0x00000212161b50f0 JavaThread "Compiler Class File Writer" daemon [_thread_blocked, id=8036, stack(0x000000dde4600000,0x000000dde4700000) (1024K)]
  0x00000212161ba640 JavaThread "Compiler Class File Writer" daemon [_thread_blocked, id=25096, stack(0x000000dde4700000,0x000000dde4800000) (1024K)]
  0x00000212161bc710 JavaThread "Compiler Class File Writer" daemon [_thread_blocked, id=28280, stack(0x000000dde4800000,0x000000dde4900000) (1024K)]
  0x00000212161b9920 JavaThread "Compiler Class File Writer" daemon [_thread_blocked, id=4972, stack(0x000000dde4900000,0x000000dde4a00000) (1024K)]
  0x00000212161b5e10 JavaThread "Compiler Class File Writer" daemon [_thread_blocked, id=24416, stack(0x000000dde4a00000,0x000000dde4b00000) (1024K)]
  0x00000212161b71c0 JavaThread "Compiler Class File Writer" daemon [_thread_blocked, id=18148, stack(0x000000dde4b00000,0x000000dde4c00000) (1024K)]
Total: 106

Other Threads:
  0x00000211c36e1bd0 VMThread "VM Thread"                           [id=28084, stack(0x000000dddd600000,0x000000dddd700000) (1024K)]
  0x00000211accae8e0 WatcherThread "VM Periodic Task Thread"        [id=12076, stack(0x000000dddd500000,0x000000dddd600000) (1024K)]
  0x00000211acc60f40 WorkerThread "GC Thread#0"                     [id=29076, stack(0x000000dddd400000,0x000000dddd500000) (1024K)]
  0x0000021207bd6920 WorkerThread "GC Thread#1"                     [id=28828, stack(0x000000ddde500000,0x000000ddde600000) (1024K)]
  0x0000021207bd6570 WorkerThread "GC Thread#2"                     [id=25884, stack(0x000000ddde600000,0x000000ddde700000) (1024K)]
  0x0000021207bd6cd0 WorkerThread "GC Thread#3"                     [id=15312, stack(0x000000ddde700000,0x000000ddde800000) (1024K)]
  0x0000021207bd5a60 WorkerThread "GC Thread#4"                     [id=9572, stack(0x000000ddde800000,0x000000ddde900000) (1024K)]
  0x0000021207bd7080 WorkerThread "GC Thread#5"                     [id=4232, stack(0x000000ddde900000,0x000000dddea00000) (1024K)]
  0x0000021207bd56b0 WorkerThread "GC Thread#6"                     [id=29288, stack(0x000000dddea00000,0x000000dddeb00000) (1024K)]
  0x0000021207bd61c0 WorkerThread "GC Thread#7"                     [id=14148, stack(0x000000dddec00000,0x000000ddded00000) (1024K)]
  0x000002120c68d9d0 WorkerThread "GC Thread#8"                     [id=28216, stack(0x000000dddf000000,0x000000dddf100000) (1024K)]
  0x000002120c68cb10 WorkerThread "GC Thread#9"                     [id=2468, stack(0x000000dddf100000,0x000000dddf200000) (1024K)]
  0x000002120c68e130 WorkerThread "GC Thread#10"                    [id=29192, stack(0x000000dddf200000,0x000000dddf300000) (1024K)]
  0x000002120c68cec0 WorkerThread "GC Thread#11"                    [id=11520, stack(0x000000dddf400000,0x000000dddf500000) (1024K)]
  0x000002120c68dd80 WorkerThread "GC Thread#12"                    [id=29220, stack(0x000000dddf500000,0x000000dddf600000) (1024K)]
Total: 15

Threads with active compile tasks:
C2 CompilerThread0  15492 15363   !   4       java.nio.file.FileTreeWalker::next (144 bytes)
Total: 1

VM state: at safepoint (normal execution)

VM Mutex/Monitor currently owned by a thread:  ([mutex/lock_event])
[0x00007ffdeabbe560] Threads_lock - owner thread: 0x00000211c36e1bd0
[0x00007ffdeabbe660] Heap_lock - owner thread: 0x000002120c101ad0

Heap address: 0x0000000080000000, size: 2048 MB, Compressed Oops mode: 32-bit

CDS archive(s) mapped at: [0x00000211c4000000-0x00000211c4ba0000-0x00000211c4ba0000), size 12189696, SharedBaseAddress: 0x00000211c4000000, ArchiveRelocationMode: 1.
Compressed class space mapped at: 0x00000211c5000000-0x0000021205000000, reserved size: 1073741824
Narrow klass base: 0x00000211c4000000, Narrow klass shift: 0, Narrow klass range: 0x100000000

GC Precious Log:
 CardTable entry size: 512
 CPUs: 16 total, 16 available
 Memory: 6005M
 Large Page Support: Disabled
 NUMA Support: Disabled
 Compressed Oops: Enabled (32-bit)
 Alignments: Space 512K, Generation 512K, Heap 2M
 Heap Min Capacity: 100M
 Heap Initial Capacity: 100M
 Heap Max Capacity: 2G
 Pre-touch: Disabled
 Parallel Workers: 13

Heap:
 PSYoungGen      total 8704K, used 8127K [0x00000000d5580000, 0x00000000d5e80000, 0x0000000100000000)
  eden space 7680K, 99% used [0x00000000d5580000,0x00000000d5cffda8,0x00000000d5d00000)
  from space 1024K, 43% used [0x00000000d5d00000,0x00000000d5d70000,0x00000000d5e00000)
  to   space 512K, 98% used [0x00000000d5e00000,0x00000000d5e7ea68,0x00000000d5e80000)
 ParOldGen       total 100352K, used 99905K [0x0000000080000000, 0x0000000086200000, 0x00000000d5580000)
  object space 100352K, 99% used [0x0000000080000000,0x0000000086190568,0x0000000086200000)
 Metaspace       used 66617K, committed 68096K, reserved 1114112K
  class space    used 6730K, committed 7360K, reserved 1048576K

Card table byte_map: [0x00000211ac600000,0x00000211aca10000] _byte_map_base: 0x00000211ac200000

Marking Bits: (ParMarkBitMap*) 0x00007ffdeabc3450
 Begin Bits: [0x00000211bf100000, 0x00000211c1100000)
 End Bits:   [0x00000211c1100000, 0x00000211c3100000)

Polling page: 0x00000211aaab0000

Metaspace:

Usage:
  Non-class:     58.48 MB used.
      Class:      6.57 MB used.
       Both:     65.06 MB used.

Virtual space:
  Non-class space:       64.00 MB reserved,      59.31 MB ( 93%) committed,  1 nodes.
      Class space:        1.00 GB reserved,       7.19 MB ( <1%) committed,  1 nodes.
             Both:        1.06 GB reserved,      66.50 MB (  6%) committed. 

Chunk freelists:
   Non-Class:  4.05 MB
       Class:  8.81 MB
        Both:  12.86 MB

MaxMetaspaceSize: unlimited
CompressedClassSpaceSize: 1.00 GB
Initial GC threshold: 21.00 MB
Current GC threshold: 97.31 MB
CDS: on
 - commit_granule_bytes: 65536.
 - commit_granule_words: 8192.
 - virtual_space_node_default_size: 8388608.
 - enlarge_chunks_in_place: 1.
 - use_allocation_guard: 0.


Internal statistics:

num_allocs_failed_limit: 9.
num_arena_births: 1302.
num_arena_deaths: 14.
num_vsnodes_births: 2.
num_vsnodes_deaths: 0.
num_space_committed: 1064.
num_space_uncommitted: 0.
num_chunks_returned_to_freelist: 23.
num_chunks_taken_from_freelist: 4494.
num_chunk_merges: 14.
num_chunk_splits: 2769.
num_chunks_enlarged: 1537.
num_inconsistent_stats: 0.

CodeHeap 'non-profiled nmethods': size=119168Kb used=5161Kb max_used=5161Kb free=114006Kb
 bounds [0x00000211b79f0000, 0x00000211b7f00000, 0x00000211bee50000]
CodeHeap 'profiled nmethods': size=119104Kb used=34702Kb max_used=34702Kb free=84402Kb
 bounds [0x00000211afe50000, 0x00000211b2040000, 0x00000211b72a0000]
CodeHeap 'non-nmethods': size=7488Kb used=2547Kb max_used=2954Kb free=4941Kb
 bounds [0x00000211b72a0000, 0x00000211b7590000, 0x00000211b79f0000]
CodeCache: size=245760Kb, used=42410Kb, max_used=42817Kb, free=203349Kb
 total_blobs=15365, nmethods=14638, adapters=629, full_count=0
Compilation: enabled, stopped_count=0, restarted_count=0

Compilation events (20 events):
Event: 15.431 Thread 0x0000021205e4c2a0 nmethod 15443 0x00000211b202e010 code [0x00000211b202e1a0, 0x00000211b202e2d8]
Event: 15.432 Thread 0x0000021205d2d500 nmethod 15441 0x00000211b202e390 code [0x00000211b202e5c0, 0x00000211b202ecd8]
Event: 15.434 Thread 0x0000021205d2d500 15445       2       com.google.gson.stream.JsonWriter::newline (55 bytes)
Event: 15.434 Thread 0x0000021205d2d500 nmethod 15445 0x00000211b202f110 code [0x00000211b202f2e0, 0x00000211b202f520]
Event: 15.434 Thread 0x0000021205d2d500 15446       1       sun.nio.ch.Iocp$CompletionStatus::completionKey (5 bytes)
Event: 15.434 Thread 0x0000021205d2d500 nmethod 15446 0x00000211b7ef9e10 code [0x00000211b7ef9fa0, 0x00000211b7efa068]
Event: 15.441 Thread 0x0000021205d2d500 15447       2       com.google.gson.stream.JsonWriter::writeDeferredName (25 bytes)
Event: 15.442 Thread 0x0000021205e2b150 15448       2       com.google.gson.stream.JsonWriter::beforeValue (140 bytes)
Event: 15.442 Thread 0x0000021205d2d500 nmethod 15447 0x00000211b202f690 code [0x00000211b202f840, 0x00000211b202f9c8]
Event: 15.442 Thread 0x0000021205d2d500 15449       1       com.google.gson.stream.JsonWriter::setHtmlSafe (6 bytes)
Event: 15.442 Thread 0x0000021205e4c2a0 15450       1       com.google.gson.stream.JsonWriter::setSerializeNulls (6 bytes)
Event: 15.442 Thread 0x0000021205e2b150 nmethod 15448 0x00000211b202fa90 code [0x00000211b202fcc0, 0x00000211b2030200]
Event: 15.442 Thread 0x0000021205e4c2a0 nmethod 15450 0x00000211b7efa110 code [0x00000211b7efa2a0, 0x00000211b7efa370]
Event: 15.442 Thread 0x0000021205d2d500 nmethod 15449 0x00000211b7efa410 code [0x00000211b7efa5a0, 0x00000211b7efa670]
Event: 15.443 Thread 0x0000021205d2d500 15451       2       com.google.gson.stream.JsonWriter::name (56 bytes)
Event: 15.444 Thread 0x0000021205d2d500 nmethod 15451 0x00000211b2030490 code [0x00000211b2030680, 0x00000211b2030b18]
Event: 15.448 Thread 0x0000021205d2d500 15452       3       org.eclipse.core.runtime.Path::computeSegments (163 bytes)
Event: 15.449 Thread 0x0000021205e4c2a0 15454   !   2       org.eclipse.osgi.internal.framework.EquinoxBundle::createBundleContext (65 bytes)
Event: 15.450 Thread 0x0000021205e4c2a0 nmethod 15454 0x00000211b2030d90 code [0x00000211b2030f80, 0x00000211b2031330]
Event: 15.450 Thread 0x0000021205d2d500 nmethod 15452 0x00000211b2031590 code [0x00000211b20318e0, 0x00000211b2032f70]

GC Heap History (20 events):
Event: 14.482 GC heap before
{Heap before GC invocations=79 (full 3):
 PSYoungGen      total 9216K, used 8800K [0x00000000d5580000, 0x00000000d6000000, 0x0000000100000000)
  eden space 7680K, 100% used [0x00000000d5580000,0x00000000d5d00000,0x00000000d5d00000)
  from space 1536K, 72% used [0x00000000d5d00000,0x00000000d5e18000,0x00000000d5e80000)
  to   space 1536K, 0% used [0x00000000d5e80000,0x00000000d5e80000,0x00000000d6000000)
 ParOldGen       total 95744K, used 95277K [0x0000000080000000, 0x0000000085d80000, 0x00000000d5580000)
  object space 95744K, 99% used [0x0000000080000000,0x0000000085d0b7d0,0x0000000085d80000)
 Metaspace       used 63940K, committed 65472K, reserved 1114112K
  class space    used 6448K, committed 7104K, reserved 1048576K
}
Event: 14.483 GC heap after
{Heap after GC invocations=79 (full 3):
 PSYoungGen      total 8704K, used 640K [0x00000000d5580000, 0x00000000d5f80000, 0x0000000100000000)
  eden space 7680K, 0% used [0x00000000d5580000,0x00000000d5580000,0x00000000d5d00000)
  from space 1024K, 62% used [0x00000000d5e80000,0x00000000d5f20020,0x00000000d5f80000)
  to   space 1024K, 0% used [0x00000000d5d80000,0x00000000d5d80000,0x00000000d5e80000)
 ParOldGen       total 95744K, used 95573K [0x0000000080000000, 0x0000000085d80000, 0x00000000d5580000)
  object space 95744K, 99% used [0x0000000080000000,0x0000000085d557d0,0x0000000085d80000)
 Metaspace       used 63940K, committed 65472K, reserved 1114112K
  class space    used 6448K, committed 7104K, reserved 1048576K
}
Event: 14.519 GC heap before
{Heap before GC invocations=80 (full 3):
 PSYoungGen      total 8704K, used 8320K [0x00000000d5580000, 0x00000000d5f80000, 0x0000000100000000)
  eden space 7680K, 100% used [0x00000000d5580000,0x00000000d5d00000,0x00000000d5d00000)
  from space 1024K, 62% used [0x00000000d5e80000,0x00000000d5f20020,0x00000000d5f80000)
  to   space 1024K, 0% used [0x00000000d5d80000,0x00000000d5d80000,0x00000000d5e80000)
 ParOldGen       total 95744K, used 95573K [0x0000000080000000, 0x0000000085d80000, 0x00000000d5580000)
  object space 95744K, 99% used [0x0000000080000000,0x0000000085d557d0,0x0000000085d80000)
 Metaspace       used 64007K, committed 65472K, reserved 1114112K
  class space    used 6448K, committed 7104K, reserved 1048576K
}
Event: 14.522 GC heap after
{Heap after GC invocations=80 (full 3):
 PSYoungGen      total 8704K, used 992K [0x00000000d5580000, 0x00000000d6000000, 0x0000000100000000)
  eden space 7680K, 0% used [0x00000000d5580000,0x00000000d5580000,0x00000000d5d00000)
  from space 1024K, 96% used [0x00000000d5d80000,0x00000000d5e78020,0x00000000d5e80000)
  to   space 1536K, 0% used [0x00000000d5e80000,0x00000000d5e80000,0x00000000d6000000)
 ParOldGen       total 96256K, used 95957K [0x0000000080000000, 0x0000000085e00000, 0x00000000d5580000)
  object space 96256K, 99% used [0x0000000080000000,0x0000000085db57d0,0x0000000085e00000)
 Metaspace       used 64007K, committed 65472K, reserved 1114112K
  class space    used 6448K, committed 7104K, reserved 1048576K
}
Event: 14.558 GC heap before
{Heap before GC invocations=81 (full 3):
 PSYoungGen      total 8704K, used 8672K [0x00000000d5580000, 0x00000000d6000000, 0x0000000100000000)
  eden space 7680K, 100% used [0x00000000d5580000,0x00000000d5d00000,0x00000000d5d00000)
  from space 1024K, 96% used [0x00000000d5d80000,0x00000000d5e78020,0x00000000d5e80000)
  to   space 1536K, 0% used [0x00000000d5e80000,0x00000000d5e80000,0x00000000d6000000)
 ParOldGen       total 96256K, used 95957K [0x0000000080000000, 0x0000000085e00000, 0x00000000d5580000)
  object space 96256K, 99% used [0x0000000080000000,0x0000000085db57d0,0x0000000085e00000)
 Metaspace       used 64019K, committed 65536K, reserved 1114112K
  class space    used 6448K, committed 7104K, reserved 1048576K
}
Event: 14.559 GC heap after
{Heap after GC invocations=81 (full 3):
 PSYoungGen      total 8704K, used 800K [0x00000000d5580000, 0x00000000d5f80000, 0x0000000100000000)
  eden space 7680K, 0% used [0x00000000d5580000,0x00000000d5580000,0x00000000d5d00000)
  from space 1024K, 78% used [0x00000000d5e80000,0x00000000d5f48000,0x00000000d5f80000)
  to   space 1024K, 0% used [0x00000000d5d80000,0x00000000d5d80000,0x00000000d5e80000)
 ParOldGen       total 96768K, used 96517K [0x0000000080000000, 0x0000000085e80000, 0x00000000d5580000)
  object space 96768K, 99% used [0x0000000080000000,0x0000000085e417f0,0x0000000085e80000)
 Metaspace       used 64019K, committed 65536K, reserved 1114112K
  class space    used 6448K, committed 7104K, reserved 1048576K
}
Event: 14.612 GC heap before
{Heap before GC invocations=82 (full 3):
 PSYoungGen      total 8704K, used 8480K [0x00000000d5580000, 0x00000000d5f80000, 0x0000000100000000)
  eden space 7680K, 100% used [0x00000000d5580000,0x00000000d5d00000,0x00000000d5d00000)
  from space 1024K, 78% used [0x00000000d5e80000,0x00000000d5f48000,0x00000000d5f80000)
  to   space 1024K, 0% used [0x00000000d5d80000,0x00000000d5d80000,0x00000000d5e80000)
 ParOldGen       total 96768K, used 96517K [0x0000000080000000, 0x0000000085e80000, 0x00000000d5580000)
  object space 96768K, 99% used [0x0000000080000000,0x0000000085e417f0,0x0000000085e80000)
 Metaspace       used 64081K, committed 65536K, reserved 1114112K
  class space    used 6449K, committed 7104K, reserved 1048576K
}
Event: 14.614 GC heap after
{Heap after GC invocations=82 (full 3):
 PSYoungGen      total 8704K, used 896K [0x00000000d5580000, 0x00000000d5f00000, 0x0000000100000000)
  eden space 7680K, 0% used [0x00000000d5580000,0x00000000d5580000,0x00000000d5d00000)
  from space 1024K, 87% used [0x00000000d5d80000,0x00000000d5e60000,0x00000000d5e80000)
  to   space 512K, 0% used [0x00000000d5e80000,0x00000000d5e80000,0x00000000d5f00000)
 ParOldGen       total 97280K, used 96933K [0x0000000080000000, 0x0000000085f00000, 0x00000000d5580000)
  object space 97280K, 99% used [0x0000000080000000,0x0000000085ea97f0,0x0000000085f00000)
 Metaspace       used 64081K, committed 65536K, reserved 1114112K
  class space    used 6449K, committed 7104K, reserved 1048576K
}
Event: 14.716 GC heap before
{Heap before GC invocations=83 (full 3):
 PSYoungGen      total 8704K, used 8576K [0x00000000d5580000, 0x00000000d5f00000, 0x0000000100000000)
  eden space 7680K, 100% used [0x00000000d5580000,0x00000000d5d00000,0x00000000d5d00000)
  from space 1024K, 87% used [0x00000000d5d80000,0x00000000d5e60000,0x00000000d5e80000)
  to   space 512K, 0% used [0x00000000d5e80000,0x00000000d5e80000,0x00000000d5f00000)
 ParOldGen       total 97280K, used 96933K [0x0000000080000000, 0x0000000085f00000, 0x00000000d5580000)
  object space 97280K, 99% used [0x0000000080000000,0x0000000085ea97f0,0x0000000085f00000)
 Metaspace       used 64496K, committed 65984K, reserved 1114112K
  class space    used 6487K, committed 7104K, reserved 1048576K
}
Event: 14.717 GC heap after
{Heap after GC invocations=83 (full 3):
 PSYoungGen      total 8192K, used 512K [0x00000000d5580000, 0x00000000d5f00000, 0x0000000100000000)
  eden space 7680K, 0% used [0x00000000d5580000,0x00000000d5580000,0x00000000d5d00000)
  from space 512K, 100% used [0x00000000d5e80000,0x00000000d5f00000,0x00000000d5f00000)
  to   space 1024K, 0% used [0x00000000d5d00000,0x00000000d5d00000,0x00000000d5e00000)
 ParOldGen       total 97792K, used 97461K [0x0000000080000000, 0x0000000085f80000, 0x00000000d5580000)
  object space 97792K, 99% used [0x0000000080000000,0x0000000085f2d7f0,0x0000000085f80000)
 Metaspace       used 64496K, committed 65984K, reserved 1114112K
  class space    used 6487K, committed 7104K, reserved 1048576K
}
Event: 14.793 GC heap before
{Heap before GC invocations=84 (full 3):
 PSYoungGen      total 8192K, used 8192K [0x00000000d5580000, 0x00000000d5f00000, 0x0000000100000000)
  eden space 7680K, 100% used [0x00000000d5580000,0x00000000d5d00000,0x00000000d5d00000)
  from space 512K, 100% used [0x00000000d5e80000,0x00000000d5f00000,0x00000000d5f00000)
  to   space 1024K, 0% used [0x00000000d5d00000,0x00000000d5d00000,0x00000000d5e00000)
 ParOldGen       total 97792K, used 97461K [0x0000000080000000, 0x0000000085f80000, 0x00000000d5580000)
  object space 97792K, 99% used [0x0000000080000000,0x0000000085f2d7f0,0x0000000085f80000)
 Metaspace       used 64719K, committed 66240K, reserved 1114112K
  class space    used 6522K, committed 7168K, reserved 1048576K
}
Event: 14.794 GC heap after
{Heap after GC invocations=84 (full 3):
 PSYoungGen      total 8704K, used 992K [0x00000000d5580000, 0x00000000d6000000, 0x0000000100000000)
  eden space 7680K, 0% used [0x00000000d5580000,0x00000000d5580000,0x00000000d5d00000)
  from space 1024K, 96% used [0x00000000d5d00000,0x00000000d5df8000,0x00000000d5e00000)
  to   space 1536K, 0% used [0x00000000d5e80000,0x00000000d5e80000,0x00000000d6000000)
 ParOldGen       total 97792K, used 97786K [0x0000000080000000, 0x0000000085f80000, 0x00000000d5580000)
  object space 97792K, 99% used [0x0000000080000000,0x0000000085f7e800,0x0000000085f80000)
 Metaspace       used 64719K, committed 66240K, reserved 1114112K
  class space    used 6522K, committed 7168K, reserved 1048576K
}
Event: 14.832 GC heap before
{Heap before GC invocations=85 (full 3):
 PSYoungGen      total 8704K, used 8672K [0x00000000d5580000, 0x00000000d6000000, 0x0000000100000000)
  eden space 7680K, 100% used [0x00000000d5580000,0x00000000d5d00000,0x00000000d5d00000)
  from space 1024K, 96% used [0x00000000d5d00000,0x00000000d5df8000,0x00000000d5e00000)
  to   space 1536K, 0% used [0x00000000d5e80000,0x00000000d5e80000,0x00000000d6000000)
 ParOldGen       total 97792K, used 97786K [0x0000000080000000, 0x0000000085f80000, 0x00000000d5580000)
  object space 97792K, 99% used [0x0000000080000000,0x0000000085f7e800,0x0000000085f80000)
 Metaspace       used 64874K, committed 66432K, reserved 1114112K
  class space    used 6549K, committed 7232K, reserved 1048576K
}
Event: 14.834 GC heap after
{Heap after GC invocations=85 (full 3):
 PSYoungGen      total 9216K, used 1408K [0x00000000d5580000, 0x00000000d6000000, 0x0000000100000000)
  eden space 7680K, 0% used [0x00000000d5580000,0x00000000d5580000,0x00000000d5d00000)
  from space 1536K, 91% used [0x00000000d5e80000,0x00000000d5fe0000,0x00000000d6000000)
  to   space 1536K, 0% used [0x00000000d5d00000,0x00000000d5d00000,0x00000000d5e80000)
 ParOldGen       total 98816K, used 98570K [0x0000000080000000, 0x0000000086080000, 0x00000000d5580000)
  object space 98816K, 99% used [0x0000000080000000,0x0000000086042800,0x0000000086080000)
 Metaspace       used 64874K, committed 66432K, reserved 1114112K
  class space    used 6549K, committed 7232K, reserved 1048576K
}
Event: 14.927 GC heap before
{Heap before GC invocations=86 (full 3):
 PSYoungGen      total 9216K, used 9088K [0x00000000d5580000, 0x00000000d6000000, 0x0000000100000000)
  eden space 7680K, 100% used [0x00000000d5580000,0x00000000d5d00000,0x00000000d5d00000)
  from space 1536K, 91% used [0x00000000d5e80000,0x00000000d5fe0000,0x00000000d6000000)
  to   space 1536K, 0% used [0x00000000d5d00000,0x00000000d5d00000,0x00000000d5e80000)
 ParOldGen       total 98816K, used 98570K [0x0000000080000000, 0x0000000086080000, 0x00000000d5580000)
  object space 98816K, 99% used [0x0000000080000000,0x0000000086042800,0x0000000086080000)
 Metaspace       used 65318K, committed 66816K, reserved 1114112K
  class space    used 6600K, committed 7232K, reserved 1048576K
}
Event: 14.929 GC heap after
{Heap after GC invocations=86 (full 3):
 PSYoungGen      total 8704K, used 666K [0x00000000d5580000, 0x00000000d5f00000, 0x0000000100000000)
  eden space 7680K, 0% used [0x00000000d5580000,0x00000000d5580000,0x00000000d5d00000)
  from space 1024K, 65% used [0x00000000d5d00000,0x00000000d5da68c8,0x00000000d5e00000)
  to   space 1024K, 0% used [0x00000000d5e00000,0x00000000d5e00000,0x00000000d5f00000)
 ParOldGen       total 99328K, used 99022K [0x0000000080000000, 0x0000000086100000, 0x00000000d5580000)
  object space 99328K, 99% used [0x0000000080000000,0x00000000860b3810,0x0000000086100000)
 Metaspace       used 65318K, committed 66816K, reserved 1114112K
  class space    used 6600K, committed 7232K, reserved 1048576K
}
Event: 15.076 GC heap before
{Heap before GC invocations=87 (full 3):
 PSYoungGen      total 8704K, used 8346K [0x00000000d5580000, 0x00000000d5f00000, 0x0000000100000000)
  eden space 7680K, 100% used [0x00000000d5580000,0x00000000d5d00000,0x00000000d5d00000)
  from space 1024K, 65% used [0x00000000d5d00000,0x00000000d5da68c8,0x00000000d5e00000)
  to   space 1024K, 0% used [0x00000000d5e00000,0x00000000d5e00000,0x00000000d5f00000)
 ParOldGen       total 99328K, used 99022K [0x0000000080000000, 0x0000000086100000, 0x00000000d5580000)
  object space 99328K, 99% used [0x0000000080000000,0x00000000860b3810,0x0000000086100000)
 Metaspace       used 65660K, committed 67200K, reserved 1114112K
  class space    used 6631K, committed 7296K, reserved 1048576K
}
Event: 15.078 GC heap after
{Heap after GC invocations=87 (full 3):
 PSYoungGen      total 8704K, used 448K [0x00000000d5580000, 0x00000000d5f00000, 0x0000000100000000)
  eden space 7680K, 0% used [0x00000000d5580000,0x00000000d5580000,0x00000000d5d00000)
  from space 1024K, 43% used [0x00000000d5e00000,0x00000000d5e70000,0x00000000d5f00000)
  to   space 1024K, 0% used [0x00000000d5d00000,0x00000000d5d00000,0x00000000d5e00000)
 ParOldGen       total 99840K, used 99470K [0x0000000080000000, 0x0000000086180000, 0x00000000d5580000)
  object space 99840K, 99% used [0x0000000080000000,0x0000000086123800,0x0000000086180000)
 Metaspace       used 65660K, committed 67200K, reserved 1114112K
  class space    used 6631K, committed 7296K, reserved 1048576K
}
Event: 15.302 GC heap before
{Heap before GC invocations=88 (full 3):
 PSYoungGen      total 8704K, used 8128K [0x00000000d5580000, 0x00000000d5f00000, 0x0000000100000000)
  eden space 7680K, 100% used [0x00000000d5580000,0x00000000d5d00000,0x00000000d5d00000)
  from space 1024K, 43% used [0x00000000d5e00000,0x00000000d5e70000,0x00000000d5f00000)
  to   space 1024K, 0% used [0x00000000d5d00000,0x00000000d5d00000,0x00000000d5e00000)
 ParOldGen       total 99840K, used 99470K [0x0000000080000000, 0x0000000086180000, 0x00000000d5580000)
  object space 99840K, 99% used [0x0000000080000000,0x0000000086123800,0x0000000086180000)
 Metaspace       used 66237K, committed 67712K, reserved 1114112K
  class space    used 6686K, committed 7360K, reserved 1048576K
}
Event: 15.304 GC heap after
{Heap after GC invocations=88 (full 3):
 PSYoungGen      total 8704K, used 448K [0x00000000d5580000, 0x00000000d5e80000, 0x0000000100000000)
  eden space 7680K, 0% used [0x00000000d5580000,0x00000000d5580000,0x00000000d5d00000)
  from space 1024K, 43% used [0x00000000d5d00000,0x00000000d5d70000,0x00000000d5e00000)
  to   space 512K, 0% used [0x00000000d5e00000,0x00000000d5e00000,0x00000000d5e80000)
 ParOldGen       total 99840K, used 99622K [0x0000000080000000, 0x0000000086180000, 0x00000000d5580000)
  object space 99840K, 99% used [0x0000000080000000,0x0000000086149810,0x0000000086180000)
 Metaspace       used 66237K, committed 67712K, reserved 1114112K
  class space    used 6686K, committed 7360K, reserved 1048576K
}

Dll operation events (10 events):
Event: 0.024 Loaded shared library c:\Users\Leonardo\.vscode\extensions\redhat.java-1.54.0-win32-x64\jre\21.0.10-win32-x86_64\bin\java.dll
Event: 0.138 Loaded shared library c:\Users\Leonardo\.vscode\extensions\redhat.java-1.54.0-win32-x64\jre\21.0.10-win32-x86_64\bin\zip.dll
Event: 0.170 Loaded shared library C:\Users\Leonardo\.vscode\extensions\redhat.java-1.54.0-win32-x64\jre\21.0.10-win32-x86_64\bin\instrument.dll
Event: 0.184 Loaded shared library C:\Users\Leonardo\.vscode\extensions\redhat.java-1.54.0-win32-x64\jre\21.0.10-win32-x86_64\bin\net.dll
Event: 0.188 Loaded shared library C:\Users\Leonardo\.vscode\extensions\redhat.java-1.54.0-win32-x64\jre\21.0.10-win32-x86_64\bin\nio.dll
Event: 0.193 Loaded shared library C:\Users\Leonardo\.vscode\extensions\redhat.java-1.54.0-win32-x64\jre\21.0.10-win32-x86_64\bin\zip.dll
Event: 0.218 Loaded shared library C:\Users\Leonardo\.vscode\extensions\redhat.java-1.54.0-win32-x64\jre\21.0.10-win32-x86_64\bin\jimage.dll
Event: 0.300 Loaded shared library c:\Users\Leonardo\.vscode\extensions\redhat.java-1.54.0-win32-x64\jre\21.0.10-win32-x86_64\bin\verify.dll
Event: 1.630 Loaded shared library C:\Users\Leonardo\AppData\Roaming\Code\User\globalStorage\redhat.java\1.54.0\config_win\org.eclipse.equinox.launcher\org.eclipse.equinox.launcher.win32.win32.x86_64_1.3.0.v20260203-2149\eclipse_11919.dll
Event: 4.905 Loaded shared library C:\Users\Leonardo\AppData\Local\Temp\jna-2035583412\jna2026017052290561348.dll

Deoptimization events (20 events):
Event: 15.156 Thread 0x000002120c102e80 DEOPT PACKING pc=0x00000211b7c7aebc sp=0x000000dddf8fedd0
Event: 15.156 Thread 0x000002120c102e80 DEOPT UNPACKING pc=0x00000211b72f3aa2 sp=0x000000dddf8fed60 mode 2
Event: 15.158 Thread 0x000002120c102e80 Uncommon trap: trap_request=0xffffffc6 fr.pc=0x00000211b7c7aebc relative=0x000000000000009c
Event: 15.158 Thread 0x000002120c102e80 Uncommon trap: reason=bimorphic_or_optimized_type_check action=maybe_recompile pc=0x00000211b7c7aebc method=java.nio.file.Files.provider(Ljava/nio/file/Path;)Ljava/nio/file/spi/FileSystemProvider; @ 1 c2
Event: 15.158 Thread 0x000002120c102e80 DEOPT PACKING pc=0x00000211b7c7aebc sp=0x000000dddf8fedd0
Event: 15.158 Thread 0x000002120c102e80 DEOPT UNPACKING pc=0x00000211b72f3aa2 sp=0x000000dddf8fed60 mode 2
Event: 15.251 Thread 0x000002120c102e80 DEOPT PACKING pc=0x00000211b0b58230 sp=0x000000dddf8febb0
Event: 15.251 Thread 0x000002120c102e80 DEOPT UNPACKING pc=0x00000211b72f4242 sp=0x000000dddf8fe098 mode 0
Event: 15.441 Thread 0x000002120ce1de50 Uncommon trap: trap_request=0xffffff45 fr.pc=0x00000211b7bdf0b0 relative=0x0000000000001990
Event: 15.441 Thread 0x000002120ce1de50 Uncommon trap: reason=unstable_if action=reinterpret pc=0x00000211b7bdf0b0 method=org.eclipse.core.runtime.Path.computeSegmentCount(Ljava/lang/String;)I @ 11 c2
Event: 15.441 Thread 0x000002120ce1de50 DEOPT PACKING pc=0x00000211b7bdf0b0 sp=0x000000dde0ffdc20
Event: 15.441 Thread 0x000002120ce1de50 DEOPT UNPACKING pc=0x00000211b72f3aa2 sp=0x000000dde0ffdb68 mode 2
Event: 15.444 Thread 0x000002120ce1de50 Uncommon trap: trap_request=0xffffff45 fr.pc=0x00000211b7e1d314 relative=0x0000000000002a94
Event: 15.444 Thread 0x000002120ce1de50 Uncommon trap: reason=unstable_if action=reinterpret pc=0x00000211b7e1d314 method=java.net.URI.equalIgnoringCase(Ljava/lang/String;Ljava/lang/String;)Z @ 8 c2
Event: 15.444 Thread 0x000002120ce1de50 DEOPT PACKING pc=0x00000211b7e1d314 sp=0x000000dde0ffe110
Event: 15.445 Thread 0x000002120ce1de50 DEOPT UNPACKING pc=0x00000211b72f3aa2 sp=0x000000dde0ffe070 mode 2
Event: 15.448 Thread 0x000002120ce1de50 Uncommon trap: trap_request=0xffffff45 fr.pc=0x00000211b7cf6164 relative=0x0000000000000304
Event: 15.448 Thread 0x000002120ce1de50 Uncommon trap: reason=unstable_if action=reinterpret pc=0x00000211b7cf6164 method=java.net.URI.equalIgnoringCase(Ljava/lang/String;Ljava/lang/String;)Z @ 8 c2
Event: 15.448 Thread 0x000002120ce1de50 DEOPT PACKING pc=0x00000211b7cf6164 sp=0x000000dde0ffdf80
Event: 15.448 Thread 0x000002120ce1de50 DEOPT UNPACKING pc=0x00000211b72f3aa2 sp=0x000000dde0ffdf30 mode 2

Classes loaded (20 events):
Event: 15.128 Loading class java/util/TreeMap$ValueSpliterator
Event: 15.128 Loading class java/util/TreeMap$TreeMapSpliterator
Event: 15.128 Loading class java/util/TreeMap$TreeMapSpliterator done
Event: 15.128 Loading class java/util/TreeMap$ValueSpliterator done
Event: 15.134 Loading class java/util/concurrent/Executors$DelegatedScheduledExecutorService
Event: 15.134 Loading class java/util/concurrent/Executors$DelegatedExecutorService
Event: 15.134 Loading class java/util/concurrent/Executors$DelegatedExecutorService done
Event: 15.134 Loading class java/util/concurrent/Executors$DelegatedScheduledExecutorService done
Event: 15.148 Loading class java/util/concurrent/CompletionException
Event: 15.148 Loading class java/util/concurrent/CompletionException done
Event: 15.152 Loading class java/nio/file/FileTreeWalker$1
Event: 15.152 Loading class java/nio/file/FileTreeWalker$1 done
Event: 15.153 Loading class sun/nio/fs/Globs
Event: 15.154 Loading class sun/nio/fs/Globs done
Event: 15.154 Loading class java/util/regex/Pattern$SliceU
Event: 15.154 Loading class java/util/regex/Pattern$SliceU done
Event: 15.154 Loading class sun/nio/fs/WindowsFileSystem$2
Event: 15.154 Loading class java/nio/file/PathMatcher
Event: 15.154 Loading class java/nio/file/PathMatcher done
Event: 15.154 Loading class sun/nio/fs/WindowsFileSystem$2 done

Classes unloaded (7 events):
Event: 5.394 Thread 0x00000211c36e1bd0 Unloading class 0x00000211c51a3800 'java/lang/invoke/LambdaForm$MH+0x00000211c51a3800'
Event: 5.394 Thread 0x00000211c36e1bd0 Unloading class 0x00000211c51a3400 'java/lang/invoke/LambdaForm$MH+0x00000211c51a3400'
Event: 5.394 Thread 0x00000211c36e1bd0 Unloading class 0x00000211c51a3000 'java/lang/invoke/LambdaForm$MH+0x00000211c51a3000'
Event: 5.394 Thread 0x00000211c36e1bd0 Unloading class 0x00000211c51a2c00 'java/lang/invoke/LambdaForm$MH+0x00000211c51a2c00'
Event: 5.394 Thread 0x00000211c36e1bd0 Unloading class 0x00000211c51a2800 'java/lang/invoke/LambdaForm$BMH+0x00000211c51a2800'
Event: 5.394 Thread 0x00000211c36e1bd0 Unloading class 0x00000211c51a2400 'java/lang/invoke/LambdaForm$DMH+0x00000211c51a2400'
Event: 5.394 Thread 0x00000211c36e1bd0 Unloading class 0x00000211c51a1000 'java/lang/invoke/LambdaForm$DMH+0x00000211c51a1000'

Classes redefined (0 events):
No events

Internal exceptions (20 events):
Event: 15.378 Thread 0x000002120c102e80 Exception <a 'sun/nio/fs/WindowsException'{0x00000000d57ebb00}> (0x00000000d57ebb00) 
thrown [s\src\hotspot\share\prims\jni.cpp, line 520]
Event: 15.378 Thread 0x000002120c102e80 Exception <a 'sun/nio/fs/WindowsException'{0x00000000d57ec270}> (0x00000000d57ec270) 
thrown [s\src\hotspot\share\prims\jni.cpp, line 520]
Event: 15.378 Thread 0x000002120c102e80 Exception <a 'sun/nio/fs/WindowsException'{0x00000000d57efa90}> (0x00000000d57efa90) 
thrown [s\src\hotspot\share\prims\jni.cpp, line 520]
Event: 15.378 Thread 0x000002120c102e80 Exception <a 'sun/nio/fs/WindowsException'{0x00000000d57f0170}> (0x00000000d57f0170) 
thrown [s\src\hotspot\share\prims\jni.cpp, line 520]
Event: 15.378 Thread 0x000002120c102e80 Exception <a 'sun/nio/fs/WindowsException'{0x00000000d57f0850}> (0x00000000d57f0850) 
thrown [s\src\hotspot\share\prims\jni.cpp, line 520]
Event: 15.378 Thread 0x000002120c102e80 Exception <a 'sun/nio/fs/WindowsException'{0x00000000d57f0f48}> (0x00000000d57f0f48) 
thrown [s\src\hotspot\share\prims\jni.cpp, line 520]
Event: 15.378 Thread 0x000002120c102e80 Exception <a 'sun/nio/fs/WindowsException'{0x00000000d57f4938}> (0x00000000d57f4938) 
thrown [s\src\hotspot\share\prims\jni.cpp, line 520]
Event: 15.378 Thread 0x000002120c102e80 Exception <a 'sun/nio/fs/WindowsException'{0x00000000d57f5058}> (0x00000000d57f5058) 
thrown [s\src\hotspot\share\prims\jni.cpp, line 520]
Event: 15.378 Thread 0x000002120c102e80 Exception <a 'sun/nio/fs/WindowsException'{0x00000000d57f5778}> (0x00000000d57f5778) 
thrown [s\src\hotspot\share\prims\jni.cpp, line 520]
Event: 15.378 Thread 0x000002120c102e80 Exception <a 'sun/nio/fs/WindowsException'{0x00000000d57f5eb8}> (0x00000000d57f5eb8) 
thrown [s\src\hotspot\share\prims\jni.cpp, line 520]
Event: 15.379 Thread 0x000002120c102e80 Exception <a 'sun/nio/fs/WindowsException'{0x00000000d57f9ac8}> (0x00000000d57f9ac8) 
thrown [s\src\hotspot\share\prims\jni.cpp, line 520]
Event: 15.379 Thread 0x000002120c102e80 Exception <a 'sun/nio/fs/WindowsException'{0x00000000d57fa278}> (0x00000000d57fa278) 
thrown [s\src\hotspot\share\prims\jni.cpp, line 520]
Event: 15.379 Thread 0x000002120c102e80 Exception <a 'sun/nio/fs/WindowsException'{0x00000000d57faa28}> (0x00000000d57faa28) 
thrown [s\src\hotspot\share\prims\jni.cpp, line 520]
Event: 15.379 Thread 0x000002120c102e80 Exception <a 'sun/nio/fs/WindowsException'{0x00000000d57fb1f8}> (0x00000000d57fb1f8) 
thrown [s\src\hotspot\share\prims\jni.cpp, line 520]
Event: 15.379 Thread 0x000002120c102e80 Exception <a 'sun/nio/fs/WindowsException'{0x00000000d57ff200}> (0x00000000d57ff200) 
thrown [s\src\hotspot\share\prims\jni.cpp, line 520]
Event: 15.379 Thread 0x000002120c102e80 Exception <a 'sun/nio/fs/WindowsException'{0x00000000d57ffa00}> (0x00000000d57ffa00) 
thrown [s\src\hotspot\share\prims\jni.cpp, line 520]
Event: 15.379 Thread 0x000002120c102e80 Exception <a 'sun/nio/fs/WindowsException'{0x00000000d5800200}> (0x00000000d5800200) 
thrown [s\src\hotspot\share\prims\jni.cpp, line 520]
Event: 15.379 Thread 0x000002120c102e80 Exception <a 'sun/nio/fs/WindowsException'{0x00000000d5800a18}> (0x00000000d5800a18) 
thrown [s\src\hotspot\share\prims\jni.cpp, line 520]
Event: 15.444 Thread 0x000002120ce1de50 Implicit null exception at 0x00000211b7e1a90b to 0x00000211b7e1d2f4
Event: 15.448 Thread 0x000002120ce1de50 Implicit null exception at 0x00000211b7cf5e8d to 0x00000211b7cf6154

ZGC Phase Switch (0 events):
No events

VM Operations (20 events):
Event: 14.558 Executing safepoint VM operation: ParallelGCFailedAllocation (Allocation Failure)
Event: 14.559 Executing safepoint VM operation: ParallelGCFailedAllocation (Allocation Failure) done
Event: 14.612 Executing safepoint VM operation: ParallelGCFailedAllocation (Allocation Failure)
Event: 14.614 Executing safepoint VM operation: ParallelGCFailedAllocation (Allocation Failure) done
Event: 14.679 Executing non-safepoint VM operation: HandshakeAllThreads (Deoptimize)
Event: 14.679 Executing non-safepoint VM operation: HandshakeAllThreads (Deoptimize) done
Event: 14.715 Executing safepoint VM operation: ParallelGCFailedAllocation (Allocation Failure)
Event: 14.717 Executing safepoint VM operation: ParallelGCFailedAllocation (Allocation Failure) done
Event: 14.793 Executing safepoint VM operation: ParallelGCFailedAllocation (Allocation Failure)
Event: 14.794 Executing safepoint VM operation: ParallelGCFailedAllocation (Allocation Failure) done
Event: 14.832 Executing safepoint VM operation: ParallelGCFailedAllocation (Allocation Failure)
Event: 14.834 Executing safepoint VM operation: ParallelGCFailedAllocation (Allocation Failure) done
Event: 14.927 Executing safepoint VM operation: ParallelGCFailedAllocation (Allocation Failure)
Event: 14.929 Executing safepoint VM operation: ParallelGCFailedAllocation (Allocation Failure) done
Event: 15.076 Executing safepoint VM operation: ParallelGCFailedAllocation (Allocation Failure)
Event: 15.078 Executing safepoint VM operation: ParallelGCFailedAllocation (Allocation Failure) done
Event: 15.302 Executing safepoint VM operation: ParallelGCFailedAllocation (Allocation Failure)
Event: 15.304 Executing safepoint VM operation: ParallelGCFailedAllocation (Allocation Failure) done
Event: 15.395 Executing non-safepoint VM operation: HandshakeAllThreads (Deoptimize)
Event: 15.396 Executing non-safepoint VM operation: HandshakeAllThreads (Deoptimize) done

Memory protections (0 events):
No events

Nmethod flushes (20 events):
Event: 11.080 Thread 0x00000211c36e1bd0 flushing  nmethod 0x00000211b07cf390
Event: 11.080 Thread 0x00000211c36e1bd0 flushing  nmethod 0x00000211b07d1910
Event: 11.080 Thread 0x00000211c36e1bd0 flushing  nmethod 0x00000211b0812110
Event: 11.080 Thread 0x00000211c36e1bd0 flushing  nmethod 0x00000211b0828090
Event: 11.080 Thread 0x00000211c36e1bd0 flushing  nmethod 0x00000211b083bc10
Event: 11.080 Thread 0x00000211c36e1bd0 flushing  nmethod 0x00000211b0840490
Event: 11.080 Thread 0x00000211c36e1bd0 flushing osr nmethod 0x00000211b088f090
Event: 11.080 Thread 0x00000211c36e1bd0 flushing osr nmethod 0x00000211b0890d90
Event: 11.080 Thread 0x00000211c36e1bd0 flushing osr nmethod 0x00000211b08c4e10
Event: 11.080 Thread 0x00000211c36e1bd0 flushing  nmethod 0x00000211b08db890
Event: 11.080 Thread 0x00000211c36e1bd0 flushing  nmethod 0x00000211b08e6b10
Event: 11.080 Thread 0x00000211c36e1bd0 flushing  nmethod 0x00000211b0900610
Event: 11.080 Thread 0x00000211c36e1bd0 flushing  nmethod 0x00000211b0904b10
Event: 11.080 Thread 0x00000211c36e1bd0 flushing  nmethod 0x00000211b0904e90
Event: 11.080 Thread 0x00000211c36e1bd0 flushing  nmethod 0x00000211b0907210
Event: 11.080 Thread 0x00000211c36e1bd0 flushing  nmethod 0x00000211b090dd90
Event: 11.080 Thread 0x00000211c36e1bd0 flushing  nmethod 0x00000211b0910510
Event: 11.080 Thread 0x00000211c36e1bd0 flushing  nmethod 0x00000211b094be90
Event: 11.080 Thread 0x00000211c36e1bd0 flushing  nmethod 0x00000211b095dd90
Event: 11.080 Thread 0x00000211c36e1bd0 flushing  nmethod 0x00000211b095ec10

Events (20 events):
Event: 14.168 Thread 0x000002120c102e80 Thread added: 0x00000212161bacd0
Event: 14.168 Thread 0x000002120c102e80 Thread added: 0x0000021216ee7780
Event: 14.168 Thread 0x000002120c102e80 Thread added: 0x0000021216ee7e10
Event: 14.617 Thread 0x0000021216ee7e10 Thread exited: 0x0000021216ee7e10
Event: 14.617 Thread 0x0000021216ee7780 Thread exited: 0x0000021216ee7780
Event: 14.617 Thread 0x00000212161b9fb0 Thread exited: 0x00000212161b9fb0
Event: 14.617 Thread 0x00000212161bacd0 Thread exited: 0x00000212161bacd0
Event: 14.617 Thread 0x00000212161b9290 Thread exited: 0x00000212161b9290
Event: 14.822 Thread 0x000002120c102e80 Thread added: 0x0000021216eee080
Event: 14.822 Thread 0x000002120c102e80 Thread added: 0x0000021216eeccd0
Event: 14.822 Thread 0x000002120c102e80 Thread added: 0x0000021216eee710
Event: 14.822 Thread 0x000002120c102e80 Thread added: 0x0000021216ee91c0
Event: 14.822 Thread 0x000002120c102e80 Thread added: 0x0000021216ee7e10
Event: 14.838 Thread 0x0000021216eee710 Thread exited: 0x0000021216eee710
Event: 14.838 Thread 0x0000021216ee91c0 Thread exited: 0x0000021216ee91c0
Event: 14.838 Thread 0x0000021216ee7e10 Thread exited: 0x0000021216ee7e10
Event: 14.838 Thread 0x0000021216eeccd0 Thread exited: 0x0000021216eeccd0
Event: 14.838 Thread 0x0000021216eee080 Thread exited: 0x0000021216eee080
Event: 15.134 Thread 0x000002120c102e80 Thread added: 0x0000021216eee710
Event: 15.398 Thread 0x0000021216eee710 Thread exited: 0x0000021216eee710


Dynamic libraries:
0x00007ff729fa0000 - 0x00007ff729fae000 	c:\Users\Leonardo\.vscode\extensions\redhat.java-1.54.0-win32-x64\jre\21.0.10-win32-x86_64\bin\java.exe
0x00007ffe92cf0000 - 0x00007ffe92ee8000 	C:\Windows\SYSTEM32\ntdll.dll
0x00007ffe92390000 - 0x00007ffe92452000 	C:\Windows\System32\KERNEL32.DLL
0x00007ffe90880000 - 0x00007ffe90b76000 	C:\Windows\System32\KERNELBASE.dll
0x00007ffe90700000 - 0x00007ffe90800000 	C:\Windows\System32\ucrtbase.dll
0x00007ffe75000000 - 0x00007ffe75018000 	c:\Users\Leonardo\.vscode\extensions\redhat.java-1.54.0-win32-x64\jre\21.0.10-win32-x86_64\bin\jli.dll
0x00007ffe92460000 - 0x00007ffe92601000 	C:\Windows\System32\USER32.dll
0x00007ffe904d0000 - 0x00007ffe904f2000 	C:\Windows\System32\win32u.dll
0x00007ffe92970000 - 0x00007ffe9299b000 	C:\Windows\System32\GDI32.dll
0x00007ffe90380000 - 0x00007ffe90499000 	C:\Windows\System32\gdi32full.dll
0x00007ffe90660000 - 0x00007ffe906fd000 	C:\Windows\System32\msvcp_win.dll
0x00007ffe76fa0000 - 0x00007ffe76fbe000 	c:\Users\Leonardo\.vscode\extensions\redhat.java-1.54.0-win32-x64\jre\21.0.10-win32-x86_64\bin\VCRUNTIME140.dll
0x00007ffe7fa30000 - 0x00007ffe7fccb000 	C:\Windows\WinSxS\amd64_microsoft.windows.common-controls_6595b64144ccf1df_6.0.19041.6456_none_60b8a6cb71f64256\COMCTL32.dll
0x00007ffe921e0000 - 0x00007ffe9227e000 	C:\Windows\System32\msvcrt.dll
0x00007ffe92280000 - 0x00007ffe922af000 	C:\Windows\System32\IMM32.DLL
0x00007ffe8c780000 - 0x00007ffe8c78c000 	c:\Users\Leonardo\.vscode\extensions\redhat.java-1.54.0-win32-x64\jre\21.0.10-win32-x86_64\bin\vcruntime140_1.dll
0x00007ffe5fe00000 - 0x00007ffe5fe8d000 	c:\Users\Leonardo\.vscode\extensions\redhat.java-1.54.0-win32-x64\jre\21.0.10-win32-x86_64\bin\msvcp140.dll
0x00007ffde9f00000 - 0x00007ffdeaca1000 	c:\Users\Leonardo\.vscode\extensions\redhat.java-1.54.0-win32-x64\jre\21.0.10-win32-x86_64\bin\server\jvm.dll
0x00007ffe91080000 - 0x00007ffe91131000 	C:\Windows\System32\ADVAPI32.dll
0x00007ffe929b0000 - 0x00007ffe92a4f000 	C:\Windows\System32\sechost.dll
0x00007ffe91140000 - 0x00007ffe91260000 	C:\Windows\System32\RPCRT4.dll
0x00007ffe904a0000 - 0x00007ffe904c7000 	C:\Windows\System32\bcrypt.dll
0x00007ffe92170000 - 0x00007ffe921db000 	C:\Windows\System32\WS2_32.dll
0x00007ffe8fef0000 - 0x00007ffe8ff3b000 	C:\Windows\SYSTEM32\POWRPROF.dll
0x00007ffe866a0000 - 0x00007ffe866c7000 	C:\Windows\SYSTEM32\WINMM.dll
0x00007ffe866d0000 - 0x00007ffe866da000 	C:\Windows\SYSTEM32\VERSION.dll
0x00007ffe8fde0000 - 0x00007ffe8fdf2000 	C:\Windows\SYSTEM32\UMPDC.dll
0x00007ffe8eb50000 - 0x00007ffe8eb62000 	C:\Windows\SYSTEM32\kernel.appcore.dll
0x00007ffe89f60000 - 0x00007ffe89f6a000 	c:\Users\Leonardo\.vscode\extensions\redhat.java-1.54.0-win32-x64\jre\21.0.10-win32-x86_64\bin\jimage.dll
0x00007ffe8df40000 - 0x00007ffe8e141000 	C:\Windows\SYSTEM32\DBGHELP.DLL
0x00007ffe7e440000 - 0x00007ffe7e474000 	C:\Windows\SYSTEM32\dbgcore.DLL
0x00007ffe90c80000 - 0x00007ffe90d02000 	C:\Windows\System32\bcryptPrimitives.dll
0x00007ffe83920000 - 0x00007ffe8392f000 	c:\Users\Leonardo\.vscode\extensions\redhat.java-1.54.0-win32-x64\jre\21.0.10-win32-x86_64\bin\instrument.dll
0x00007ffe6d960000 - 0x00007ffe6d980000 	c:\Users\Leonardo\.vscode\extensions\redhat.java-1.54.0-win32-x64\jre\21.0.10-win32-x86_64\bin\java.dll
0x00007ffe919a0000 - 0x00007ffe92110000 	C:\Windows\System32\SHELL32.dll
0x00007ffe8e390000 - 0x00007ffe8eb35000 	C:\Windows\SYSTEM32\windows.storage.dll
0x00007ffe92610000 - 0x00007ffe92964000 	C:\Windows\System32\combase.dll
0x00007ffe8fd40000 - 0x00007ffe8fd6b000 	C:\Windows\SYSTEM32\Wldp.dll
0x00007ffe922c0000 - 0x00007ffe9238d000 	C:\Windows\System32\OLEAUT32.dll
0x00007ffe92a50000 - 0x00007ffe92afd000 	C:\Windows\System32\SHCORE.dll
0x00007ffe92110000 - 0x00007ffe9216b000 	C:\Windows\System32\shlwapi.dll
0x00007ffe902b0000 - 0x00007ffe902d4000 	C:\Windows\SYSTEM32\profapi.dll
0x00007ffe6fa40000 - 0x00007ffe6fa58000 	c:\Users\Leonardo\.vscode\extensions\redhat.java-1.54.0-win32-x64\jre\21.0.10-win32-x86_64\bin\zip.dll
0x00007ffe7b550000 - 0x00007ffe7b560000 	C:\Users\Leonardo\.vscode\extensions\redhat.java-1.54.0-win32-x64\jre\21.0.10-win32-x86_64\bin\net.dll
0x00007ffe88060000 - 0x00007ffe8816a000 	C:\Windows\SYSTEM32\WINHTTP.dll
0x00007ffe8faa0000 - 0x00007ffe8fb0a000 	C:\Windows\system32\mswsock.dll
0x00007ffe6da70000 - 0x00007ffe6da86000 	C:\Users\Leonardo\.vscode\extensions\redhat.java-1.54.0-win32-x64\jre\21.0.10-win32-x86_64\bin\nio.dll
0x00007ffe77620000 - 0x00007ffe77630000 	c:\Users\Leonardo\.vscode\extensions\redhat.java-1.54.0-win32-x64\jre\21.0.10-win32-x86_64\bin\verify.dll
0x00007ffe67b40000 - 0x00007ffe67b85000 	C:\Users\Leonardo\AppData\Roaming\Code\User\globalStorage\redhat.java\1.54.0\config_win\org.eclipse.equinox.launcher\org.eclipse.equinox.launcher.win32.win32.x86_64_1.3.0.v20260203-2149\eclipse_11919.dll
0x00007ffe91400000 - 0x00007ffe9152b000 	C:\Windows\System32\ole32.dll
0x00007ffe8fc90000 - 0x00007ffe8fca8000 	C:\Windows\SYSTEM32\CRYPTSP.dll
0x00007ffe8f320000 - 0x00007ffe8f358000 	C:\Windows\system32\rsaenh.dll
0x00007ffe90270000 - 0x00007ffe9029e000 	C:\Windows\SYSTEM32\USERENV.dll
0x00007ffe8fcb0000 - 0x00007ffe8fcbc000 	C:\Windows\SYSTEM32\CRYPTBASE.dll
0x00007ffe8f780000 - 0x00007ffe8f7bb000 	C:\Windows\SYSTEM32\IPHLPAPI.DLL
0x00007ffe929a0000 - 0x00007ffe929a8000 	C:\Windows\System32\NSI.dll
0x00007ffe63840000 - 0x00007ffe63889000 	C:\Users\Leonardo\AppData\Local\Temp\jna-2035583412\jna2026017052290561348.dll
0x00007ffe92b00000 - 0x00007ffe92b08000 	C:\Windows\System32\PSAPI.DLL
0x00007ffe89450000 - 0x00007ffe89467000 	C:\Windows\SYSTEM32\dhcpcsvc6.DLL
0x00007ffe893b0000 - 0x00007ffe893cd000 	C:\Windows\SYSTEM32\dhcpcsvc.DLL

JVMTI agents:
c:\Users\Leonardo\.vscode\extensions\redhat.java-1.54.0-win32-x64\lombok\lombok-1.18.39-4050.jar path:c:\Users\Leonardo\.vscode\extensions\redhat.java-1.54.0-win32-x64\jre\21.0.10-win32-x86_64\bin\instrument.dll, loaded, initialized, instrumentlib options:none

dbghelp: loaded successfully - version: 4.0.5 - missing functions: none
symbol engine: initialized successfully - sym options: 0x614 - pdb path: .;c:\Users\Leonardo\.vscode\extensions\redhat.java-1.54.0-win32-x64\jre\21.0.10-win32-x86_64\bin;C:\Windows\SYSTEM32;C:\Windows\WinSxS\amd64_microsoft.windows.common-controls_6595b64144ccf1df_6.0.19041.6456_none_60b8a6cb71f64256;c:\Users\Leonardo\.vscode\extensions\redhat.java-1.54.0-win32-x64\jre\21.0.10-win32-x86_64\bin\server;C:\Users\Leonardo\AppData\Roaming\Code\User\globalStorage\redhat.java\1.54.0\config_win\org.eclipse.equinox.launcher\org.eclipse.equinox.launcher.win32.win32.x86_64_1.3.0.v20260203-2149;C:\Users\Leonardo\AppData\Local\Temp\jna-2035583412

VM Arguments:
jvm_args: --add-modules=ALL-SYSTEM --add-opens=java.base/java.util=ALL-UNNAMED --add-opens=java.base/java.lang=ALL-UNNAMED --add-opens=java.base/sun.nio.fs=ALL-UNNAMED -Declipse.application=org.eclipse.jdt.ls.core.id1 -Dosgi.bundles.defaultStartLevel=4 -Declipse.product=org.eclipse.jdt.ls.core.product -Djava.import.generatesMetadataFilesAtProjectRoot=false -DDetectVMInstallationsJob.disabled=true -Dfile.encoding=utf8 -XX:+UseParallelGC -XX:GCTimeRatio=4 -XX:AdaptiveSizePolicyWeight=90 -Dsun.zip.disableMemoryMapping=true -Xmx2G -Xms100m -Xlog:disable -javaagent:c:\Users\Leonardo\.vscode\extensions\redhat.java-1.54.0-win32-x64\lombok\lombok-1.18.39-4050.jar -XX:+HeapDumpOnOutOfMemoryError -XX:HeapDumpPath=c:\Users\Leonardo\AppData\Roaming\Code\User\workspaceStorage\91273af04738737b26cebe2530116206\redhat.java -Daether.dependencyCollector.impl=bf 
java_command: c:\Users\Leonardo\.vscode\extensions\redhat.java-1.54.0-win32-x64\server\plugins\org.eclipse.equinox.launcher_1.7.100.v20251111-0406.jar -configuration c:\Users\Leonardo\AppData\Roaming\Code\User\globalStorage\redhat.java\1.54.0\config_win -data c:\Users\Leonardo\AppData\Roaming\Code\User\workspaceStorage\91273af04738737b26cebe2530116206\redhat.java\jdt_ws --pipe=\\.\pipe\lsp-bd9a983e1c29cbc89c9eaffe8c43935d-sock
java_class_path (initial): c:\Users\Leonardo\.vscode\extensions\redhat.java-1.54.0-win32-x64\server\plugins\org.eclipse.equinox.launcher_1.7.100.v20251111-0406.jar
Launcher Type: SUN_STANDARD

[Global flags]
    uintx AdaptiveSizePolicyWeight                 = 90                                        {product} {command line}
     intx CICompilerCount                          = 12                                        {product} {ergonomic}
    uintx GCTimeRatio                              = 4                                         {product} {command line}
     bool HeapDumpOnOutOfMemoryError               = true                                   {manageable} {command line}
    ccstr HeapDumpPath                             = c:\Users\Leonardo\AppData\Roaming\Code\User\workspaceStorage\91273af04738737b26cebe2530116206\redhat.java         {manageable} {command line}
   size_t InitialHeapSize                          = 104857600                                 {product} {command line}
   size_t MaxHeapSize                              = 2147483648                                {product} {command line}
   size_t MaxNewSize                               = 715653120                                 {product} {ergonomic}
   size_t MinHeapDeltaBytes                        = 524288                                    {product} {ergonomic}
   size_t MinHeapSize                              = 104857600                                 {product} {command line}
   size_t NewSize                                  = 34603008                                  {product} {ergonomic}
    uintx NonNMethodCodeHeapSize                   = 7602480                                {pd product} {ergonomic}
    uintx NonProfiledCodeHeapSize                  = 122027880                              {pd product} {ergonomic}
   size_t OldSize                                  = 70254592                                  {product} {ergonomic}
    uintx ProfiledCodeHeapSize                     = 122027880                              {pd product} {ergonomic}
    uintx ReservedCodeCacheSize                    = 251658240                              {pd product} {ergonomic}
     bool SegmentedCodeCache                       = true                                      {product} {ergonomic}
   size_t SoftMaxHeapSize                          = 2147483648                             {manageable} {ergonomic}
     bool UseCompressedOops                        = true                           {product lp64_product} {ergonomic}
     bool UseLargePagesIndividualAllocation        = false                                  {pd product} {ergonomic}
     bool UseParallelGC                            = true                                      {product} {command line}

Logging:
Log output configuration:
 #0: stdout all=off uptime,level,tags foldmultilines=false
 #1: stderr all=off uptime,level,tags foldmultilines=false

Release file:
JAVA_VERSION="21.0.10" 
MODULES="java.base java.compiler java.datatransfer java.xml java.prefs java.desktop java.instrument java.logging java.management java.security.sasl java.naming java.rmi java.management.rmi java.net.http java.scripting java.security.jgss java.transaction.xa java.sql java.sql.rowset java.xml.crypto java.se java.smartcardio jdk.accessibility jdk.internal.jvmstat jdk.attach jdk.charsets jdk.internal.opt jdk.zipfs jdk.compiler jdk.crypto.ec jdk.crypto.cryptoki jdk.crypto.mscapi jdk.dynalink jdk.internal.ed jdk.editpad jdk.hotspot.agent jdk.httpserver jdk.internal.le jdk.internal.vm.ci jdk.internal.vm.compiler jdk.internal.vm.compiler.management jdk.jartool jdk.javadoc jdk.jcmd jdk.management jdk.management.agent jdk.jconsole jdk.jdeps jdk.jdwp.agent jdk.jdi jdk.jfr jdk.jshell jdk.jsobject jdk.jstatd jdk.localedata jdk.management.jfr jdk.naming.dns jdk.naming.rmi jdk.net jdk.nio.mapmode jdk.random jdk.sctp jdk.security.auth jdk.security.jgss jdk.unsupported jdk.unsupported.desktop jdk.xml.dom" 

Environment Variables:
JAVA_HOME=C:\Program Files\Eclipse Adoptium\jdk-17.0.17.10-hotspot
PATH=C:\Users\Leonardo\AppData\Local\Programs\Microsoft VS Code;C:\Python314\Scripts\;C:\Python314\;C:\Program Files (x86)\Common Files\Oracle\Java\javapath;C:\Program Files\Eclipse Adoptium\jdk-17.0.17.10-hotspot\bin;C:\Windows\system32;C:\Windows;C:\Windows\System32\Wbem;C:\Windows\System32\WindowsPowerShell\v1.0\;C:\Windows\System32\OpenSSH\;C:\Program Files\Microsoft SQL Server\Client SDK\ODBC\170\Tools\Binn\;C:\Program Files\Microsoft SQL Server\160\DTS\Binn\;C:\ProgramData\chocolatey\bin;C:\Program Files\dotnet\;C:\Users\Leonardo\AppData\Local\nvm;C:\nvm4w\nodejs;C:\Program Files\Git\cmd;C:\Program Files\Microsoft SQL Server\Client SDK\ODBC\180\Tools\Binn\;C:\Program Files (x86)\Microsoft SQL Server\160\Tools\Binn\;C:\Program Files\Microsoft SQL Server\160\Tools\Binn\;C:\Program Files (x86)\Microsoft SQL Server\160\DTS\Binn\;C:\Program Files\Microsoft SQL Server\150\Tools\Binn\;C:\Program Files\Microsoft SQL Server\130\DTS\Binn\;C:\Program Files\Microsoft SQL Server\140\DTS\Binn\;C:\Program Files\Microsoft SQL Server\150\DTS\Binn\;C:\Program Files\Microsoft SQL Server\170\DTS\Binn\;C:\Program Files (x86)\cloudflared\;C:\Program Files\Docker\Docker\resources\bin;C:\Program Files\Amazon\AWSCLIV2\;C:\Users\Leonardo\scoop\shims;C:\Users\Leonardo\AppData\Local\Programs\Python\Python310\Scripts\;C:\Users\Leonardo\AppData\Local\Programs\Python\Python310\;C:\Users\Leonardo\AppData\Local\Microsoft\WindowsApps;C:\Users\Leonardo\AppData\Local\GitHubDesktop\bin;C:\Program Files\JetBrains\PyCharm 2025.1\bin;C:\Users\Leonardo\AppData\Local\Programs\Microsoft VS Code\bin;C:\Users\Leonardo\AppData\Local\Programs\Python\Python310\;C:\Users\Leonardo\Documents\flutter\bin;C:\Program Files\MySQL\MySQL Server 8.0\bin;C:\Users\Leonardo\AppData\Local\nvm;C:\nvm4w\nodejs;C:\Users\Leonardo\Downloads\cloudflared.exe.exe;C:\Users\Leonardo\.dotnet\tools;C:\Program Files\Eclipse Adoptium\jdk-17.0.17.10-hotspot\bin;C:\Users\Leonardo\.deno\bin;C:\Users\Leonardo\AppData\Roaming\npm;C:\Users\Leonardo\AppData\Local\Programs\Antigravity\bin;C:\Program Files\Docker\Docker\resources\bin
USERNAME=Leonardo
OS=Windows_NT
PROCESSOR_IDENTIFIER=AMD64 Family 23 Model 104 Stepping 1, AuthenticAMD
TMP=C:\Users\Leonardo\AppData\Local\Temp
TEMP=C:\Users\Leonardo\AppData\Local\Temp




Periodic native trim disabled

---------------  S Y S T E M  ---------------

OS:
 Windows 10 , 64 bit Build 19041 (10.0.19041.5915)
OS uptime: 0 days 13:33 hours
Hyper-V role detected

CPU: total 16 (initial active 16) (16 cores per cpu, 2 threads per core) family 23 model 104 stepping 1 microcode 0x0, cx8, cmov, fxsr, ht, mmx, 3dnowpref, sse, sse2, sse3, ssse3, sse4a, sse4.1, sse4.2, popcnt, lzcnt, tsc, tscinvbit, avx, avx2, aes, clmul, bmi1, bmi2, adx, sha, fma, vzeroupper, clflush, clflushopt, hv, rdtscp, rdpid, f16c
Processor Information for the first 16 processors :
  Max Mhz: 1801, Current Mhz: 1801, Mhz Limit: 1801

Memory: 4k page, system-wide physical 6005M (213M free)
TotalPageFile size 24437M (AvailPageFile size 8M)
current process WorkingSet (physical memory assigned to process): 344M, peak: 348M
current process commit charge ("private bytes"): 431M, peak: 1699M

vm_info: OpenJDK 64-Bit Server VM (21.0.10+7-LTS) for windows-amd64 JRE (21.0.10+7-LTS), built on 2026-01-20T00:00:00Z by "admin" with MS VC++ 17.12 (VS2022)

END.
