#
# There is insufficient memory for the Java Runtime Environment to continue.
# Native memory allocation (malloc) failed to allocate 1417344 bytes. Error detail: Chunk::new
# Possible reasons:
#   The system is out of physical RAM or swap space
#   This process is running with CompressedOops enabled, and the Java Heap may be blocking the growth of the native heap
# Possible solutions:
#   Reduce memory load on the system
#   Increase physical memory or swap space
#   Check if swap backing store is full
#   Decrease Java heap size (-Xmx/-Xms)
#   Decrease number of Java threads
#   Decrease Java thread stack sizes (-Xss)
#   Set larger code cache with -XX:ReservedCodeCacheSize=
#   JVM is running with Unscaled Compressed Oops mode in which the Java heap is
#     placed in the first 4GB address space. The Java Heap base address is the
#     maximum limit for the native heap growth. Please use -XX:HeapBaseMinAddress
#     to set the Java Heap base and to place the Java Heap above 4GB virtual address.
# This output file may be truncated or incomplete.
#
#  Out of Memory Error (arena.cpp:168), pid=5312, tid=5620
#
# JRE version: OpenJDK Runtime Environment Temurin-21.0.10+7 (21.0.10+7) (build 21.0.10+7-LTS)
# Java VM: OpenJDK 64-Bit Server VM Temurin-21.0.10+7 (21.0.10+7-LTS, mixed mode, sharing, tiered, compressed oops, compressed class ptrs, parallel gc, windows-amd64)
# No core dump will be written. Minidumps are not enabled by default on client versions of Windows
#

---------------  S U M M A R Y ------------

Command Line: --add-modules=ALL-SYSTEM --add-opens=java.base/java.util=ALL-UNNAMED --add-opens=java.base/java.lang=ALL-UNNAMED --add-opens=java.base/sun.nio.fs=ALL-UNNAMED -Declipse.application=org.eclipse.jdt.ls.core.id1 -Dosgi.bundles.defaultStartLevel=4 -Declipse.product=org.eclipse.jdt.ls.core.product -Djava.import.generatesMetadataFilesAtProjectRoot=false -DDetectVMInstallationsJob.disabled=true -Dfile.encoding=utf8 -XX:+UseParallelGC -XX:GCTimeRatio=4 -XX:AdaptiveSizePolicyWeight=90 -Dsun.zip.disableMemoryMapping=true -Xmx2G -Xms100m -Xlog:disable -javaagent:c:\Users\Leonardo\.vscode\extensions\redhat.java-1.54.0-win32-x64\lombok\lombok-1.18.39-4050.jar -XX:+HeapDumpOnOutOfMemoryError -XX:HeapDumpPath=c:\Users\Leonardo\AppData\Roaming\Code\User\workspaceStorage\91273af04738737b26cebe2530116206\redhat.java -Daether.dependencyCollector.impl=bf c:\Users\Leonardo\.vscode\extensions\redhat.java-1.54.0-win32-x64\server\plugins\org.eclipse.equinox.launcher_1.7.100.v20251111-0406.jar -configuration c:\Users\Leonardo\AppData\Roaming\Code\User\globalStorage\redhat.java\1.54.0\config_win -data c:\Users\Leonardo\AppData\Roaming\Code\User\workspaceStorage\91273af04738737b26cebe2530116206\redhat.java\jdt_ws --pipe=\\.\pipe\lsp-ce104ec8deed2f5c8b8c5fc81347c9b9-sock

Host: AMD Ryzen 7 5700U with Radeon Graphics         , 16 cores, 5G,  Windows 10 , 64 bit Build 19041 (10.0.19041.5915)
Time: Fri Apr 24 02:19:22 2026 Hora estándar oeste, Sudamérica elapsed time: 37.661873 seconds (0d 0h 0m 37s)

---------------  T H R E A D  ---------------

Current thread (0x0000016a56cbe5e0):  JavaThread "C2 CompilerThread0" daemon [_thread_in_native, id=5620, stack(0x000000447a700000,0x000000447a800000) (1024K)]


Current CompileTask:
C2:37662 7803   !   4       org.eclipse.osgi.internal.loader.BundleLoader::findClass0 (490 bytes)

Stack: [0x000000447a700000,0x000000447a800000]
Native frames: (J=compiled Java code, j=interpreted, Vv=VM code, C=native code)
V  [jvm.dll+0x6d7a39]
V  [jvm.dll+0x8b4b26]
V  [jvm.dll+0x8b70de]
V  [jvm.dll+0x8b77c3]
V  [jvm.dll+0x284346]
V  [jvm.dll+0xc66ed]
V  [jvm.dll+0xc6c31]
V  [jvm.dll+0x3bec3b]
V  [jvm.dll+0x1e3f69]
V  [jvm.dll+0x24c6b3]
V  [jvm.dll+0x24bb40]
V  [jvm.dll+0x1cb34e]
V  [jvm.dll+0x25b85d]
V  [jvm.dll+0x259dea]
V  [jvm.dll+0x3f857e]
V  [jvm.dll+0x85f59d]
V  [jvm.dll+0x6d626d]
C  [ucrtbase.dll+0x21bb2]
C  [KERNEL32.DLL+0x17374]
C  [ntdll.dll+0x4cc91]


---------------  P R O C E S S  ---------------

Threads class SMR info:
_java_thread_list=0x0000016a76c6cdd0, length=62, elements={
0x0000016a56d033e0, 0x0000016a56caea40, 0x0000016a56cb0350, 0x0000016a56cb1ee0,
0x0000016a56cb37f0, 0x0000016a56cbcd40, 0x0000016a56cbd7a0, 0x0000016a56cbe5e0,
0x0000016a6ec9b830, 0x0000016a6ee950b0, 0x0000016a703904d0, 0x0000016a70705290,
0x0000016a7505b3f0, 0x0000016a6ee69800, 0x0000016a6ee745e0, 0x0000016a7098b390,
0x0000016a75057800, 0x0000016a754c9690, 0x0000016a70b3c070, 0x0000016a70b3cd90,
0x0000016a70b3acc0, 0x0000016a70b3b9e0, 0x0000016a70b39fa0, 0x0000016a70b3b350,
0x0000016a70b3a630, 0x0000016a708621b0, 0x0000016a70862ed0, 0x0000016a708669e0,
0x0000016a70860e00, 0x0000016a70867700, 0x0000016a70867d90, 0x0000016a70866350,
0x0000016a70864280, 0x0000016a70862840, 0x0000016a70861490, 0x0000016a70868420,
0x0000016a70863560, 0x0000016a70864fa0, 0x0000016a70867070, 0x0000016a70863bf0,
0x0000016a70865630, 0x0000016a70865cc0, 0x0000016a70861b20, 0x0000016a70864910,
0x0000016a76d50990, 0x0000016a76d4e230, 0x0000016a76d53780, 0x0000016a76d51020,
0x0000016a76d51d40, 0x0000016a76d4f5e0, 0x0000016a76d55850, 0x0000016a76d516b0,
0x0000016a76d551c0, 0x0000016a76d4fc70, 0x0000016a76d530f0, 0x0000016a76d52a60,
0x0000016a76d53e10, 0x0000016a76d50300, 0x0000016a76d523d0, 0x0000016a76d544a0,
0x0000016a76d4e8c0, 0x0000016a76d4ef50
}

Java Threads: ( => current thread )
  0x0000016a56d033e0 JavaThread "main"                              [_thread_blocked, id=22720, stack(0x0000004479d00000,0x0000004479e00000) (1024K)]
  0x0000016a56caea40 JavaThread "Reference Handler"          daemon [_thread_blocked, id=13368, stack(0x000000447a100000,0x000000447a200000) (1024K)]
  0x0000016a56cb0350 JavaThread "Finalizer"                  daemon [_thread_blocked, id=25592, stack(0x000000447a200000,0x000000447a300000) (1024K)]
  0x0000016a56cb1ee0 JavaThread "Signal Dispatcher"          daemon [_thread_blocked, id=6120, stack(0x000000447a300000,0x000000447a400000) (1024K)]
  0x0000016a56cb37f0 JavaThread "Attach Listener"            daemon [_thread_blocked, id=6772, stack(0x000000447a400000,0x000000447a500000) (1024K)]
  0x0000016a56cbcd40 JavaThread "Service Thread"             daemon [_thread_blocked, id=12228, stack(0x000000447a500000,0x000000447a600000) (1024K)]
  0x0000016a56cbd7a0 JavaThread "Monitor Deflation Thread"   daemon [_thread_blocked, id=22788, stack(0x000000447a600000,0x000000447a700000) (1024K)]
=>0x0000016a56cbe5e0 JavaThread "C2 CompilerThread0"         daemon [_thread_in_native, id=5620, stack(0x000000447a700000,0x000000447a800000) (1024K)]
  0x0000016a6ec9b830 JavaThread "C1 CompilerThread0"         daemon [_thread_blocked, id=17984, stack(0x000000447a800000,0x000000447a900000) (1024K)]
  0x0000016a6ee950b0 JavaThread "Common-Cleaner"             daemon [_thread_blocked, id=14372, stack(0x000000447aa00000,0x000000447ab00000) (1024K)]
  0x0000016a703904d0 JavaThread "Notification Thread"        daemon [_thread_blocked, id=18428, stack(0x000000447ab00000,0x000000447ac00000) (1024K)]
  0x0000016a70705290 JavaThread "Active Thread: Equinox Container: a3072b68-5ca1-4c2c-a6eb-f85af73f948c"        [_thread_blocked, id=18464, stack(0x000000447b300000,0x000000447b400000) (1024K)]
  0x0000016a7505b3f0 JavaThread "Refresh Thread: Equinox Container: a3072b68-5ca1-4c2c-a6eb-f85af73f948c" daemon [_thread_blocked, id=16896, stack(0x000000447a900000,0x000000447aa00000) (1024K)]
  0x0000016a6ee69800 JavaThread "Framework Event Dispatcher: Equinox Container: a3072b68-5ca1-4c2c-a6eb-f85af73f948c" daemon [_thread_blocked, id=14352, stack(0x000000447ac00000,0x000000447ad00000) (1024K)]
  0x0000016a6ee745e0 JavaThread "Start Level: Equinox Container: a3072b68-5ca1-4c2c-a6eb-f85af73f948c" daemon [_thread_blocked, id=22884, stack(0x000000447b500000,0x000000447b600000) (1024K)]
  0x0000016a7098b390 JavaThread "Bundle File Closer"         daemon [_thread_blocked, id=23912, stack(0x000000447ba00000,0x000000447bb00000) (1024K)]
  0x0000016a75057800 JavaThread "SCR Component Actor"        daemon [_thread_blocked, id=24636, stack(0x000000447b900000,0x000000447ba00000) (1024K)]
  0x0000016a754c9690 JavaThread "C1 CompilerThread1"         daemon [_thread_blocked, id=9164, stack(0x000000447bb00000,0x000000447bc00000) (1024K)]
  0x0000016a70b3c070 JavaThread "Worker-JM"                         [_thread_blocked, id=22952, stack(0x000000447bc00000,0x000000447bd00000) (1024K)]
  0x0000016a70b3cd90 JavaThread "JNA Cleaner"                daemon [_thread_blocked, id=24412, stack(0x000000447bf00000,0x000000447c000000) (1024K)]
  0x0000016a70b3acc0 JavaThread "Worker-0"                          [_thread_blocked, id=3720, stack(0x000000447c000000,0x000000447c100000) (1024K)]
  0x0000016a70b3b9e0 JavaThread "Worker-1"                          [_thread_blocked, id=20028, stack(0x000000447c100000,0x000000447c200000) (1024K)]
  0x0000016a70b39fa0 JavaThread "Java indexing"              daemon [_thread_blocked, id=14076, stack(0x000000447c200000,0x000000447c300000) (1024K)]
  0x0000016a70b3b350 JavaThread "Worker-2"                          [_thread_blocked, id=23844, stack(0x000000447c300000,0x000000447c400000) (1024K)]
  0x0000016a70b3a630 JavaThread "Worker-3: Initialize workspace"        [_thread_blocked, id=18436, stack(0x000000447c400000,0x000000447c500000) (1024K)]
  0x0000016a708621b0 JavaThread "Thread-1"                   daemon [_thread_in_native, id=13452, stack(0x000000447c500000,0x000000447c600000) (1024K)]
  0x0000016a70862ed0 JavaThread "Thread-2"                   daemon [_thread_in_native, id=7696, stack(0x000000447c600000,0x000000447c700000) (1024K)]
  0x0000016a708669e0 JavaThread "Thread-3"                   daemon [_thread_in_native, id=2632, stack(0x000000447c700000,0x000000447c800000) (1024K)]
  0x0000016a70860e00 JavaThread "Thread-4"                   daemon [_thread_in_native, id=16592, stack(0x000000447c800000,0x000000447c900000) (1024K)]
  0x0000016a70867700 JavaThread "Thread-5"                   daemon [_thread_in_native, id=944, stack(0x000000447c900000,0x000000447ca00000) (1024K)]
  0x0000016a70867d90 JavaThread "Thread-6"                   daemon [_thread_in_native, id=24560, stack(0x000000447ca00000,0x000000447cb00000) (1024K)]
  0x0000016a70866350 JavaThread "Thread-7"                   daemon [_thread_in_native, id=15680, stack(0x000000447cb00000,0x000000447cc00000) (1024K)]
  0x0000016a70864280 JavaThread "Thread-8"                   daemon [_thread_in_native, id=18188, stack(0x000000447cc00000,0x000000447cd00000) (1024K)]
  0x0000016a70862840 JavaThread "Thread-9"                   daemon [_thread_in_native, id=25424, stack(0x000000447cd00000,0x000000447ce00000) (1024K)]
  0x0000016a70861490 JavaThread "Thread-10"                  daemon [_thread_in_native, id=2264, stack(0x000000447ce00000,0x000000447cf00000) (1024K)]
  0x0000016a70868420 JavaThread "Thread-11"                  daemon [_thread_in_native, id=15704, stack(0x000000447cf00000,0x000000447d000000) (1024K)]
  0x0000016a70863560 JavaThread "Thread-12"                  daemon [_thread_in_native, id=9808, stack(0x000000447d000000,0x000000447d100000) (1024K)]
  0x0000016a70864fa0 JavaThread "Thread-13"                  daemon [_thread_in_native, id=13924, stack(0x000000447d100000,0x000000447d200000) (1024K)]
  0x0000016a70867070 JavaThread "Thread-14"                  daemon [_thread_in_native, id=16452, stack(0x000000447d200000,0x000000447d300000) (1024K)]
  0x0000016a70863bf0 JavaThread "Thread-15"                  daemon [_thread_in_native, id=2756, stack(0x000000447d300000,0x000000447d400000) (1024K)]
  0x0000016a70865630 JavaThread "Thread-16"                  daemon [_thread_in_native, id=13072, stack(0x000000447d400000,0x000000447d500000) (1024K)]
  0x0000016a70865cc0 JavaThread "Thread-17"                  daemon [_thread_in_native, id=1788, stack(0x000000447d500000,0x000000447d600000) (1024K)]
  0x0000016a70861b20 JavaThread "pool-2-thread-1"                   [_thread_blocked, id=6608, stack(0x000000447d600000,0x000000447d700000) (1024K)]
  0x0000016a70864910 JavaThread "Worker-4"                          [_thread_blocked, id=17584, stack(0x000000447d700000,0x000000447d800000) (1024K)]
  0x0000016a76d50990 JavaThread "WorkspaceEventsHandler"            [_thread_blocked, id=14744, stack(0x000000447d800000,0x000000447d900000) (1024K)]
  0x0000016a76d4e230 JavaThread "pool-1-thread-1"                   [_thread_blocked, id=23676, stack(0x000000447d900000,0x000000447da00000) (1024K)]
  0x0000016a76d53780 JavaThread "ForkJoinPool.commonPool-worker-1" daemon [_thread_blocked, id=8912, stack(0x000000447db00000,0x000000447dc00000) (1024K)]
  0x0000016a76d51020 JavaThread "ForkJoinPool.commonPool-worker-2" daemon [_thread_blocked, id=3144, stack(0x000000447dc00000,0x000000447dd00000) (1024K)]
  0x0000016a76d51d40 JavaThread "ForkJoinPool.commonPool-worker-3" daemon [_thread_blocked, id=16848, stack(0x000000447dd00000,0x000000447de00000) (1024K)]
  0x0000016a76d4f5e0 JavaThread "ForkJoinPool.commonPool-worker-4" daemon [_thread_blocked, id=9696, stack(0x000000447de00000,0x000000447df00000) (1024K)]
  0x0000016a76d55850 JavaThread "ForkJoinPool.commonPool-worker-5" daemon [_thread_blocked, id=16304, stack(0x000000447df00000,0x000000447e000000) (1024K)]
  0x0000016a76d516b0 JavaThread "ForkJoinPool.commonPool-worker-7" daemon [_thread_blocked, id=17964, stack(0x000000447e000000,0x000000447e100000) (1024K)]
  0x0000016a76d551c0 JavaThread "ForkJoinPool.commonPool-worker-6" daemon [_thread_blocked, id=22900, stack(0x000000447e100000,0x000000447e200000) (1024K)]
  0x0000016a76d4fc70 JavaThread "ForkJoinPool.commonPool-worker-9" daemon [_thread_blocked, id=25184, stack(0x000000447e200000,0x000000447e300000) (1024K)]
  0x0000016a76d530f0 JavaThread "ForkJoinPool.commonPool-worker-8" daemon [_thread_blocked, id=12668, stack(0x000000447e300000,0x000000447e400000) (1024K)]
  0x0000016a76d52a60 JavaThread "ForkJoinPool.commonPool-worker-10" daemon [_thread_blocked, id=21688, stack(0x000000447e400000,0x000000447e500000) (1024K)]
  0x0000016a76d53e10 JavaThread "ForkJoinPool.commonPool-worker-11" daemon [_thread_blocked, id=23812, stack(0x000000447e500000,0x000000447e600000) (1024K)]
  0x0000016a76d50300 JavaThread "ForkJoinPool.commonPool-worker-12" daemon [_thread_blocked, id=12948, stack(0x000000447e600000,0x000000447e700000) (1024K)]
  0x0000016a76d523d0 JavaThread "ForkJoinPool.commonPool-worker-13" daemon [_thread_blocked, id=9492, stack(0x000000447e700000,0x000000447e800000) (1024K)]
  0x0000016a76d544a0 JavaThread "ForkJoinPool.commonPool-worker-14" daemon [_thread_blocked, id=3012, stack(0x000000447e800000,0x000000447e900000) (1024K)]
  0x0000016a76d4e8c0 JavaThread "ForkJoinPool.commonPool-worker-15" daemon [_thread_blocked, id=3716, stack(0x000000447e900000,0x000000447ea00000) (1024K)]
  0x0000016a76d4ef50 JavaThread "Keep-Alive-Timer"           daemon [_thread_blocked, id=17692, stack(0x000000447ea00000,0x000000447eb00000) (1024K)]
Total: 62

Other Threads:
  0x0000016a56dc28c0 VMThread "VM Thread"                           [id=19548, stack(0x000000447a000000,0x000000447a100000) (1024K)]
  0x0000016a56d6ed50 WatcherThread "VM Periodic Task Thread"        [id=13128, stack(0x0000004479f00000,0x000000447a000000) (1024K)]
  0x0000016a56d222f0 WorkerThread "GC Thread#0"                     [id=7316, stack(0x0000004479e00000,0x0000004479f00000) (1024K)]
  0x0000016a70734e60 WorkerThread "GC Thread#1"                     [id=24532, stack(0x000000447ad00000,0x000000447ae00000) (1024K)]
  0x0000016a70695ef0 WorkerThread "GC Thread#2"                     [id=6912, stack(0x000000447ae00000,0x000000447af00000) (1024K)]
  0x0000016a706ac240 WorkerThread "GC Thread#3"                     [id=26556, stack(0x000000447af00000,0x000000447b000000) (1024K)]
  0x0000016a70464730 WorkerThread "GC Thread#4"                     [id=15136, stack(0x000000447b000000,0x000000447b100000) (1024K)]
  0x0000016a70464ae0 WorkerThread "GC Thread#5"                     [id=15152, stack(0x000000447b100000,0x000000447b200000) (1024K)]
  0x0000016a7078e6c0 WorkerThread "GC Thread#6"                     [id=19948, stack(0x000000447b200000,0x000000447b300000) (1024K)]
  0x0000016a706eadc0 WorkerThread "GC Thread#7"                     [id=12424, stack(0x000000447b400000,0x000000447b500000) (1024K)]
  0x0000016a703db220 WorkerThread "GC Thread#8"                     [id=1968, stack(0x000000447b600000,0x000000447b700000) (1024K)]
  0x0000016a6ed9bb00 WorkerThread "GC Thread#9"                     [id=22972, stack(0x000000447b700000,0x000000447b800000) (1024K)]
  0x0000016a6ed9beb0 WorkerThread "GC Thread#10"                    [id=25812, stack(0x000000447b800000,0x000000447b900000) (1024K)]
  0x0000016a752b7270 WorkerThread "GC Thread#11"                    [id=18244, stack(0x000000447bd00000,0x000000447be00000) (1024K)]
  0x0000016a757d9990 WorkerThread "GC Thread#12"                    [id=8412, stack(0x000000447be00000,0x000000447bf00000) (1024K)]
Total: 15

Threads with active compile tasks:
C2 CompilerThread0  37693 7803   !   4       org.eclipse.osgi.internal.loader.BundleLoader::findClass0 (490 bytes)
Total: 1

VM state: not at safepoint (normal execution)

VM Mutex/Monitor currently owned by a thread: None

Heap address: 0x0000000080000000, size: 2048 MB, Compressed Oops mode: 32-bit

CDS archive(s) mapped at: [0x0000016a00000000-0x0000016a00ba0000-0x0000016a00ba0000), size 12189696, SharedBaseAddress: 0x0000016a00000000, ArchiveRelocationMode: 1.
Compressed class space mapped at: 0x0000016a01000000-0x0000016a41000000, reserved size: 1073741824
Narrow klass base: 0x0000016a00000000, Narrow klass shift: 0, Narrow klass range: 0x100000000

GC Precious Log:
 CardTable entry size: 512
 CPUs: 16 total, 16 available
 Memory: 6005M
 Large Page Support: Disabled
 NUMA Support: Disabled
 Compressed Oops: Enabled (32-bit)
 Alignments: Space 512K, Generation 512K, Heap 2M
 Heap Min Capacity: 100M
 Heap Initial Capacity: 100M
 Heap Max Capacity: 2G
 Pre-touch: Disabled
 Parallel Workers: 13

Heap:
 PSYoungGen      total 15872K, used 12157K [0x00000000d5580000, 0x00000000d6a00000, 0x0000000100000000)
  eden space 13312K, 88% used [0x00000000d5580000,0x00000000d60f76a0,0x00000000d6280000)
  from space 2560K, 16% used [0x00000000d6500000,0x00000000d6568000,0x00000000d6780000)
  to   space 1536K, 0% used [0x00000000d6880000,0x00000000d6880000,0x00000000d6a00000)
 ParOldGen       total 68608K, used 44583K [0x0000000080000000, 0x0000000084300000, 0x00000000d5580000)
  object space 68608K, 64% used [0x0000000080000000,0x0000000082b89f18,0x0000000084300000)
 Metaspace       used 52931K, committed 54208K, reserved 1114112K
  class space    used 5782K, committed 6336K, reserved 1048576K

Card table byte_map: [0x0000016a566b0000,0x0000016a56ac0000] _byte_map_base: 0x0000016a562b0000

Marking Bits: (ParMarkBitMap*) 0x00007fff3fe33450
 Begin Bits: [0x0000016a691c0000, 0x0000016a6b1c0000)
 End Bits:   [0x0000016a6b1c0000, 0x0000016a6d1c0000)

Polling page: 0x0000016a54970000

Metaspace:

Usage:
  Non-class:     46.04 MB used.
      Class:      5.65 MB used.
       Both:     51.69 MB used.

Virtual space:
  Non-class space:       64.00 MB reserved,      46.75 MB ( 73%) committed,  1 nodes.
      Class space:        1.00 GB reserved,       6.19 MB ( <1%) committed,  1 nodes.
             Both:        1.06 GB reserved,      52.94 MB (  5%) committed. 

Chunk freelists:
   Non-Class:  528.00 KB
       Class:  9.77 MB
        Both:  10.28 MB

MaxMetaspaceSize: unlimited
CompressedClassSpaceSize: 1.00 GB
Initial GC threshold: 21.00 MB
Current GC threshold: 58.38 MB
CDS: on
 - commit_granule_bytes: 65536.
 - commit_granule_words: 8192.
 - virtual_space_node_default_size: 8388608.
 - enlarge_chunks_in_place: 1.
 - use_allocation_guard: 0.


Internal statistics:

num_allocs_failed_limit: 6.
num_arena_births: 1002.
num_arena_deaths: 14.
num_vsnodes_births: 2.
num_vsnodes_deaths: 0.
num_space_committed: 847.
num_space_uncommitted: 0.
num_chunks_returned_to_freelist: 20.
num_chunks_taken_from_freelist: 3190.
num_chunk_merges: 12.
num_chunk_splits: 1984.
num_chunks_enlarged: 1155.
num_inconsistent_stats: 0.

CodeHeap 'non-profiled nmethods': size=119168Kb used=2793Kb max_used=2793Kb free=116374Kb
 bounds [0x0000016a61ab0000, 0x0000016a61d70000, 0x0000016a68f10000]
CodeHeap 'profiled nmethods': size=119104Kb used=16054Kb max_used=16054Kb free=103049Kb
 bounds [0x0000016a59f10000, 0x0000016a5aec0000, 0x0000016a61360000]
CodeHeap 'non-nmethods': size=7488Kb used=1972Kb max_used=2364Kb free=5515Kb
 bounds [0x0000016a61360000, 0x0000016a615d0000, 0x0000016a61ab0000]
CodeCache: size=245760Kb, used=20819Kb, max_used=21211Kb, free=224938Kb
 total_blobs=8235, nmethods=7522, adapters=618, full_count=0
Compilation: enabled, stopped_count=0, restarted_count=0

Compilation events (20 events):
Event: 37.361 Thread 0x0000016a56cbe5e0 nmethod 8079 0x0000016a61d64590 code [0x0000016a61d64720, 0x0000016a61d647f0]
Event: 37.361 Thread 0x0000016a56cbe5e0 7914       4       java.lang.Class::reflectionData (43 bytes)
Event: 37.362 Thread 0x0000016a56cbe5e0 nmethod 7914 0x0000016a61d64890 code [0x0000016a61d64a40, 0x0000016a61d64ba0]
Event: 37.362 Thread 0x0000016a56cbe5e0 8078   !   4       org.eclipse.osgi.internal.container.AtomicLazyInitializer::getInitialized (70 bytes)
Event: 37.364 Thread 0x0000016a56cbe5e0 nmethod 8078 0x0000016a61d64d10 code [0x0000016a61d64ec0, 0x0000016a61d65328]
Event: 37.364 Thread 0x0000016a56cbe5e0 7997       4       java.util.Spliterator::getExactSizeIfKnown (25 bytes)
Event: 37.364 Thread 0x0000016a56cbe5e0 nmethod 7997 0x0000016a61d65590 code [0x0000016a61d65720, 0x0000016a61d65800]
Event: 37.364 Thread 0x0000016a56cbe5e0 8069       4       java.util.ImmutableCollections$List12::get (35 bytes)
Event: 37.365 Thread 0x0000016a56cbe5e0 nmethod 8069 0x0000016a61d65910 code [0x0000016a61d65aa0, 0x0000016a61d65b78]
Event: 37.365 Thread 0x0000016a56cbe5e0 7851       4       java.lang.ThreadLocal::set (18 bytes)
Event: 37.369 Thread 0x0000016a56cbe5e0 nmethod 7851 0x0000016a61d65c10 code [0x0000016a61d65e00, 0x0000016a61d66270]
Event: 37.369 Thread 0x0000016a56cbe5e0 7838   !   4       java.util.zip.ZipFile$ZipFileInputStream::close (59 bytes)
Event: 37.390 Thread 0x0000016a56cbe5e0 nmethod 7838 0x0000016a61d66610 code [0x0000016a61d66900, 0x0000016a61d67bd0]
Event: 37.390 Thread 0x0000016a56cbe5e0 7994       4       java.util.Arrays::rangeCheck (74 bytes)
Event: 37.391 Thread 0x0000016a56cbe5e0 nmethod 7994 0x0000016a61d68b10 code [0x0000016a61d68ca0, 0x0000016a61d68d68]
Event: 37.392 Thread 0x0000016a56cbe5e0 8087   !   4       java.util.Collections$SynchronizedCollection::contains (25 bytes)
Event: 37.410 Thread 0x0000016a56cbe5e0 nmethod 8087 0x0000016a61d68e10 code [0x0000016a61d69020, 0x0000016a61d69ba0]
Event: 37.410 Thread 0x0000016a56cbe5e0 7802       4       org.eclipse.osgi.internal.loader.BundleLoader::findClass (8 bytes)
Event: 37.411 Thread 0x0000016a56cbe5e0 nmethod 7802 0x0000016a61d6a210 code [0x0000016a61d6a3a0, 0x0000016a61d6a460]
Event: 37.411 Thread 0x0000016a56cbe5e0 7803   !   4       org.eclipse.osgi.internal.loader.BundleLoader::findClass0 (490 bytes)

GC Heap History (20 events):
Event: 35.200 GC heap before
{Heap before GC invocations=18 (full 2):
 PSYoungGen      total 24064K, used 23679K [0x00000000d5580000, 0x00000000d6f00000, 0x0000000100000000)
  eden space 22016K, 99% used [0x00000000d5580000,0x00000000d6afffc8,0x00000000d6b00000)
  from space 2048K, 81% used [0x00000000d6b00000,0x00000000d6ca0000,0x00000000d6d00000)
  to   space 2048K, 0% used [0x00000000d6d00000,0x00000000d6d00000,0x00000000d6f00000)
 ParOldGen       total 68608K, used 22628K [0x0000000080000000, 0x0000000084300000, 0x00000000d5580000)
  object space 68608K, 32% used [0x0000000080000000,0x0000000081619118,0x0000000084300000)
 Metaspace       used 40741K, committed 41856K, reserved 1114112K
  class space    used 4243K, committed 4736K, reserved 1048576K
}
Event: 35.203 GC heap after
{Heap after GC invocations=18 (full 2):
 PSYoungGen      total 24064K, used 1693K [0x00000000d5580000, 0x00000000d6f00000, 0x0000000100000000)
  eden space 22016K, 0% used [0x00000000d5580000,0x00000000d5580000,0x00000000d6b00000)
  from space 2048K, 82% used [0x00000000d6d00000,0x00000000d6ea76b0,0x00000000d6f00000)
  to   space 2048K, 0% used [0x00000000d6b00000,0x00000000d6b00000,0x00000000d6d00000)
 ParOldGen       total 68608K, used 24168K [0x0000000080000000, 0x0000000084300000, 0x00000000d5580000)
  object space 68608K, 35% used [0x0000000080000000,0x000000008179a2d0,0x0000000084300000)
 Metaspace       used 40741K, committed 41856K, reserved 1114112K
  class space    used 4243K, committed 4736K, reserved 1048576K
}
Event: 35.465 GC heap before
{Heap before GC invocations=19 (full 2):
 PSYoungGen      total 24064K, used 23709K [0x00000000d5580000, 0x00000000d6f00000, 0x0000000100000000)
  eden space 22016K, 100% used [0x00000000d5580000,0x00000000d6b00000,0x00000000d6b00000)
  from space 2048K, 82% used [0x00000000d6d00000,0x00000000d6ea76b0,0x00000000d6f00000)
  to   space 2048K, 0% used [0x00000000d6b00000,0x00000000d6b00000,0x00000000d6d00000)
 ParOldGen       total 68608K, used 24168K [0x0000000080000000, 0x0000000084300000, 0x00000000d5580000)
  object space 68608K, 35% used [0x0000000080000000,0x000000008179a2d0,0x0000000084300000)
 Metaspace       used 42024K, committed 43200K, reserved 1114112K
  class space    used 4405K, committed 4928K, reserved 1048576K
}
Event: 35.469 GC heap after
{Heap after GC invocations=19 (full 2):
 PSYoungGen      total 24064K, used 2018K [0x00000000d5580000, 0x00000000d7400000, 0x0000000100000000)
  eden space 22016K, 0% used [0x00000000d5580000,0x00000000d5580000,0x00000000d6b00000)
  from space 2048K, 98% used [0x00000000d6b00000,0x00000000d6cf8800,0x00000000d6d00000)
  to   space 4608K, 0% used [0x00000000d6f80000,0x00000000d6f80000,0x00000000d7400000)
 ParOldGen       total 68608K, used 26032K [0x0000000080000000, 0x0000000084300000, 0x00000000d5580000)
  object space 68608K, 37% used [0x0000000080000000,0x000000008196c2e0,0x0000000084300000)
 Metaspace       used 42024K, committed 43200K, reserved 1114112K
  class space    used 4405K, committed 4928K, reserved 1048576K
}
Event: 35.576 GC heap before
{Heap before GC invocations=20 (full 2):
 PSYoungGen      total 24064K, used 24034K [0x00000000d5580000, 0x00000000d7400000, 0x0000000100000000)
  eden space 22016K, 100% used [0x00000000d5580000,0x00000000d6b00000,0x00000000d6b00000)
  from space 2048K, 98% used [0x00000000d6b00000,0x00000000d6cf8800,0x00000000d6d00000)
  to   space 4608K, 0% used [0x00000000d6f80000,0x00000000d6f80000,0x00000000d7400000)
 ParOldGen       total 68608K, used 26032K [0x0000000080000000, 0x0000000084300000, 0x00000000d5580000)
  object space 68608K, 37% used [0x0000000080000000,0x000000008196c2e0,0x0000000084300000)
 Metaspace       used 43475K, committed 44672K, reserved 1114112K
  class space    used 4622K, committed 5120K, reserved 1048576K
}
Event: 35.583 GC heap after
{Heap after GC invocations=20 (full 2):
 PSYoungGen      total 17920K, used 4586K [0x00000000d5580000, 0x00000000d8500000, 0x0000000100000000)
  eden space 13312K, 0% used [0x00000000d5580000,0x00000000d5580000,0x00000000d6280000)
  from space 4608K, 99% used [0x00000000d6f80000,0x00000000d73fab48,0x00000000d7400000)
  to   space 13312K, 0% used [0x00000000d6280000,0x00000000d6280000,0x00000000d6f80000)
 ParOldGen       total 68608K, used 33116K [0x0000000080000000, 0x0000000084300000, 0x00000000d5580000)
  object space 68608K, 48% used [0x0000000080000000,0x00000000820573c0,0x0000000084300000)
 Metaspace       used 43475K, committed 44672K, reserved 1114112K
  class space    used 4622K, committed 5120K, reserved 1048576K
}
Event: 35.744 GC heap before
{Heap before GC invocations=21 (full 2):
 PSYoungGen      total 17920K, used 17898K [0x00000000d5580000, 0x00000000d8500000, 0x0000000100000000)
  eden space 13312K, 99% used [0x00000000d5580000,0x00000000d627fd98,0x00000000d6280000)
  from space 4608K, 99% used [0x00000000d6f80000,0x00000000d73fab48,0x00000000d7400000)
  to   space 13312K, 0% used [0x00000000d6280000,0x00000000d6280000,0x00000000d6f80000)
 ParOldGen       total 68608K, used 33116K [0x0000000080000000, 0x0000000084300000, 0x00000000d5580000)
  object space 68608K, 48% used [0x0000000080000000,0x00000000820573c0,0x0000000084300000)
 Metaspace       used 45056K, committed 46208K, reserved 1114112K
  class space    used 4813K, committed 5312K, reserved 1048576K
}
Event: 35.748 GC heap after
{Heap after GC invocations=21 (full 2):
 PSYoungGen      total 15872K, used 2075K [0x00000000d5580000, 0x00000000d7000000, 0x0000000100000000)
  eden space 13312K, 0% used [0x00000000d5580000,0x00000000d5580000,0x00000000d6280000)
  from space 2560K, 81% used [0x00000000d6280000,0x00000000d6486d68,0x00000000d6500000)
  to   space 5632K, 0% used [0x00000000d6a80000,0x00000000d6a80000,0x00000000d7000000)
 ParOldGen       total 68608K, used 37759K [0x0000000080000000, 0x0000000084300000, 0x00000000d5580000)
  object space 68608K, 55% used [0x0000000080000000,0x00000000824dfca0,0x0000000084300000)
 Metaspace       used 45056K, committed 46208K, reserved 1114112K
  class space    used 4813K, committed 5312K, reserved 1048576K
}
Event: 35.892 GC heap before
{Heap before GC invocations=22 (full 2):
 PSYoungGen      total 15872K, used 15387K [0x00000000d5580000, 0x00000000d7000000, 0x0000000100000000)
  eden space 13312K, 100% used [0x00000000d5580000,0x00000000d6280000,0x00000000d6280000)
  from space 2560K, 81% used [0x00000000d6280000,0x00000000d6486d68,0x00000000d6500000)
  to   space 5632K, 0% used [0x00000000d6a80000,0x00000000d6a80000,0x00000000d7000000)
 ParOldGen       total 68608K, used 37759K [0x0000000080000000, 0x0000000084300000, 0x00000000d5580000)
  object space 68608K, 55% used [0x0000000080000000,0x00000000824dfca0,0x0000000084300000)
 Metaspace       used 46328K, committed 47552K, reserved 1114112K
  class space    used 4963K, committed 5504K, reserved 1048576K
}
Event: 35.895 GC heap after
{Heap after GC invocations=22 (full 2):
 PSYoungGen      total 14336K, used 832K [0x00000000d5580000, 0x00000000d6b80000, 0x0000000100000000)
  eden space 13312K, 0% used [0x00000000d5580000,0x00000000d5580000,0x00000000d6280000)
  from space 1024K, 81% used [0x00000000d6a80000,0x00000000d6b50000,0x00000000d6b80000)
  to   space 2048K, 0% used [0x00000000d6780000,0x00000000d6780000,0x00000000d6980000)
 ParOldGen       total 68608K, used 39599K [0x0000000080000000, 0x0000000084300000, 0x00000000d5580000)
  object space 68608K, 57% used [0x0000000080000000,0x00000000826abcb0,0x0000000084300000)
 Metaspace       used 46328K, committed 47552K, reserved 1114112K
  class space    used 4963K, committed 5504K, reserved 1048576K
}
Event: 36.074 GC heap before
{Heap before GC invocations=23 (full 2):
 PSYoungGen      total 14336K, used 14144K [0x00000000d5580000, 0x00000000d6b80000, 0x0000000100000000)
  eden space 13312K, 100% used [0x00000000d5580000,0x00000000d6280000,0x00000000d6280000)
  from space 1024K, 81% used [0x00000000d6a80000,0x00000000d6b50000,0x00000000d6b80000)
  to   space 2048K, 0% used [0x00000000d6780000,0x00000000d6780000,0x00000000d6980000)
 ParOldGen       total 68608K, used 39599K [0x0000000080000000, 0x0000000084300000, 0x00000000d5580000)
  object space 68608K, 57% used [0x0000000080000000,0x00000000826abcb0,0x0000000084300000)
 Metaspace       used 48014K, committed 49216K, reserved 1114112K
  class space    used 5183K, committed 5696K, reserved 1048576K
}
Event: 36.076 GC heap after
{Heap after GC invocations=23 (full 2):
 PSYoungGen      total 15360K, used 1008K [0x00000000d5580000, 0x00000000d6b00000, 0x0000000100000000)
  eden space 13312K, 0% used [0x00000000d5580000,0x00000000d5580000,0x00000000d6280000)
  from space 2048K, 49% used [0x00000000d6780000,0x00000000d687c010,0x00000000d6980000)
  to   space 1536K, 0% used [0x00000000d6980000,0x00000000d6980000,0x00000000d6b00000)
 ParOldGen       total 68608K, used 40079K [0x0000000080000000, 0x0000000084300000, 0x00000000d5580000)
  object space 68608K, 58% used [0x0000000080000000,0x0000000082723cb0,0x0000000084300000)
 Metaspace       used 48014K, committed 49216K, reserved 1114112K
  class space    used 5183K, committed 5696K, reserved 1048576K
}
Event: 36.374 GC heap before
{Heap before GC invocations=24 (full 2):
 PSYoungGen      total 15360K, used 14320K [0x00000000d5580000, 0x00000000d6b00000, 0x0000000100000000)
  eden space 13312K, 100% used [0x00000000d5580000,0x00000000d6280000,0x00000000d6280000)
  from space 2048K, 49% used [0x00000000d6780000,0x00000000d687c010,0x00000000d6980000)
  to   space 1536K, 0% used [0x00000000d6980000,0x00000000d6980000,0x00000000d6b00000)
 ParOldGen       total 68608K, used 40079K [0x0000000080000000, 0x0000000084300000, 0x00000000d5580000)
  object space 68608K, 58% used [0x0000000080000000,0x0000000082723cb0,0x0000000084300000)
 Metaspace       used 49542K, committed 50688K, reserved 1114112K
  class space    used 5390K, committed 5888K, reserved 1048576K
}
Event: 36.376 GC heap after
{Heap after GC invocations=24 (full 2):
 PSYoungGen      total 14848K, used 1359K [0x00000000d5580000, 0x00000000d6b00000, 0x0000000100000000)
  eden space 13312K, 0% used [0x00000000d5580000,0x00000000d5580000,0x00000000d6280000)
  from space 1536K, 88% used [0x00000000d6980000,0x00000000d6ad3e40,0x00000000d6b00000)
  to   space 1536K, 0% used [0x00000000d6800000,0x00000000d6800000,0x00000000d6980000)
 ParOldGen       total 68608K, used 40846K [0x0000000080000000, 0x0000000084300000, 0x00000000d5580000)
  object space 68608K, 59% used [0x0000000080000000,0x00000000827e3a10,0x0000000084300000)
 Metaspace       used 49542K, committed 50688K, reserved 1114112K
  class space    used 5390K, committed 5888K, reserved 1048576K
}
Event: 36.523 GC heap before
{Heap before GC invocations=25 (full 2):
 PSYoungGen      total 14848K, used 14671K [0x00000000d5580000, 0x00000000d6b00000, 0x0000000100000000)
  eden space 13312K, 100% used [0x00000000d5580000,0x00000000d6280000,0x00000000d6280000)
  from space 1536K, 88% used [0x00000000d6980000,0x00000000d6ad3e40,0x00000000d6b00000)
  to   space 1536K, 0% used [0x00000000d6800000,0x00000000d6800000,0x00000000d6980000)
 ParOldGen       total 68608K, used 40846K [0x0000000080000000, 0x0000000084300000, 0x00000000d5580000)
  object space 68608K, 59% used [0x0000000080000000,0x00000000827e3a10,0x0000000084300000)
 Metaspace       used 50709K, committed 51840K, reserved 1114112K
  class space    used 5530K, committed 6016K, reserved 1048576K
}
Event: 36.526 GC heap after
{Heap after GC invocations=25 (full 2):
 PSYoungGen      total 14848K, used 1535K [0x00000000d5580000, 0x00000000d6a00000, 0x0000000100000000)
  eden space 13312K, 0% used [0x00000000d5580000,0x00000000d5580000,0x00000000d6280000)
  from space 1536K, 99% used [0x00000000d6800000,0x00000000d697fc10,0x00000000d6980000)
  to   space 512K, 0% used [0x00000000d6980000,0x00000000d6980000,0x00000000d6a00000)
 ParOldGen       total 68608K, used 42366K [0x0000000080000000, 0x0000000084300000, 0x00000000d5580000)
  object space 68608K, 61% used [0x0000000080000000,0x000000008295fa88,0x0000000084300000)
 Metaspace       used 50709K, committed 51840K, reserved 1114112K
  class space    used 5530K, committed 6016K, reserved 1048576K
}
Event: 36.855 GC heap before
{Heap before GC invocations=26 (full 2):
 PSYoungGen      total 14848K, used 14846K [0x00000000d5580000, 0x00000000d6a00000, 0x0000000100000000)
  eden space 13312K, 99% used [0x00000000d5580000,0x00000000d627ff10,0x00000000d6280000)
  from space 1536K, 99% used [0x00000000d6800000,0x00000000d697fc10,0x00000000d6980000)
  to   space 512K, 0% used [0x00000000d6980000,0x00000000d6980000,0x00000000d6a00000)
 ParOldGen       total 68608K, used 42366K [0x0000000080000000, 0x0000000084300000, 0x00000000d5580000)
  object space 68608K, 61% used [0x0000000080000000,0x000000008295fa88,0x0000000084300000)
 Metaspace       used 52182K, committed 53376K, reserved 1114112K
  class space    used 5690K, committed 6208K, reserved 1048576K
}
Event: 36.857 GC heap after
{Heap after GC invocations=26 (full 2):
 PSYoungGen      total 13824K, used 507K [0x00000000d5580000, 0x00000000d6a00000, 0x0000000100000000)
  eden space 13312K, 0% used [0x00000000d5580000,0x00000000d5580000,0x00000000d6280000)
  from space 512K, 99% used [0x00000000d6980000,0x00000000d69fee98,0x00000000d6a00000)
  to   space 2560K, 0% used [0x00000000d6500000,0x00000000d6500000,0x00000000d6780000)
 ParOldGen       total 68608K, used 44075K [0x0000000080000000, 0x0000000084300000, 0x00000000d5580000)
  object space 68608K, 64% used [0x0000000080000000,0x0000000082b0ad48,0x0000000084300000)
 Metaspace       used 52182K, committed 53376K, reserved 1114112K
  class space    used 5690K, committed 6208K, reserved 1048576K
}
Event: 37.150 GC heap before
{Heap before GC invocations=27 (full 2):
 PSYoungGen      total 13824K, used 13819K [0x00000000d5580000, 0x00000000d6a00000, 0x0000000100000000)
  eden space 13312K, 100% used [0x00000000d5580000,0x00000000d6280000,0x00000000d6280000)
  from space 512K, 99% used [0x00000000d6980000,0x00000000d69fee98,0x00000000d6a00000)
  to   space 2560K, 0% used [0x00000000d6500000,0x00000000d6500000,0x00000000d6780000)
 ParOldGen       total 68608K, used 44075K [0x0000000080000000, 0x0000000084300000, 0x00000000d5580000)
  object space 68608K, 64% used [0x0000000080000000,0x0000000082b0ad48,0x0000000084300000)
 Metaspace       used 52260K, committed 53440K, reserved 1114112K
  class space    used 5699K, committed 6208K, reserved 1048576K
}
Event: 37.151 GC heap after
{Heap after GC invocations=27 (full 2):
 PSYoungGen      total 15872K, used 416K [0x00000000d5580000, 0x00000000d6a00000, 0x0000000100000000)
  eden space 13312K, 0% used [0x00000000d5580000,0x00000000d5580000,0x00000000d6280000)
  from space 2560K, 16% used [0x00000000d6500000,0x00000000d6568000,0x00000000d6780000)
  to   space 1536K, 0% used [0x00000000d6880000,0x00000000d6880000,0x00000000d6a00000)
 ParOldGen       total 68608K, used 44583K [0x0000000080000000, 0x0000000084300000, 0x00000000d5580000)
  object space 68608K, 64% used [0x0000000080000000,0x0000000082b89f18,0x0000000084300000)
 Metaspace       used 52260K, committed 53440K, reserved 1114112K
  class space    used 5699K, committed 6208K, reserved 1048576K
}

Dll operation events (12 events):
Event: 0.120 Loaded shared library c:\Users\Leonardo\.vscode\extensions\redhat.java-1.54.0-win32-x64\jre\21.0.10-win32-x86_64\bin\java.dll
Event: 0.467 Loaded shared library c:\Users\Leonardo\.vscode\extensions\redhat.java-1.54.0-win32-x64\jre\21.0.10-win32-x86_64\bin\zip.dll
Event: 0.555 Loaded shared library C:\Users\Leonardo\.vscode\extensions\redhat.java-1.54.0-win32-x64\jre\21.0.10-win32-x86_64\bin\instrument.dll
Event: 0.719 Loaded shared library C:\Users\Leonardo\.vscode\extensions\redhat.java-1.54.0-win32-x64\jre\21.0.10-win32-x86_64\bin\net.dll
Event: 0.868 Loaded shared library C:\Users\Leonardo\.vscode\extensions\redhat.java-1.54.0-win32-x64\jre\21.0.10-win32-x86_64\bin\nio.dll
Event: 0.878 Loaded shared library C:\Users\Leonardo\.vscode\extensions\redhat.java-1.54.0-win32-x64\jre\21.0.10-win32-x86_64\bin\zip.dll
Event: 0.988 Loaded shared library C:\Users\Leonardo\.vscode\extensions\redhat.java-1.54.0-win32-x64\jre\21.0.10-win32-x86_64\bin\jimage.dll
Event: 1.328 Loaded shared library c:\Users\Leonardo\.vscode\extensions\redhat.java-1.54.0-win32-x64\jre\21.0.10-win32-x86_64\bin\verify.dll
Event: 13.831 Loaded shared library C:\Users\Leonardo\AppData\Roaming\Code\User\globalStorage\redhat.java\1.54.0\config_win\org.eclipse.equinox.launcher\org.eclipse.equinox.launcher.win32.win32.x86_64_1.3.0.v20260203-2149\eclipse_11919.dll
Event: 32.563 Loaded shared library C:\Users\Leonardo\AppData\Local\Temp\jna-2035583412\jna1114051908953253964.dll
Event: 34.597 Loaded shared library C:\Users\Leonardo\.vscode\extensions\redhat.java-1.54.0-win32-x64\jre\21.0.10-win32-x86_64\bin\sunmscapi.dll
Event: 35.094 Loaded shared library C:\Users\Leonardo\.vscode\extensions\redhat.java-1.54.0-win32-x64\jre\21.0.10-win32-x86_64\bin\extnet.dll

Deoptimization events (20 events):
Event: 37.104 Thread 0x0000016a70864910 DEOPT PACKING pc=0x0000016a61d2dbc8 sp=0x000000447d7fe7e0
Event: 37.104 Thread 0x0000016a70864910 DEOPT UNPACKING pc=0x0000016a613b3aa2 sp=0x000000447d7fe770 mode 2
Event: 37.104 Thread 0x0000016a70864910 Uncommon trap: trap_request=0xffffff45 fr.pc=0x0000016a61d18620 relative=0x0000000000000440
Event: 37.104 Thread 0x0000016a70864910 Uncommon trap: reason=unstable_if action=reinterpret pc=0x0000016a61d18620 method=java.util.regex.Pattern$SliceU.match(Ljava/util/regex/Matcher;ILjava/lang/CharSequence;)Z @ 74 c2
Event: 37.104 Thread 0x0000016a70864910 DEOPT PACKING pc=0x0000016a61d18620 sp=0x000000447d7fec30
Event: 37.104 Thread 0x0000016a70864910 DEOPT UNPACKING pc=0x0000016a613b3aa2 sp=0x000000447d7febb8 mode 2
Event: 37.126 Thread 0x0000016a70864910 DEOPT PACKING pc=0x0000016a5a02d9a7 sp=0x000000447d7fdc20
Event: 37.126 Thread 0x0000016a70864910 DEOPT UNPACKING pc=0x0000016a613b4242 sp=0x000000447d7fd180 mode 0
Event: 37.156 Thread 0x0000016a70864910 DEOPT PACKING pc=0x0000016a5aabe932 sp=0x000000447d7fde00
Event: 37.156 Thread 0x0000016a70864910 DEOPT UNPACKING pc=0x0000016a613b4242 sp=0x000000447d7fd330 mode 0
Event: 37.206 Thread 0x0000016a70864910 Uncommon trap: trap_request=0xffffff45 fr.pc=0x0000016a61d0d768 relative=0x0000000000000428
Event: 37.206 Thread 0x0000016a70864910 Uncommon trap: reason=unstable_if action=reinterpret pc=0x0000016a61d0d768 method=java.util.HashMap.removeNode(ILjava/lang/Object;Ljava/lang/Object;ZZ)Ljava/util/HashMap$Node; @ 133 c2
Event: 37.206 Thread 0x0000016a70864910 DEOPT PACKING pc=0x0000016a61d0d768 sp=0x000000447d7fcfd0
Event: 37.206 Thread 0x0000016a70864910 DEOPT UNPACKING pc=0x0000016a613b3aa2 sp=0x000000447d7fcec8 mode 2
Event: 37.305 Thread 0x0000016a70b3a630 DEOPT PACKING pc=0x0000016a5aa51246 sp=0x000000447c4f5390
Event: 37.305 Thread 0x0000016a70b3a630 DEOPT UNPACKING pc=0x0000016a613b4242 sp=0x000000447c4f4910 mode 0
Event: 37.310 Thread 0x0000016a76d4e230 Uncommon trap: trap_request=0xffffff45 fr.pc=0x0000016a61d14520 relative=0x00000000000017e0
Event: 37.310 Thread 0x0000016a76d4e230 Uncommon trap: reason=unstable_if action=reinterpret pc=0x0000016a61d14520 method=com.google.gson.stream.JsonReader.nextQuotedValue(C)Ljava/lang/String; @ 121 c2
Event: 37.310 Thread 0x0000016a76d4e230 DEOPT PACKING pc=0x0000016a61d14520 sp=0x000000447d9fe770
Event: 37.310 Thread 0x0000016a76d4e230 DEOPT UNPACKING pc=0x0000016a613b3aa2 sp=0x000000447d9fe768 mode 2

Classes loaded (20 events):
Event: 36.677 Loading class java/nio/file/Files$3
Event: 36.677 Loading class java/nio/file/Files$3 done
Event: 36.678 Loading class java/nio/file/FileVisitResult
Event: 36.678 Loading class java/nio/file/FileVisitResult done
Event: 37.245 Loading class java/util/regex/PatternSyntaxException
Event: 37.245 Loading class java/util/regex/PatternSyntaxException done
Event: 37.314 Loading class java/util/concurrent/CompletableFuture$UniApply
Event: 37.314 Loading class java/util/concurrent/CompletableFuture$UniCompletion
Event: 37.314 Loading class java/util/concurrent/CompletableFuture$UniCompletion done
Event: 37.314 Loading class java/util/concurrent/CompletableFuture$UniApply done
Event: 37.315 Loading class java/util/concurrent/CompletableFuture$UniAccept
Event: 37.316 Loading class java/util/concurrent/CompletableFuture$UniAccept done
Event: 37.316 Loading class java/util/concurrent/CompletableFuture$UniExceptionally
Event: 37.316 Loading class java/util/concurrent/CompletableFuture$UniExceptionally done
Event: 37.333 Loading class java/util/Collections$SynchronizedRandomAccessList
Event: 37.333 Loading class java/util/Collections$SynchronizedList
Event: 37.334 Loading class java/util/Collections$SynchronizedList done
Event: 37.334 Loading class java/util/Collections$SynchronizedRandomAccessList done
Event: 37.346 Loading class java/util/concurrent/CompletableFuture$Signaller
Event: 37.347 Loading class java/util/concurrent/CompletableFuture$Signaller done

Classes unloaded (7 events):
Event: 33.307 Thread 0x0000016a56dc28c0 Unloading class 0x0000016a011a9400 'java/lang/invoke/LambdaForm$MH+0x0000016a011a9400'
Event: 33.307 Thread 0x0000016a56dc28c0 Unloading class 0x0000016a011a9000 'java/lang/invoke/LambdaForm$MH+0x0000016a011a9000'
Event: 33.307 Thread 0x0000016a56dc28c0 Unloading class 0x0000016a011a8c00 'java/lang/invoke/LambdaForm$MH+0x0000016a011a8c00'
Event: 33.307 Thread 0x0000016a56dc28c0 Unloading class 0x0000016a011a8800 'java/lang/invoke/LambdaForm$MH+0x0000016a011a8800'
Event: 33.307 Thread 0x0000016a56dc28c0 Unloading class 0x0000016a011a8400 'java/lang/invoke/LambdaForm$BMH+0x0000016a011a8400'
Event: 33.307 Thread 0x0000016a56dc28c0 Unloading class 0x0000016a011a8000 'java/lang/invoke/LambdaForm$DMH+0x0000016a011a8000'
Event: 33.307 Thread 0x0000016a56dc28c0 Unloading class 0x0000016a011a6c00 'java/lang/invoke/LambdaForm$DMH+0x0000016a011a6c00'

Classes redefined (0 events):
No events

Internal exceptions (20 events):
Event: 37.098 Thread 0x0000016a70864910 Exception <a 'sun/nio/fs/WindowsException'{0x00000000d5936ba0}> (0x00000000d5936ba0) 
thrown [s\src\hotspot\share\prims\jni.cpp, line 520]
Event: 37.098 Thread 0x0000016a70864910 Exception <a 'sun/nio/fs/WindowsException'{0x00000000d5937310}> (0x00000000d5937310) 
thrown [s\src\hotspot\share\prims\jni.cpp, line 520]
Event: 37.099 Thread 0x0000016a70864910 Exception <a 'sun/nio/fs/WindowsException'{0x00000000d593ad90}> (0x00000000d593ad90) 
thrown [s\src\hotspot\share\prims\jni.cpp, line 520]
Event: 37.099 Thread 0x0000016a70864910 Exception <a 'sun/nio/fs/WindowsException'{0x00000000d593b470}> (0x00000000d593b470) 
thrown [s\src\hotspot\share\prims\jni.cpp, line 520]
Event: 37.099 Thread 0x0000016a70864910 Exception <a 'sun/nio/fs/WindowsException'{0x00000000d593bb50}> (0x00000000d593bb50) 
thrown [s\src\hotspot\share\prims\jni.cpp, line 520]
Event: 37.099 Thread 0x0000016a70864910 Exception <a 'sun/nio/fs/WindowsException'{0x00000000d593c248}> (0x00000000d593c248) 
thrown [s\src\hotspot\share\prims\jni.cpp, line 520]
Event: 37.100 Thread 0x0000016a70864910 Exception <a 'sun/nio/fs/WindowsException'{0x00000000d593f9e0}> (0x00000000d593f9e0) 
thrown [s\src\hotspot\share\prims\jni.cpp, line 520]
Event: 37.100 Thread 0x0000016a70864910 Exception <a 'sun/nio/fs/WindowsException'{0x00000000d5940100}> (0x00000000d5940100) 
thrown [s\src\hotspot\share\prims\jni.cpp, line 520]
Event: 37.100 Thread 0x0000016a70864910 Exception <a 'sun/nio/fs/WindowsException'{0x00000000d5940820}> (0x00000000d5940820) 
thrown [s\src\hotspot\share\prims\jni.cpp, line 520]
Event: 37.100 Thread 0x0000016a70864910 Exception <a 'sun/nio/fs/WindowsException'{0x00000000d5940f60}> (0x00000000d5940f60) 
thrown [s\src\hotspot\share\prims\jni.cpp, line 520]
Event: 37.100 Thread 0x0000016a70864910 Exception <a 'sun/nio/fs/WindowsException'{0x00000000d5944b70}> (0x00000000d5944b70) 
thrown [s\src\hotspot\share\prims\jni.cpp, line 520]
Event: 37.101 Thread 0x0000016a70864910 Exception <a 'sun/nio/fs/WindowsException'{0x00000000d5945320}> (0x00000000d5945320) 
thrown [s\src\hotspot\share\prims\jni.cpp, line 520]
Event: 37.101 Thread 0x0000016a70864910 Exception <a 'sun/nio/fs/WindowsException'{0x00000000d5945ad0}> (0x00000000d5945ad0) 
thrown [s\src\hotspot\share\prims\jni.cpp, line 520]
Event: 37.101 Thread 0x0000016a70864910 Exception <a 'sun/nio/fs/WindowsException'{0x00000000d59462a0}> (0x00000000d59462a0) 
thrown [s\src\hotspot\share\prims\jni.cpp, line 520]
Event: 37.101 Thread 0x0000016a70864910 Exception <a 'sun/nio/fs/WindowsException'{0x00000000d594a588}> (0x00000000d594a588) 
thrown [s\src\hotspot\share\prims\jni.cpp, line 520]
Event: 37.101 Thread 0x0000016a70864910 Exception <a 'sun/nio/fs/WindowsException'{0x00000000d594ad88}> (0x00000000d594ad88) 
thrown [s\src\hotspot\share\prims\jni.cpp, line 520]
Event: 37.101 Thread 0x0000016a70864910 Exception <a 'sun/nio/fs/WindowsException'{0x00000000d594b588}> (0x00000000d594b588) 
thrown [s\src\hotspot\share\prims\jni.cpp, line 520]
Event: 37.101 Thread 0x0000016a70864910 Exception <a 'sun/nio/fs/WindowsException'{0x00000000d594bda0}> (0x00000000d594bda0) 
thrown [s\src\hotspot\share\prims\jni.cpp, line 520]
Event: 37.249 Thread 0x0000016a76d4e230 Exception <a 'java/lang/IncompatibleClassChangeError'{0x00000000d5da1bf8}: Found class java.lang.Object, but interface was expected> (0x00000000d5da1bf8) 
thrown [s\src\hotspot\share\interpreter\linkResolver.cpp, line 840]
Event: 37.311 Thread 0x0000016a76d4e230 Exception <a 'java/lang/IncompatibleClassChangeError'{0x00000000d5e38fd0}: Found class java.lang.Object, but interface was expected> (0x00000000d5e38fd0) 
thrown [s\src\hotspot\share\interpreter\linkResolver.cpp, line 840]

ZGC Phase Switch (0 events):
No events

VM Operations (20 events):
Event: 36.374 Executing safepoint VM operation: ParallelGCFailedAllocation (Allocation Failure)
Event: 36.376 Executing safepoint VM operation: ParallelGCFailedAllocation (Allocation Failure) done
Event: 36.402 Executing non-safepoint VM operation: HandshakeAllThreads (Deoptimize)
Event: 36.402 Executing non-safepoint VM operation: HandshakeAllThreads (Deoptimize) done
Event: 36.523 Executing safepoint VM operation: ParallelGCFailedAllocation (Allocation Failure)
Event: 36.526 Executing safepoint VM operation: ParallelGCFailedAllocation (Allocation Failure) done
Event: 36.855 Executing safepoint VM operation: ParallelGCFailedAllocation (Allocation Failure)
Event: 36.857 Executing safepoint VM operation: ParallelGCFailedAllocation (Allocation Failure) done
Event: 37.150 Executing safepoint VM operation: ParallelGCFailedAllocation (Allocation Failure)
Event: 37.151 Executing safepoint VM operation: ParallelGCFailedAllocation (Allocation Failure) done
Event: 37.242 Executing non-safepoint VM operation: HandshakeAllThreads (Deoptimize)
Event: 37.242 Executing non-safepoint VM operation: HandshakeAllThreads (Deoptimize) done
Event: 37.254 Executing non-safepoint VM operation: HandshakeAllThreads (Deoptimize)
Event: 37.254 Executing non-safepoint VM operation: HandshakeAllThreads (Deoptimize) done
Event: 37.299 Executing safepoint VM operation: ICBufferFull
Event: 37.299 Executing safepoint VM operation: ICBufferFull done
Event: 37.323 Executing non-safepoint VM operation: HandshakeAllThreads (Deoptimize)
Event: 37.323 Executing non-safepoint VM operation: HandshakeAllThreads (Deoptimize) done
Event: 37.326 Executing non-safepoint VM operation: HandshakeAllThreads (Deoptimize)
Event: 37.326 Executing non-safepoint VM operation: HandshakeAllThreads (Deoptimize) done

Memory protections (0 events):
No events

Nmethod flushes (20 events):
Event: 34.684 Thread 0x0000016a56dc28c0 flushing  nmethod 0x0000016a5a556a10
Event: 34.684 Thread 0x0000016a56dc28c0 flushing  nmethod 0x0000016a5a563190
Event: 34.684 Thread 0x0000016a56dc28c0 flushing  nmethod 0x0000016a5a5ae690
Event: 34.684 Thread 0x0000016a56dc28c0 flushing  nmethod 0x0000016a5a5b9790
Event: 34.684 Thread 0x0000016a56dc28c0 flushing  nmethod 0x0000016a5a5c2610
Event: 34.684 Thread 0x0000016a56dc28c0 flushing  nmethod 0x0000016a5a5ed810
Event: 34.684 Thread 0x0000016a56dc28c0 flushing  nmethod 0x0000016a5a5edc10
Event: 34.684 Thread 0x0000016a56dc28c0 flushing  nmethod 0x0000016a5a5ee510
Event: 34.684 Thread 0x0000016a56dc28c0 flushing  nmethod 0x0000016a5a5ef710
Event: 34.684 Thread 0x0000016a56dc28c0 flushing  nmethod 0x0000016a5a5f0390
Event: 34.684 Thread 0x0000016a56dc28c0 flushing  nmethod 0x0000016a5a5f2090
Event: 34.684 Thread 0x0000016a56dc28c0 flushing  nmethod 0x0000016a5a5f5d10
Event: 34.684 Thread 0x0000016a56dc28c0 flushing  nmethod 0x0000016a5a5f8690
Event: 34.684 Thread 0x0000016a56dc28c0 flushing  nmethod 0x0000016a5a65ab10
Event: 34.684 Thread 0x0000016a56dc28c0 flushing  nmethod 0x0000016a5a662310
Event: 34.684 Thread 0x0000016a56dc28c0 flushing  nmethod 0x0000016a5a67f110
Event: 34.684 Thread 0x0000016a56dc28c0 flushing  nmethod 0x0000016a5a6cf890
Event: 34.684 Thread 0x0000016a56dc28c0 flushing  nmethod 0x0000016a5a71ef10
Event: 34.684 Thread 0x0000016a56dc28c0 flushing  nmethod 0x0000016a5a74c090
Event: 34.684 Thread 0x0000016a56dc28c0 flushing  nmethod 0x0000016a5a74c510

Events (20 events):
Event: 35.450 Thread 0x0000016a70b3acc0 Thread added: 0x0000016a76d53780
Event: 35.450 Thread 0x0000016a70b3acc0 Thread added: 0x0000016a76d51020
Event: 35.450 Thread 0x0000016a76d53780 Thread added: 0x0000016a76d51d40
Event: 35.450 Thread 0x0000016a76d51020 Thread added: 0x0000016a76d4f5e0
Event: 35.451 Thread 0x0000016a76d51d40 Thread added: 0x0000016a76d55850
Event: 35.451 Thread 0x0000016a76d55850 Thread added: 0x0000016a76d516b0
Event: 35.451 Thread 0x0000016a76d4f5e0 Thread added: 0x0000016a76d551c0
Event: 35.452 Thread 0x0000016a76d551c0 Thread added: 0x0000016a76d4fc70
Event: 35.452 Thread 0x0000016a76d516b0 Thread added: 0x0000016a76d530f0
Event: 35.453 Thread 0x0000016a76d4fc70 Thread added: 0x0000016a76d52a60
Event: 35.453 Thread 0x0000016a76d530f0 Thread added: 0x0000016a76d53e10
Event: 35.455 Thread 0x0000016a76d52a60 Thread added: 0x0000016a76d50300
Event: 35.455 Thread 0x0000016a76d53e10 Thread added: 0x0000016a76d523d0
Event: 35.456 Thread 0x0000016a76d50300 Thread added: 0x0000016a76d544a0
Event: 35.461 Thread 0x0000016a76d523d0 Thread added: 0x0000016a76d4e8c0
Event: 36.005 Thread 0x0000016a70b3b9e0 Thread added: 0x0000016a76d4ef50
Event: 36.005 Thread 0x0000016a76d4ef50 Thread exited: 0x0000016a76d4ef50
Event: 36.401 Thread 0x0000016a70b3b9e0 Thread added: 0x0000016a76d4ef50
Event: 36.651 Thread 0x0000016a70864910 Thread added: 0x0000016a7756a120
Event: 37.248 Thread 0x0000016a7756a120 Thread exited: 0x0000016a7756a120


Dynamic libraries:
0x00007ff6a1b50000 - 0x00007ff6a1b5e000 	c:\Users\Leonardo\.vscode\extensions\redhat.java-1.54.0-win32-x64\jre\21.0.10-win32-x86_64\bin\java.exe
0x00007ff804ed0000 - 0x00007ff8050c8000 	C:\Windows\SYSTEM32\ntdll.dll
0x00007ff803e40000 - 0x00007ff803f02000 	C:\Windows\System32\KERNEL32.DLL
0x00007ff8026e0000 - 0x00007ff8029d6000 	C:\Windows\System32\KERNELBASE.dll
0x00007ff802cd0000 - 0x00007ff802dd0000 	C:\Windows\System32\ucrtbase.dll
0x00007fffd92d0000 - 0x00007fffd92e8000 	c:\Users\Leonardo\.vscode\extensions\redhat.java-1.54.0-win32-x64\jre\21.0.10-win32-x86_64\bin\jli.dll
0x00007fffd36f0000 - 0x00007fffd370e000 	c:\Users\Leonardo\.vscode\extensions\redhat.java-1.54.0-win32-x64\jre\21.0.10-win32-x86_64\bin\VCRUNTIME140.dll
0x00007ff8044a0000 - 0x00007ff804641000 	C:\Windows\System32\USER32.dll
0x00007ffff0680000 - 0x00007ffff091b000 	C:\Windows\WinSxS\amd64_microsoft.windows.common-controls_6595b64144ccf1df_6.0.19041.6456_none_60b8a6cb71f64256\COMCTL32.dll
0x00007ff802630000 - 0x00007ff802652000 	C:\Windows\System32\win32u.dll
0x00007ff803c30000 - 0x00007ff803c5b000 	C:\Windows\System32\GDI32.dll
0x00007ff802dd0000 - 0x00007ff802ee9000 	C:\Windows\System32\gdi32full.dll
0x00007ff803870000 - 0x00007ff80390e000 	C:\Windows\System32\msvcrt.dll
0x00007ff802560000 - 0x00007ff8025fd000 	C:\Windows\System32\msvcp_win.dll
0x00007ff804dc0000 - 0x00007ff804def000 	C:\Windows\System32\IMM32.DLL
0x00007fffdfac0000 - 0x00007fffdfacc000 	c:\Users\Leonardo\.vscode\extensions\redhat.java-1.54.0-win32-x64\jre\21.0.10-win32-x86_64\bin\vcruntime140_1.dll
0x00007fff7a450000 - 0x00007fff7a4dd000 	c:\Users\Leonardo\.vscode\extensions\redhat.java-1.54.0-win32-x64\jre\21.0.10-win32-x86_64\bin\msvcp140.dll
0x00007fff3f170000 - 0x00007fff3ff11000 	c:\Users\Leonardo\.vscode\extensions\redhat.java-1.54.0-win32-x64\jre\21.0.10-win32-x86_64\bin\server\jvm.dll
0x00007ff803c60000 - 0x00007ff803d11000 	C:\Windows\System32\ADVAPI32.dll
0x00007ff804df0000 - 0x00007ff804e8f000 	C:\Windows\System32\sechost.dll
0x00007ff803d20000 - 0x00007ff803e40000 	C:\Windows\System32\RPCRT4.dll
0x00007ff802600000 - 0x00007ff802627000 	C:\Windows\System32\bcrypt.dll
0x00007ff8040f0000 - 0x00007ff80415b000 	C:\Windows\System32\WS2_32.dll
0x00007ffff7ab0000 - 0x00007ffff7ad7000 	C:\Windows\SYSTEM32\WINMM.dll
0x00007ff8020d0000 - 0x00007ff80211b000 	C:\Windows\SYSTEM32\POWRPROF.dll
0x00007fffff6a0000 - 0x00007fffff6aa000 	C:\Windows\SYSTEM32\VERSION.dll
0x00007ff8020b0000 - 0x00007ff8020c2000 	C:\Windows\SYSTEM32\UMPDC.dll
0x00007ff800d30000 - 0x00007ff800d42000 	C:\Windows\SYSTEM32\kernel.appcore.dll
0x00007fffdd9b0000 - 0x00007fffdd9ba000 	c:\Users\Leonardo\.vscode\extensions\redhat.java-1.54.0-win32-x64\jre\21.0.10-win32-x86_64\bin\jimage.dll
0x00007ff8008d0000 - 0x00007ff800ad1000 	C:\Windows\SYSTEM32\DBGHELP.DLL
0x00007fffee750000 - 0x00007fffee784000 	C:\Windows\SYSTEM32\dbgcore.DLL
0x00007ff802c40000 - 0x00007ff802cc2000 	C:\Windows\System32\bcryptPrimitives.dll
0x00007fffb8740000 - 0x00007fffb874f000 	c:\Users\Leonardo\.vscode\extensions\redhat.java-1.54.0-win32-x64\jre\21.0.10-win32-x86_64\bin\instrument.dll
0x00007fff80d80000 - 0x00007fff80da0000 	c:\Users\Leonardo\.vscode\extensions\redhat.java-1.54.0-win32-x64\jre\21.0.10-win32-x86_64\bin\java.dll
0x00007ff804650000 - 0x00007ff804dc0000 	C:\Windows\System32\SHELL32.dll
0x00007ff800060000 - 0x00007ff800805000 	C:\Windows\SYSTEM32\windows.storage.dll
0x00007ff803500000 - 0x00007ff803854000 	C:\Windows\System32\combase.dll
0x00007ff801f20000 - 0x00007ff801f4b000 	C:\Windows\SYSTEM32\Wldp.dll
0x00007ff803f10000 - 0x00007ff803fdd000 	C:\Windows\System32\OLEAUT32.dll
0x00007ff804040000 - 0x00007ff8040ed000 	C:\Windows\System32\SHCORE.dll
0x00007ff803fe0000 - 0x00007ff80403b000 	C:\Windows\System32\shlwapi.dll
0x00007ff802490000 - 0x00007ff8024b4000 	C:\Windows\SYSTEM32\profapi.dll
0x00007fff7a430000 - 0x00007fff7a448000 	c:\Users\Leonardo\.vscode\extensions\redhat.java-1.54.0-win32-x64\jre\21.0.10-win32-x86_64\bin\zip.dll
0x00007fffb8680000 - 0x00007fffb8690000 	C:\Users\Leonardo\.vscode\extensions\redhat.java-1.54.0-win32-x64\jre\21.0.10-win32-x86_64\bin\net.dll
0x00007ffff9c90000 - 0x00007ffff9d9a000 	C:\Windows\SYSTEM32\WINHTTP.dll
0x00007ff801c80000 - 0x00007ff801cea000 	C:\Windows\system32\mswsock.dll
0x00007fff7a410000 - 0x00007fff7a426000 	C:\Users\Leonardo\.vscode\extensions\redhat.java-1.54.0-win32-x64\jre\21.0.10-win32-x86_64\bin\nio.dll
0x00007fffa5760000 - 0x00007fffa5770000 	c:\Users\Leonardo\.vscode\extensions\redhat.java-1.54.0-win32-x64\jre\21.0.10-win32-x86_64\bin\verify.dll
0x00007fffdd280000 - 0x00007fffdd2c5000 	C:\Users\Leonardo\AppData\Roaming\Code\User\globalStorage\redhat.java\1.54.0\config_win\org.eclipse.equinox.launcher\org.eclipse.equinox.launcher.win32.win32.x86_64_1.3.0.v20260203-2149\eclipse_11919.dll
0x00007ff8033d0000 - 0x00007ff8034fb000 	C:\Windows\System32\ole32.dll
0x00007ff801e70000 - 0x00007ff801e88000 	C:\Windows\SYSTEM32\CRYPTSP.dll
0x00007ff801500000 - 0x00007ff801538000 	C:\Windows\system32\rsaenh.dll
0x00007ff802410000 - 0x00007ff80243e000 	C:\Windows\SYSTEM32\USERENV.dll
0x00007ff801e90000 - 0x00007ff801e9c000 	C:\Windows\SYSTEM32\CRYPTBASE.dll
0x00007ff8018f0000 - 0x00007ff80192b000 	C:\Windows\SYSTEM32\IPHLPAPI.DLL
0x00007ff803910000 - 0x00007ff803918000 	C:\Windows\System32\NSI.dll
0x00007fffd36a0000 - 0x00007fffd36e9000 	C:\Users\Leonardo\AppData\Local\Temp\jna-2035583412\jna1114051908953253964.dll
0x00007ff802ef0000 - 0x00007ff802ef8000 	C:\Windows\System32\PSAPI.DLL
0x00007ffffb330000 - 0x00007ffffb347000 	C:\Windows\SYSTEM32\dhcpcsvc6.DLL
0x00007ffffb680000 - 0x00007ffffb69d000 	C:\Windows\SYSTEM32\dhcpcsvc.DLL
0x00007fffea810000 - 0x00007fffea81e000 	C:\Users\Leonardo\.vscode\extensions\redhat.java-1.54.0-win32-x64\jre\21.0.10-win32-x86_64\bin\sunmscapi.dll
0x00007ff802ae0000 - 0x00007ff802c3d000 	C:\Windows\System32\CRYPT32.dll
0x00007ff801f90000 - 0x00007ff801fb7000 	C:\Windows\SYSTEM32\ncrypt.dll
0x00007ff801f50000 - 0x00007ff801f8b000 	C:\Windows\SYSTEM32\NTASN1.dll
0x00007ff8019a0000 - 0x00007ff801a6a000 	C:\Windows\SYSTEM32\DNSAPI.dll
0x00007ffff5360000 - 0x00007ffff536a000 	C:\Windows\System32\rasadhlp.dll
0x00007ffff7d80000 - 0x00007ffff7e00000 	C:\Windows\System32\fwpuclnt.dll
0x00007fffea7d0000 - 0x00007fffea7d9000 	C:\Users\Leonardo\.vscode\extensions\redhat.java-1.54.0-win32-x64\jre\21.0.10-win32-x86_64\bin\extnet.dll

JVMTI agents:
c:\Users\Leonardo\.vscode\extensions\redhat.java-1.54.0-win32-x64\lombok\lombok-1.18.39-4050.jar path:c:\Users\Leonardo\.vscode\extensions\redhat.java-1.54.0-win32-x64\jre\21.0.10-win32-x86_64\bin\instrument.dll, loaded, initialized, instrumentlib options:none

dbghelp: loaded successfully - version: 4.0.5 - missing functions: none
symbol engine: initialized successfully - sym options: 0x614 - pdb path: .;c:\Users\Leonardo\.vscode\extensions\redhat.java-1.54.0-win32-x64\jre\21.0.10-win32-x86_64\bin;C:\Windows\SYSTEM32;C:\Windows\WinSxS\amd64_microsoft.windows.common-controls_6595b64144ccf1df_6.0.19041.6456_none_60b8a6cb71f64256;c:\Users\Leonardo\.vscode\extensions\redhat.java-1.54.0-win32-x64\jre\21.0.10-win32-x86_64\bin\server;C:\Users\Leonardo\AppData\Roaming\Code\User\globalStorage\redhat.java\1.54.0\config_win\org.eclipse.equinox.launcher\org.eclipse.equinox.launcher.win32.win32.x86_64_1.3.0.v20260203-2149;C:\Users\Leonardo\AppData\Local\Temp\jna-2035583412

VM Arguments:
jvm_args: --add-modules=ALL-SYSTEM --add-opens=java.base/java.util=ALL-UNNAMED --add-opens=java.base/java.lang=ALL-UNNAMED --add-opens=java.base/sun.nio.fs=ALL-UNNAMED -Declipse.application=org.eclipse.jdt.ls.core.id1 -Dosgi.bundles.defaultStartLevel=4 -Declipse.product=org.eclipse.jdt.ls.core.product -Djava.import.generatesMetadataFilesAtProjectRoot=false -DDetectVMInstallationsJob.disabled=true -Dfile.encoding=utf8 -XX:+UseParallelGC -XX:GCTimeRatio=4 -XX:AdaptiveSizePolicyWeight=90 -Dsun.zip.disableMemoryMapping=true -Xmx2G -Xms100m -Xlog:disable -javaagent:c:\Users\Leonardo\.vscode\extensions\redhat.java-1.54.0-win32-x64\lombok\lombok-1.18.39-4050.jar -XX:+HeapDumpOnOutOfMemoryError -XX:HeapDumpPath=c:\Users\Leonardo\AppData\Roaming\Code\User\workspaceStorage\91273af04738737b26cebe2530116206\redhat.java -Daether.dependencyCollector.impl=bf 
java_command: c:\Users\Leonardo\.vscode\extensions\redhat.java-1.54.0-win32-x64\server\plugins\org.eclipse.equinox.launcher_1.7.100.v20251111-0406.jar -configuration c:\Users\Leonardo\AppData\Roaming\Code\User\globalStorage\redhat.java\1.54.0\config_win -data c:\Users\Leonardo\AppData\Roaming\Code\User\workspaceStorage\91273af04738737b26cebe2530116206\redhat.java\jdt_ws --pipe=\\.\pipe\lsp-ce104ec8deed2f5c8b8c5fc81347c9b9-sock
java_class_path (initial): c:\Users\Leonardo\.vscode\extensions\redhat.java-1.54.0-win32-x64\server\plugins\org.eclipse.equinox.launcher_1.7.100.v20251111-0406.jar
Launcher Type: SUN_STANDARD

[Global flags]
    uintx AdaptiveSizePolicyWeight                 = 90                                        {product} {command line}
     intx CICompilerCount                          = 12                                        {product} {ergonomic}
    uintx GCTimeRatio                              = 4                                         {product} {command line}
     bool HeapDumpOnOutOfMemoryError               = true                                   {manageable} {command line}
    ccstr HeapDumpPath                             = c:\Users\Leonardo\AppData\Roaming\Code\User\workspaceStorage\91273af04738737b26cebe2530116206\redhat.java         {manageable} {command line}
   size_t InitialHeapSize                          = 104857600                                 {product} {command line}
   size_t MaxHeapSize                              = 2147483648                                {product} {command line}
   size_t MaxNewSize                               = 715653120                                 {product} {ergonomic}
   size_t MinHeapDeltaBytes                        = 524288                                    {product} {ergonomic}
   size_t MinHeapSize                              = 104857600                                 {product} {command line}
   size_t NewSize                                  = 34603008                                  {product} {ergonomic}
    uintx NonNMethodCodeHeapSize                   = 7602480                                {pd product} {ergonomic}
    uintx NonProfiledCodeHeapSize                  = 122027880                              {pd product} {ergonomic}
   size_t OldSize                                  = 70254592                                  {product} {ergonomic}
    uintx ProfiledCodeHeapSize                     = 122027880                              {pd product} {ergonomic}
    uintx ReservedCodeCacheSize                    = 251658240                              {pd product} {ergonomic}
     bool SegmentedCodeCache                       = true                                      {product} {ergonomic}
   size_t SoftMaxHeapSize                          = 2147483648                             {manageable} {ergonomic}
     bool UseCompressedOops                        = true                           {product lp64_product} {ergonomic}
     bool UseLargePagesIndividualAllocation        = false                                  {pd product} {ergonomic}
     bool UseParallelGC                            = true                                      {product} {command line}

Logging:
Log output configuration:
 #0: stdout all=off uptime,level,tags foldmultilines=false
 #1: stderr all=off uptime,level,tags foldmultilines=false

Release file:
JAVA_VERSION="21.0.10" 
MODULES="java.base java.compiler java.datatransfer java.xml java.prefs java.desktop java.instrument java.logging java.management java.security.sasl java.naming java.rmi java.management.rmi java.net.http java.scripting java.security.jgss java.transaction.xa java.sql java.sql.rowset java.xml.crypto java.se java.smartcardio jdk.accessibility jdk.internal.jvmstat jdk.attach jdk.charsets jdk.internal.opt jdk.zipfs jdk.compiler jdk.crypto.ec jdk.crypto.cryptoki jdk.crypto.mscapi jdk.dynalink jdk.internal.ed jdk.editpad jdk.hotspot.agent jdk.httpserver jdk.internal.le jdk.internal.vm.ci jdk.internal.vm.compiler jdk.internal.vm.compiler.management jdk.jartool jdk.javadoc jdk.jcmd jdk.management jdk.management.agent jdk.jconsole jdk.jdeps jdk.jdwp.agent jdk.jdi jdk.jfr jdk.jshell jdk.jsobject jdk.jstatd jdk.localedata jdk.management.jfr jdk.naming.dns jdk.naming.rmi jdk.net jdk.nio.mapmode jdk.random jdk.sctp jdk.security.auth jdk.security.jgss jdk.unsupported jdk.unsupported.desktop jdk.xml.dom" 

Environment Variables:
JAVA_HOME=C:\Program Files\Eclipse Adoptium\jdk-17.0.17.10-hotspot
PATH=C:\Users\Leonardo\AppData\Local\Programs\Microsoft VS Code;C:\Python314\Scripts\;C:\Python314\;C:\Program Files (x86)\Common Files\Oracle\Java\javapath;C:\Program Files\Eclipse Adoptium\jdk-17.0.17.10-hotspot\bin;C:\Windows\system32;C:\Windows;C:\Windows\System32\Wbem;C:\Windows\System32\WindowsPowerShell\v1.0\;C:\Windows\System32\OpenSSH\;C:\Program Files\Microsoft SQL Server\Client SDK\ODBC\170\Tools\Binn\;C:\Program Files\Microsoft SQL Server\160\DTS\Binn\;C:\ProgramData\chocolatey\bin;C:\Program Files\dotnet\;C:\Users\Leonardo\AppData\Local\nvm;C:\nvm4w\nodejs;C:\Program Files\Git\cmd;C:\Program Files\Microsoft SQL Server\Client SDK\ODBC\180\Tools\Binn\;C:\Program Files (x86)\Microsoft SQL Server\160\Tools\Binn\;C:\Program Files\Microsoft SQL Server\160\Tools\Binn\;C:\Program Files (x86)\Microsoft SQL Server\160\DTS\Binn\;C:\Program Files\Microsoft SQL Server\150\Tools\Binn\;C:\Program Files\Microsoft SQL Server\130\DTS\Binn\;C:\Program Files\Microsoft SQL Server\140\DTS\Binn\;C:\Program Files\Microsoft SQL Server\150\DTS\Binn\;C:\Program Files\Microsoft SQL Server\170\DTS\Binn\;C:\Program Files (x86)\cloudflared\;C:\Program Files\Docker\Docker\resources\bin;C:\Program Files\Amazon\AWSCLIV2\;C:\Users\Leonardo\scoop\shims;C:\Users\Leonardo\AppData\Local\Programs\Python\Python310\Scripts\;C:\Users\Leonardo\AppData\Local\Programs\Python\Python310\;C:\Users\Leonardo\AppData\Local\Microsoft\WindowsApps;C:\Users\Leonardo\AppData\Local\GitHubDesktop\bin;C:\Program Files\JetBrains\PyCharm 2025.1\bin;C:\Users\Leonardo\AppData\Local\Programs\Microsoft VS Code\bin;C:\Users\Leonardo\AppData\Local\Programs\Python\Python310\;C:\Users\Leonardo\Documents\flutter\bin;C:\Program Files\MySQL\MySQL Server 8.0\bin;C:\Users\Leonardo\Downloads\cloudflared.exe.exe;C:\Users\Leonardo\.dotnet\tools;C:\Users\Leonardo\.deno\bin;C:\Users\Leonardo\AppData\Roaming\npm;C:\Users\Leonardo\AppData\Local\Programs\Antigravity\bin
USERNAME=Leonardo
OS=Windows_NT
PROCESSOR_IDENTIFIER=AMD64 Family 23 Model 104 Stepping 1, AuthenticAMD
TMP=C:\Users\Leonardo\AppData\Local\Temp
TEMP=C:\Users\Leonardo\AppData\Local\Temp




Periodic native trim disabled

---------------  S Y S T E M  ---------------

OS:
 Windows 10 , 64 bit Build 19041 (10.0.19041.5915)
OS uptime: 0 days 7:37 hours
Hyper-V role detected

CPU: total 16 (initial active 16) (16 cores per cpu, 2 threads per core) family 23 model 104 stepping 1 microcode 0x0, cx8, cmov, fxsr, ht, mmx, 3dnowpref, sse, sse2, sse3, ssse3, sse4a, sse4.1, sse4.2, popcnt, lzcnt, tsc, tscinvbit, avx, avx2, aes, clmul, bmi1, bmi2, adx, sha, fma, vzeroupper, clflush, clflushopt, hv, rdtscp, rdpid, f16c
Processor Information for the first 16 processors :
  Max Mhz: 1801, Current Mhz: 1801, Mhz Limit: 1801

Memory: 4k page, system-wide physical 6005M (67M free)
TotalPageFile size 24437M (AvailPageFile size 2M)
current process WorkingSet (physical memory assigned to process): 223M, peak: 226M
current process commit charge ("private bytes"): 348M, peak: 357M

vm_info: OpenJDK 64-Bit Server VM (21.0.10+7-LTS) for windows-amd64 JRE (21.0.10+7-LTS), built on 2026-01-20T00:00:00Z by "admin" with MS VC++ 17.12 (VS2022)

END.
