#
# There is insufficient memory for the Java Runtime Environment to continue.
# Native memory allocation (malloc) failed to allocate 192976 bytes. Error detail: Chunk::new
# Possible reasons:
#   The system is out of physical RAM or swap space
#   This process is running with CompressedOops enabled, and the Java Heap may be blocking the growth of the native heap
# Possible solutions:
#   Reduce memory load on the system
#   Increase physical memory or swap space
#   Check if swap backing store is full
#   Decrease Java heap size (-Xmx/-Xms)
#   Decrease number of Java threads
#   Decrease Java thread stack sizes (-Xss)
#   Set larger code cache with -XX:ReservedCodeCacheSize=
#   JVM is running with Unscaled Compressed Oops mode in which the Java heap is
#     placed in the first 4GB address space. The Java Heap base address is the
#     maximum limit for the native heap growth. Please use -XX:HeapBaseMinAddress
#     to set the Java Heap base and to place the Java Heap above 4GB virtual address.
# This output file may be truncated or incomplete.
#
#  Out of Memory Error (arena.cpp:168), pid=18824, tid=18204
#
# JRE version: OpenJDK Runtime Environment Temurin-21.0.10+7 (21.0.10+7) (build 21.0.10+7-LTS)
# Java VM: OpenJDK 64-Bit Server VM Temurin-21.0.10+7 (21.0.10+7-LTS, mixed mode, sharing, tiered, compressed oops, compressed class ptrs, parallel gc, windows-amd64)
# No core dump will be written. Minidumps are not enabled by default on client versions of Windows
#

---------------  S U M M A R Y ------------

Command Line: --add-modules=ALL-SYSTEM --add-opens=java.base/java.util=ALL-UNNAMED --add-opens=java.base/java.lang=ALL-UNNAMED --add-opens=java.base/sun.nio.fs=ALL-UNNAMED -Declipse.application=org.eclipse.jdt.ls.core.id1 -Dosgi.bundles.defaultStartLevel=4 -Declipse.product=org.eclipse.jdt.ls.core.product -Djava.import.generatesMetadataFilesAtProjectRoot=false -DDetectVMInstallationsJob.disabled=true -Dfile.encoding=utf8 -XX:+UseParallelGC -XX:GCTimeRatio=4 -XX:AdaptiveSizePolicyWeight=90 -Dsun.zip.disableMemoryMapping=true -Xmx2G -Xms100m -Xlog:disable -javaagent:c:\Users\Leonardo\.vscode\extensions\redhat.java-1.54.0-win32-x64\lombok\lombok-1.18.39-4050.jar -XX:+HeapDumpOnOutOfMemoryError -XX:HeapDumpPath=c:\Users\Leonardo\AppData\Roaming\Code\User\workspaceStorage\91273af04738737b26cebe2530116206\redhat.java -Daether.dependencyCollector.impl=bf c:\Users\Leonardo\.vscode\extensions\redhat.java-1.54.0-win32-x64\server\plugins\org.eclipse.equinox.launcher_1.7.100.v20251111-0406.jar -configuration c:\Users\Leonardo\AppData\Roaming\Code\User\globalStorage\redhat.java\1.54.0\config_win -data c:\Users\Leonardo\AppData\Roaming\Code\User\workspaceStorage\91273af04738737b26cebe2530116206\redhat.java\jdt_ws --pipe=\\.\pipe\lsp-9034d30e5221b31a4648c3d4c62fbe81-sock

Host: AMD Ryzen 7 5700U with Radeon Graphics         , 16 cores, 5G,  Windows 10 , 64 bit Build 19041 (10.0.19041.5915)
Time: Tue Apr 21 02:04:38 2026 Hora estándar oeste, Sudamérica elapsed time: 593.853747 seconds (0d 0h 9m 53s)

---------------  T H R E A D  ---------------

Current thread (0x000002685f4b6700):  JavaThread "C2 CompilerThread0" daemon [_thread_in_native, id=18204, stack(0x00000087b6f00000,0x00000087b7000000) (1024K)]


Current CompileTask:
C2:593853 17027       4       org.eclipse.jdt.internal.core.search.matching.JavaSearchNameEnvironment::addPackageNameToIndex (45 bytes)

Stack: [0x00000087b6f00000,0x00000087b7000000]
Native frames: (J=compiled Java code, j=interpreted, Vv=VM code, C=native code)
V  [jvm.dll+0x6d7a39]
V  [jvm.dll+0x8b4b26]
V  [jvm.dll+0x8b70de]
V  [jvm.dll+0x8b77c3]
V  [jvm.dll+0x284346]
V  [jvm.dll+0xc66ed]
V  [jvm.dll+0xc6c31]
V  [jvm.dll+0x2fb29e]
V  [jvm.dll+0x5fe884]
V  [jvm.dll+0x255b17]
V  [jvm.dll+0x24dc0b]
V  [jvm.dll+0x24ba42]
V  [jvm.dll+0x1cb34e]
V  [jvm.dll+0x25b85d]
V  [jvm.dll+0x259dea]
V  [jvm.dll+0x3f857e]
V  [jvm.dll+0x85f59d]
V  [jvm.dll+0x6d626d]
C  [ucrtbase.dll+0x21bb2]
C  [KERNEL32.DLL+0x17374]
C  [ntdll.dll+0x4cc91]


---------------  P R O C E S S  ---------------

Threads class SMR info:
_java_thread_list=0x000002687225e640, length=62, elements={
0x00000268064e4d70, 0x0000026806495820, 0x0000026806499140, 0x000002680649acd0,
0x000002680649bbf0, 0x000002680649cb10, 0x000002680649e780, 0x000002685f4b6700,
0x000002685f4b71a0, 0x000002685f69e7f0, 0x000002685f7fd160, 0x00000268654da4c0,
0x00000268652f79f0, 0x00000268650636a0, 0x000002685f62efd0, 0x0000026865f880e0,
0x000002685f7f2f90, 0x0000026865b74900, 0x0000026865b75620, 0x0000026865b74270,
0x0000026865b77060, 0x0000026865b73be0, 0x0000026867ad6680, 0x0000026867ad3f20,
0x0000026867ad8de0, 0x0000026867ad9b00, 0x0000026867ad45b0, 0x0000026867ad4c40,
0x0000026867ad52d0, 0x0000026867ad5ff0, 0x0000026867ad6d10, 0x0000026867ad73a0,
0x0000026867ad7a30, 0x0000026867ad5960, 0x0000026867ad80c0, 0x0000026867ad8750,
0x0000026867adb540, 0x0000026867ada190, 0x0000026867ad9470, 0x0000026867ada820,
0x0000026867adaeb0, 0x0000026866560450, 0x0000026866560ae0, 0x0000026866561170,
0x0000026866563f60, 0x0000026866562bb0, 0x0000026866563240, 0x00000268665645f0,
0x0000026866565310, 0x00000268687c0620, 0x00000268687c26f0, 0x00000268687bd1a0,
0x00000268687bf900, 0x00000268687bff90, 0x00000268687bd830, 0x0000026868bb6240,
0x000002687168c9e0, 0x00000268716904f0, 0x000002687168d070, 0x000002687168dd90,
0x000002687168fe60, 0x000002687168a910
}

Java Threads: ( => current thread )
  0x00000268064e4d70 JavaThread "main"                              [_thread_blocked, id=19252, stack(0x00000087b6500000,0x00000087b6600000) (1024K)]
  0x0000026806495820 JavaThread "Reference Handler"          daemon [_thread_blocked, id=18944, stack(0x00000087b6900000,0x00000087b6a00000) (1024K)]
  0x0000026806499140 JavaThread "Finalizer"                  daemon [_thread_blocked, id=18172, stack(0x00000087b6a00000,0x00000087b6b00000) (1024K)]
  0x000002680649acd0 JavaThread "Signal Dispatcher"          daemon [_thread_blocked, id=18952, stack(0x00000087b6b00000,0x00000087b6c00000) (1024K)]
  0x000002680649bbf0 JavaThread "Attach Listener"            daemon [_thread_blocked, id=18364, stack(0x00000087b6c00000,0x00000087b6d00000) (1024K)]
  0x000002680649cb10 JavaThread "Service Thread"             daemon [_thread_blocked, id=1300, stack(0x00000087b6d00000,0x00000087b6e00000) (1024K)]
  0x000002680649e780 JavaThread "Monitor Deflation Thread"   daemon [_thread_blocked, id=17040, stack(0x00000087b6e00000,0x00000087b6f00000) (1024K)]
=>0x000002685f4b6700 JavaThread "C2 CompilerThread0"         daemon [_thread_in_native, id=18204, stack(0x00000087b6f00000,0x00000087b7000000) (1024K)]
  0x000002685f4b71a0 JavaThread "C1 CompilerThread0"         daemon [_thread_blocked, id=18468, stack(0x00000087b7000000,0x00000087b7100000) (1024K)]
  0x000002685f69e7f0 JavaThread "Common-Cleaner"             daemon [_thread_blocked, id=4660, stack(0x00000087b7100000,0x00000087b7200000) (1024K)]
  0x000002685f7fd160 JavaThread "Notification Thread"        daemon [_thread_blocked, id=19804, stack(0x00000087b7200000,0x00000087b7300000) (1024K)]
  0x00000268654da4c0 JavaThread "Active Thread: Equinox Container: 82ccd183-9adb-4e06-9e4d-119b5e0b0446"        [_thread_blocked, id=19816, stack(0x00000087b7900000,0x00000087b7a00000) (1024K)]
  0x00000268652f79f0 JavaThread "Refresh Thread: Equinox Container: 82ccd183-9adb-4e06-9e4d-119b5e0b0446" daemon [_thread_blocked, id=20964, stack(0x00000087b7b00000,0x00000087b7c00000) (1024K)]
  0x00000268650636a0 JavaThread "Framework Event Dispatcher: Equinox Container: 82ccd183-9adb-4e06-9e4d-119b5e0b0446" daemon [_thread_blocked, id=20976, stack(0x00000087b7c00000,0x00000087b7d00000) (1024K)]
  0x000002685f62efd0 JavaThread "Start Level: Equinox Container: 82ccd183-9adb-4e06-9e4d-119b5e0b0446" daemon [_thread_blocked, id=20980, stack(0x00000087b7d00000,0x00000087b7e00000) (1024K)]
  0x0000026865f880e0 JavaThread "Bundle File Closer"         daemon [_thread_blocked, id=21148, stack(0x00000087b8100000,0x00000087b8200000) (1024K)]
  0x000002685f7f2f90 JavaThread "SCR Component Actor"        daemon [_thread_blocked, id=21424, stack(0x00000087b8300000,0x00000087b8400000) (1024K)]
  0x0000026865b74900 JavaThread "Worker-JM"                         [_thread_blocked, id=21428, stack(0x00000087b8400000,0x00000087b8500000) (1024K)]
  0x0000026865b75620 JavaThread "JNA Cleaner"                daemon [_thread_blocked, id=21444, stack(0x00000087b8700000,0x00000087b8800000) (1024K)]
  0x0000026865b74270 JavaThread "Worker-0"                          [_thread_blocked, id=21448, stack(0x00000087b8800000,0x00000087b8900000) (1024K)]
  0x0000026865b77060 JavaThread "Java indexing"              daemon [_thread_blocked, id=8580, stack(0x00000087b8a00000,0x00000087b8b00000) (1024K)]
  0x0000026865b73be0 JavaThread "Worker-3"                          [_thread_blocked, id=6844, stack(0x00000087b8c00000,0x00000087b8d00000) (1024K)]
  0x0000026867ad6680 JavaThread "Thread-1"                   daemon [_thread_in_native, id=5792, stack(0x00000087b8d00000,0x00000087b8e00000) (1024K)]
  0x0000026867ad3f20 JavaThread "Thread-2"                   daemon [_thread_in_native, id=6308, stack(0x00000087b8e00000,0x00000087b8f00000) (1024K)]
  0x0000026867ad8de0 JavaThread "Thread-3"                   daemon [_thread_in_native, id=4348, stack(0x00000087b8f00000,0x00000087b9000000) (1024K)]
  0x0000026867ad9b00 JavaThread "Thread-4"                   daemon [_thread_in_native, id=4344, stack(0x00000087b9000000,0x00000087b9100000) (1024K)]
  0x0000026867ad45b0 JavaThread "Thread-5"                   daemon [_thread_in_native, id=20488, stack(0x00000087b9100000,0x00000087b9200000) (1024K)]
  0x0000026867ad4c40 JavaThread "Thread-6"                   daemon [_thread_in_native, id=20492, stack(0x00000087b9200000,0x00000087b9300000) (1024K)]
  0x0000026867ad52d0 JavaThread "Thread-7"                   daemon [_thread_in_native, id=20496, stack(0x00000087b9300000,0x00000087b9400000) (1024K)]
  0x0000026867ad5ff0 JavaThread "Thread-8"                   daemon [_thread_in_native, id=8948, stack(0x00000087b9400000,0x00000087b9500000) (1024K)]
  0x0000026867ad6d10 JavaThread "Thread-9"                   daemon [_thread_in_native, id=18504, stack(0x00000087b9500000,0x00000087b9600000) (1024K)]
  0x0000026867ad73a0 JavaThread "Thread-10"                  daemon [_thread_in_native, id=17280, stack(0x00000087b9600000,0x00000087b9700000) (1024K)]
  0x0000026867ad7a30 JavaThread "Thread-11"                  daemon [_thread_in_native, id=18676, stack(0x00000087b9700000,0x00000087b9800000) (1024K)]
  0x0000026867ad5960 JavaThread "Thread-12"                  daemon [_thread_in_native, id=11420, stack(0x00000087b9800000,0x00000087b9900000) (1024K)]
  0x0000026867ad80c0 JavaThread "Thread-13"                  daemon [_thread_in_native, id=11428, stack(0x00000087b9900000,0x00000087b9a00000) (1024K)]
  0x0000026867ad8750 JavaThread "Thread-14"                  daemon [_thread_in_native, id=18940, stack(0x00000087b9a00000,0x00000087b9b00000) (1024K)]
  0x0000026867adb540 JavaThread "Thread-15"                  daemon [_thread_in_native, id=11592, stack(0x00000087b9b00000,0x00000087b9c00000) (1024K)]
  0x0000026867ada190 JavaThread "Thread-16"                  daemon [_thread_in_native, id=10976, stack(0x00000087b9c00000,0x00000087b9d00000) (1024K)]
  0x0000026867ad9470 JavaThread "Thread-17"                  daemon [_thread_in_native, id=11396, stack(0x00000087b9d00000,0x00000087b9e00000) (1024K)]
  0x0000026867ada820 JavaThread "pool-2-thread-1"                   [_thread_blocked, id=12392, stack(0x00000087b9e00000,0x00000087b9f00000) (1024K)]
  0x0000026867adaeb0 JavaThread "WorkspaceEventsHandler"            [_thread_blocked, id=12444, stack(0x00000087b9f00000,0x00000087ba000000) (1024K)]
  0x0000026866560450 JavaThread "pool-1-thread-1"                   [_thread_blocked, id=12360, stack(0x00000087ba000000,0x00000087ba100000) (1024K)]
  0x0000026866560ae0 JavaThread "ForkJoinPool.commonPool-worker-2" daemon [_thread_blocked, id=19048, stack(0x00000087ba200000,0x00000087ba300000) (1024K)]
  0x0000026866561170 JavaThread "ForkJoinPool.commonPool-worker-4" daemon [_thread_blocked, id=2692, stack(0x00000087ba400000,0x00000087ba500000) (1024K)]
  0x0000026866563f60 JavaThread "ForkJoinPool.commonPool-worker-7" daemon [_thread_blocked, id=18060, stack(0x00000087ba700000,0x00000087ba800000) (1024K)]
  0x0000026866562bb0 JavaThread "ForkJoinPool.commonPool-worker-9" daemon [_thread_blocked, id=17852, stack(0x00000087ba800000,0x00000087ba900000) (1024K)]
  0x0000026866563240 JavaThread "ForkJoinPool.commonPool-worker-10" daemon [_thread_blocked, id=19268, stack(0x00000087baa00000,0x00000087bab00000) (1024K)]
  0x00000268665645f0 JavaThread "ForkJoinPool.commonPool-worker-11" daemon [_thread_in_native, id=17828, stack(0x00000087bab00000,0x00000087bac00000) (1024K)]
  0x0000026866565310 JavaThread "ForkJoinPool.commonPool-worker-14" daemon [_thread_blocked, id=2540, stack(0x00000087bad00000,0x00000087bae00000) (1024K)]
  0x00000268687c0620 JavaThread "LocalFile Deleter"          daemon [_thread_blocked, id=19220, stack(0x00000087bb100000,0x00000087bb200000) (1024K)]
  0x00000268687c26f0 JavaThread "LocalFile Deleter"          daemon [_thread_blocked, id=17736, stack(0x00000087bb500000,0x00000087bb600000) (1024K)]
  0x00000268687bd1a0 JavaThread "LocalFile Deleter"          daemon [_thread_blocked, id=18732, stack(0x00000087bb600000,0x00000087bb700000) (1024K)]
  0x00000268687bf900 JavaThread "LocalFile Deleter"          daemon [_thread_blocked, id=1600, stack(0x00000087bb900000,0x00000087bba00000) (1024K)]
  0x00000268687bff90 JavaThread "LocalFile Deleter"          daemon [_thread_blocked, id=18956, stack(0x00000087bba00000,0x00000087bbb00000) (1024K)]
  0x00000268687bd830 JavaThread "LocalFile Deleter"          daemon [_thread_blocked, id=18948, stack(0x00000087bbb00000,0x00000087bbc00000) (1024K)]
  0x0000026868bb6240 JavaThread "LocalFile Deleter"          daemon [_thread_blocked, id=19896, stack(0x00000087bbf00000,0x00000087bc000000) (1024K)]
  0x000002687168c9e0 JavaThread "Java Debug Server"          daemon [_thread_in_native, id=10056, stack(0x00000087b8200000,0x00000087b8300000) (1024K)]
  0x00000268716904f0 JavaThread "pool-5-thread-1"                   [_thread_in_native, id=16416, stack(0x00000087bce00000,0x00000087bcf00000) (1024K)]
  0x000002687168d070 JavaThread "RxSchedulerPurge-1"         daemon [_thread_blocked, id=20524, stack(0x00000087b6300000,0x00000087b6400000) (1024K)]
  0x000002687168dd90 JavaThread "RxCachedWorkerPoolEvictor-1" daemon [_thread_blocked, id=6692, stack(0x00000087bcf00000,0x00000087bd000000) (1024K)]
  0x000002687168fe60 JavaThread "RxNewThreadScheduler-1"     daemon [_thread_blocked, id=6980, stack(0x00000087be400000,0x00000087be500000) (1024K)]
  0x000002687168a910 JavaThread "process reaper (pid 11608)" daemon [_thread_in_native, id=12220, stack(0x00000087b5f20000,0x00000087b5f40000) (128K)]
Total: 62

Other Threads:
  0x00000268064849b0 VMThread "VM Thread"                           [id=1872, stack(0x00000087b6800000,0x00000087b6900000) (1024K)]
  0x000002680637cb30 WatcherThread "VM Periodic Task Thread"        [id=7352, stack(0x00000087b6700000,0x00000087b6800000) (1024K)]
  0x0000026806503000 WorkerThread "GC Thread#0"                     [id=7340, stack(0x00000087b6600000,0x00000087b6700000) (1024K)]
  0x0000026865525af0 WorkerThread "GC Thread#1"                     [id=20168, stack(0x00000087b7300000,0x00000087b7400000) (1024K)]
  0x00000268653566a0 WorkerThread "GC Thread#2"                     [id=20104, stack(0x00000087b7400000,0x00000087b7500000) (1024K)]
  0x000002686560a290 WorkerThread "GC Thread#3"                     [id=20116, stack(0x00000087b7500000,0x00000087b7600000) (1024K)]
  0x000002686560a640 WorkerThread "GC Thread#4"                     [id=20100, stack(0x00000087b7600000,0x00000087b7700000) (1024K)]
  0x000002686560a9f0 WorkerThread "GC Thread#5"                     [id=19900, stack(0x00000087b7700000,0x00000087b7800000) (1024K)]
  0x000002686560b1b0 WorkerThread "GC Thread#6"                     [id=20152, stack(0x00000087b7800000,0x00000087b7900000) (1024K)]
  0x000002685f4ba380 WorkerThread "GC Thread#7"                     [id=20552, stack(0x00000087b7a00000,0x00000087b7b00000) (1024K)]
  0x000002686579b310 WorkerThread "GC Thread#8"                     [id=21124, stack(0x00000087b7e00000,0x00000087b7f00000) (1024K)]
  0x000002685f6fc8e0 WorkerThread "GC Thread#9"                     [id=21128, stack(0x00000087b7f00000,0x00000087b8000000) (1024K)]
  0x0000026865828240 WorkerThread "GC Thread#10"                    [id=21132, stack(0x00000087b8000000,0x00000087b8100000) (1024K)]
  0x0000026865c10800 WorkerThread "GC Thread#11"                    [id=21436, stack(0x00000087b8500000,0x00000087b8600000) (1024K)]
  0x0000026865c10bb0 WorkerThread "GC Thread#12"                    [id=21440, stack(0x00000087b8600000,0x00000087b8700000) (1024K)]
Total: 15

Threads with active compile tasks:
C2 CompilerThread0  593896 17027       4       org.eclipse.jdt.internal.core.search.matching.JavaSearchNameEnvironment::addPackageNameToIndex (45 bytes)
Total: 1

VM state: not at safepoint (normal execution)

VM Mutex/Monitor currently owned by a thread: None

Heap address: 0x0000000080000000, size: 2048 MB, Compressed Oops mode: 32-bit

CDS archive(s) mapped at: [0x000002681d000000-0x000002681dba0000-0x000002681dba0000), size 12189696, SharedBaseAddress: 0x000002681d000000, ArchiveRelocationMode: 1.
Compressed class space mapped at: 0x000002681e000000-0x000002685e000000, reserved size: 1073741824
Narrow klass base: 0x000002681d000000, Narrow klass shift: 0, Narrow klass range: 0x100000000

GC Precious Log:
 CardTable entry size: 512
 CPUs: 16 total, 16 available
 Memory: 6005M
 Large Page Support: Disabled
 NUMA Support: Disabled
 Compressed Oops: Enabled (32-bit)
 Alignments: Space 512K, Generation 512K, Heap 2M
 Heap Min Capacity: 100M
 Heap Initial Capacity: 100M
 Heap Max Capacity: 2G
 Pre-touch: Disabled
 Parallel Workers: 13

Heap:
 PSYoungGen      total 2048K, used 1243K [0x00000000d5580000, 0x00000000d5900000, 0x0000000100000000)
  eden space 1536K, 77% used [0x00000000d5580000,0x00000000d56ab018,0x00000000d5700000)
  from space 512K, 50% used [0x00000000d5880000,0x00000000d58c0000,0x00000000d5900000)
  to   space 512K, 0% used [0x00000000d5800000,0x00000000d5800000,0x00000000d5880000)
 ParOldGen       total 142336K, used 142213K [0x0000000080000000, 0x0000000088b00000, 0x00000000d5580000)
  object space 142336K, 99% used [0x0000000080000000,0x0000000088ae1658,0x0000000088b00000)
 Metaspace       used 78543K, committed 80320K, reserved 1179648K
  class space    used 8171K, committed 8896K, reserved 1048576K

Card table byte_map: [0x0000026805e90000,0x00000268062a0000] _byte_map_base: 0x0000026805a90000

Marking Bits: (ParMarkBitMap*) 0x00007ffaeaa43450
 Begin Bits: [0x00000268189a0000, 0x000002681a9a0000)
 End Bits:   [0x000002681a9a0000, 0x000002681c9a0000)

Polling page: 0x0000026804320000

Metaspace:

Usage:
  Non-class:     68.72 MB used.
      Class:      7.98 MB used.
       Both:     76.70 MB used.

Virtual space:
  Non-class space:      128.00 MB reserved,      69.75 MB ( 54%) committed,  2 nodes.
      Class space:        1.00 GB reserved,       8.69 MB ( <1%) committed,  1 nodes.
             Both:        1.12 GB reserved,      78.44 MB (  7%) committed. 

Chunk freelists:
   Non-Class:  10.07 MB
       Class:  7.36 MB
        Both:  17.43 MB

MaxMetaspaceSize: unlimited
CompressedClassSpaceSize: 1.00 GB
Initial GC threshold: 21.00 MB
Current GC threshold: 97.31 MB
CDS: on
 - commit_granule_bytes: 65536.
 - commit_granule_words: 8192.
 - virtual_space_node_default_size: 8388608.
 - enlarge_chunks_in_place: 1.
 - use_allocation_guard: 0.


Internal statistics:

num_allocs_failed_limit: 9.
num_arena_births: 1496.
num_arena_deaths: 22.
num_vsnodes_births: 3.
num_vsnodes_deaths: 0.
num_space_committed: 1255.
num_space_uncommitted: 0.
num_chunks_returned_to_freelist: 35.
num_chunks_taken_from_freelist: 5279.
num_chunk_merges: 15.
num_chunk_splits: 3272.
num_chunks_enlarged: 1893.
num_inconsistent_stats: 0.

CodeHeap 'non-profiled nmethods': size=119168Kb used=10346Kb max_used=10346Kb free=108821Kb
 bounds [0x0000026811290000, 0x0000026811cb0000, 0x00000268186f0000]
CodeHeap 'profiled nmethods': size=119104Kb used=39761Kb max_used=39761Kb free=79342Kb
 bounds [0x00000268096f0000, 0x000002680bdd0000, 0x0000026810b40000]
CodeHeap 'non-nmethods': size=7488Kb used=1465Kb max_used=3216Kb free=6022Kb
 bounds [0x0000026810b40000, 0x0000026810e80000, 0x0000026811290000]
CodeCache: size=245760Kb, used=51572Kb, max_used=53323Kb, free=194185Kb
 total_blobs=17116, nmethods=16329, adapters=690, full_count=0
Compilation: enabled, stopped_count=0, restarted_count=0

Compilation events (20 events):
Event: 589.420 Thread 0x000002685f4b71a0 17020       3       lombok.launch.PatchFixesHider$PatchFixes::isBlockedVisitorAndGenerated (59 bytes)
Event: 589.421 Thread 0x000002685f4b71a0 nmethod 17020 0x000002680bdbaf10 code [0x000002680bdbb160, 0x000002680bdbb768]
Event: 589.421 Thread 0x000002685f4b71a0 17021       3       org.eclipse.jdt.core.dom.ASTVisitor::preVisit2 (7 bytes)
Event: 589.421 Thread 0x000002685f4b71a0 nmethod 17021 0x000002680bdbba10 code [0x000002680bdbbbc0, 0x000002680bdbbda8]
Event: 589.421 Thread 0x000002685f4b71a0 17023       3       org.eclipse.jdt.core.dom.ASTVisitor::postVisit (1 bytes)
Event: 589.421 Thread 0x000002685f4b71a0 nmethod 17023 0x000002680bdbbe90 code [0x000002680bdbc020, 0x000002680bdbc128]
Event: 589.421 Thread 0x000002685f4b71a0 17022       3       org.eclipse.jdt.core.dom.ASTVisitor::preVisit (1 bytes)
Event: 589.421 Thread 0x000002685f4b71a0 nmethod 17022 0x000002680bdbc190 code [0x000002680bdbc320, 0x000002680bdbc428]
Event: 589.424 Thread 0x000002685f4b71a0 17024       3       org.eclipse.jdt.internal.core.util.MementoTokenizer::nextToken (647 bytes)
Event: 589.426 Thread 0x000002685f4b71a0 nmethod 17024 0x000002680bdbc490 code [0x000002680bdbc820, 0x000002680bdbdb48]
Event: 589.433 Thread 0x000002685f4b6700 nmethod 17018 0x0000026811ca6b90 code [0x0000026811ca6e20, 0x0000026811ca7790]
Event: 593.683 Thread 0x000002685f4b71a0 17025       3       org.eclipse.core.internal.filesystem.local.LocalFile::getName (8 bytes)
Event: 593.684 Thread 0x000002685f4b71a0 nmethod 17025 0x000002680bdbe090 code [0x000002680bdbe240, 0x000002680bdbe388]
Event: 593.800 Thread 0x000002685f4b6700 17026       4       org.eclipse.core.internal.resources.ProjectPreferences::nodeExists (124 bytes)
Event: 593.835 Thread 0x000002685f4b71a0 17028   !   3       org.eclipse.jdt.internal.core.NameLookup::getModuleDescriptionInfo (57 bytes)
Event: 593.836 Thread 0x000002685f4b6700 nmethod 17026 0x0000026811ca7f10 code [0x0000026811ca8300, 0x0000026811ca9600]
Event: 593.837 Thread 0x000002685f4b6700 17027       4       org.eclipse.jdt.internal.core.search.matching.JavaSearchNameEnvironment::addPackageNameToIndex (45 bytes)
Event: 593.838 Thread 0x000002685f4b71a0 nmethod 17028 0x000002680bdbe490 code [0x000002680bdbe780, 0x000002680bdbf828]
Event: 593.849 Thread 0x000002685f4b71a0 17029       3       org.eclipse.jdt.core.JavaCore::compareJavaVersions (12 bytes)
Event: 593.850 Thread 0x000002685f4b71a0 nmethod 17029 0x000002680bdbfd90 code [0x000002680bdbff80, 0x000002680bdc02f0]

GC Heap History (20 events):
Event: 63.460 GC heap before
{Heap before GC invocations=220 (full 3):
 PSYoungGen      total 1536K, used 1440K [0x00000000d5580000, 0x00000000d5800000, 0x0000000100000000)
  eden space 1024K, 100% used [0x00000000d5580000,0x00000000d5680000,0x00000000d5680000)
  from space 512K, 81% used [0x00000000d5780000,0x00000000d57e8000,0x00000000d5800000)
  to   space 512K, 0% used [0x00000000d5700000,0x00000000d5700000,0x00000000d5780000)
 ParOldGen       total 137728K, used 137466K [0x0000000080000000, 0x0000000088680000, 0x00000000d5580000)
  object space 137728K, 99% used [0x0000000080000000,0x000000008863ea38,0x0000000088680000)
 Metaspace       used 78116K, committed 79872K, reserved 1179648K
  class space    used 8123K, committed 8832K, reserved 1048576K
}
Event: 63.461 GC heap after
{Heap after GC invocations=220 (full 3):
 PSYoungGen      total 1536K, used 416K [0x00000000d5580000, 0x00000000d5800000, 0x0000000100000000)
  eden space 1024K, 0% used [0x00000000d5580000,0x00000000d5580000,0x00000000d5680000)
  from space 512K, 81% used [0x00000000d5700000,0x00000000d5768000,0x00000000d5780000)
  to   space 512K, 0% used [0x00000000d5780000,0x00000000d5780000,0x00000000d5800000)
 ParOldGen       total 138240K, used 137953K [0x0000000080000000, 0x0000000088700000, 0x00000000d5580000)
  object space 138240K, 99% used [0x0000000080000000,0x00000000886b8438,0x0000000088700000)
 Metaspace       used 78116K, committed 79872K, reserved 1179648K
  class space    used 8123K, committed 8832K, reserved 1048576K
}
Event: 63.463 GC heap before
{Heap before GC invocations=221 (full 3):
 PSYoungGen      total 1536K, used 1440K [0x00000000d5580000, 0x00000000d5800000, 0x0000000100000000)
  eden space 1024K, 100% used [0x00000000d5580000,0x00000000d5680000,0x00000000d5680000)
  from space 512K, 81% used [0x00000000d5700000,0x00000000d5768000,0x00000000d5780000)
  to   space 512K, 0% used [0x00000000d5780000,0x00000000d5780000,0x00000000d5800000)
 ParOldGen       total 138240K, used 137953K [0x0000000080000000, 0x0000000088700000, 0x00000000d5580000)
  object space 138240K, 99% used [0x0000000080000000,0x00000000886b8438,0x0000000088700000)
 Metaspace       used 78118K, committed 79872K, reserved 1179648K
  class space    used 8123K, committed 8832K, reserved 1048576K
}
Event: 63.464 GC heap after
{Heap after GC invocations=221 (full 3):
 PSYoungGen      total 1024K, used 512K [0x00000000d5580000, 0x00000000d5980000, 0x0000000100000000)
  eden space 512K, 0% used [0x00000000d5580000,0x00000000d5580000,0x00000000d5600000)
  from space 512K, 100% used [0x00000000d5780000,0x00000000d5800000,0x00000000d5800000)
  to   space 1536K, 0% used [0x00000000d5600000,0x00000000d5600000,0x00000000d5780000)
 ParOldGen       total 138752K, used 138489K [0x0000000080000000, 0x0000000088780000, 0x00000000d5580000)
  object space 138752K, 99% used [0x0000000080000000,0x000000008873e438,0x0000000088780000)
 Metaspace       used 78118K, committed 79872K, reserved 1179648K
  class space    used 8123K, committed 8832K, reserved 1048576K
}
Event: 63.466 GC heap before
{Heap before GC invocations=222 (full 3):
 PSYoungGen      total 1024K, used 1023K [0x00000000d5580000, 0x00000000d5980000, 0x0000000100000000)
  eden space 512K, 99% used [0x00000000d5580000,0x00000000d55fff88,0x00000000d5600000)
  from space 512K, 100% used [0x00000000d5780000,0x00000000d5800000,0x00000000d5800000)
  to   space 1536K, 0% used [0x00000000d5600000,0x00000000d5600000,0x00000000d5780000)
 ParOldGen       total 138752K, used 138489K [0x0000000080000000, 0x0000000088780000, 0x00000000d5580000)
  object space 138752K, 99% used [0x0000000080000000,0x000000008873e438,0x0000000088780000)
 Metaspace       used 78118K, committed 79872K, reserved 1179648K
  class space    used 8123K, committed 8832K, reserved 1048576K
}
Event: 63.467 GC heap after
{Heap after GC invocations=222 (full 3):
 PSYoungGen      total 2048K, used 512K [0x00000000d5580000, 0x00000000d5880000, 0x0000000100000000)
  eden space 512K, 0% used [0x00000000d5580000,0x00000000d5580000,0x00000000d5600000)
  from space 1536K, 33% used [0x00000000d5600000,0x00000000d5680000,0x00000000d5780000)
  to   space 1024K, 0% used [0x00000000d5780000,0x00000000d5780000,0x00000000d5880000)
 ParOldGen       total 139264K, used 139073K [0x0000000080000000, 0x0000000088800000, 0x00000000d5580000)
  object space 139264K, 99% used [0x0000000080000000,0x00000000887d0438,0x0000000088800000)
 Metaspace       used 78118K, committed 79872K, reserved 1179648K
  class space    used 8123K, committed 8832K, reserved 1048576K
}
Event: 63.469 GC heap before
{Heap before GC invocations=223 (full 3):
 PSYoungGen      total 2048K, used 1024K [0x00000000d5580000, 0x00000000d5880000, 0x0000000100000000)
  eden space 512K, 100% used [0x00000000d5580000,0x00000000d5600000,0x00000000d5600000)
  from space 1536K, 33% used [0x00000000d5600000,0x00000000d5680000,0x00000000d5780000)
  to   space 1024K, 0% used [0x00000000d5780000,0x00000000d5780000,0x00000000d5880000)
 ParOldGen       total 139264K, used 139073K [0x0000000080000000, 0x0000000088800000, 0x00000000d5580000)
  object space 139264K, 99% used [0x0000000080000000,0x00000000887d0438,0x0000000088800000)
 Metaspace       used 78118K, committed 79872K, reserved 1179648K
  class space    used 8123K, committed 8832K, reserved 1048576K
}
Event: 63.470 GC heap after
{Heap after GC invocations=223 (full 3):
 PSYoungGen      total 2048K, used 672K [0x00000000d5580000, 0x00000000d5880000, 0x0000000100000000)
  eden space 1024K, 0% used [0x00000000d5580000,0x00000000d5580000,0x00000000d5680000)
  from space 1024K, 65% used [0x00000000d5780000,0x00000000d5828000,0x00000000d5880000)
  to   space 1024K, 0% used [0x00000000d5680000,0x00000000d5680000,0x00000000d5780000)
 ParOldGen       total 139776K, used 139505K [0x0000000080000000, 0x0000000088880000, 0x00000000d5580000)
  object space 139776K, 99% used [0x0000000080000000,0x000000008883c438,0x0000000088880000)
 Metaspace       used 78118K, committed 79872K, reserved 1179648K
  class space    used 8123K, committed 8832K, reserved 1048576K
}
Event: 63.473 GC heap before
{Heap before GC invocations=224 (full 3):
 PSYoungGen      total 2048K, used 1696K [0x00000000d5580000, 0x00000000d5880000, 0x0000000100000000)
  eden space 1024K, 100% used [0x00000000d5580000,0x00000000d5680000,0x00000000d5680000)
  from space 1024K, 65% used [0x00000000d5780000,0x00000000d5828000,0x00000000d5880000)
  to   space 1024K, 0% used [0x00000000d5680000,0x00000000d5680000,0x00000000d5780000)
 ParOldGen       total 139776K, used 139505K [0x0000000080000000, 0x0000000088880000, 0x00000000d5580000)
  object space 139776K, 99% used [0x0000000080000000,0x000000008883c438,0x0000000088880000)
 Metaspace       used 78118K, committed 79872K, reserved 1179648K
  class space    used 8123K, committed 8832K, reserved 1048576K
}
Event: 63.474 GC heap after
{Heap after GC invocations=224 (full 3):
 PSYoungGen      total 2048K, used 1024K [0x00000000d5580000, 0x00000000d5b00000, 0x0000000100000000)
  eden space 1024K, 0% used [0x00000000d5580000,0x00000000d5580000,0x00000000d5680000)
  from space 1024K, 100% used [0x00000000d5680000,0x00000000d5780000,0x00000000d5780000)
  to   space 2048K, 0% used [0x00000000d5900000,0x00000000d5900000,0x00000000d5b00000)
 ParOldGen       total 140288K, used 140097K [0x0000000080000000, 0x0000000088900000, 0x00000000d5580000)
  object space 140288K, 99% used [0x0000000080000000,0x00000000888d0438,0x0000000088900000)
 Metaspace       used 78118K, committed 79872K, reserved 1179648K
  class space    used 8123K, committed 8832K, reserved 1048576K
}
Event: 63.482 GC heap before
{Heap before GC invocations=225 (full 3):
 PSYoungGen      total 2048K, used 2048K [0x00000000d5580000, 0x00000000d5b00000, 0x0000000100000000)
  eden space 1024K, 100% used [0x00000000d5580000,0x00000000d5680000,0x00000000d5680000)
  from space 1024K, 100% used [0x00000000d5680000,0x00000000d5780000,0x00000000d5780000)
  to   space 2048K, 0% used [0x00000000d5900000,0x00000000d5900000,0x00000000d5b00000)
 ParOldGen       total 140288K, used 140097K [0x0000000080000000, 0x0000000088900000, 0x00000000d5580000)
  object space 140288K, 99% used [0x0000000080000000,0x00000000888d0438,0x0000000088900000)
 Metaspace       used 78119K, committed 79872K, reserved 1179648K
  class space    used 8123K, committed 8832K, reserved 1048576K
}
Event: 63.485 GC heap after
{Heap after GC invocations=225 (full 3):
 PSYoungGen      total 2560K, used 896K [0x00000000d5580000, 0x00000000d5a00000, 0x0000000100000000)
  eden space 1536K, 0% used [0x00000000d5580000,0x00000000d5580000,0x00000000d5700000)
  from space 1024K, 87% used [0x00000000d5900000,0x00000000d59e0000,0x00000000d5a00000)
  to   space 1536K, 0% used [0x00000000d5700000,0x00000000d5700000,0x00000000d5880000)
 ParOldGen       total 141312K, used 141073K [0x0000000080000000, 0x0000000088a00000, 0x00000000d5580000)
  object space 141312K, 99% used [0x0000000080000000,0x00000000889c4438,0x0000000088a00000)
 Metaspace       used 78119K, committed 79872K, reserved 1179648K
  class space    used 8123K, committed 8832K, reserved 1048576K
}
Event: 335.346 GC heap before
{Heap before GC invocations=226 (full 3):
 PSYoungGen      total 2560K, used 2431K [0x00000000d5580000, 0x00000000d5a00000, 0x0000000100000000)
  eden space 1536K, 99% used [0x00000000d5580000,0x00000000d56fffe8,0x00000000d5700000)
  from space 1024K, 87% used [0x00000000d5900000,0x00000000d59e0000,0x00000000d5a00000)
  to   space 1536K, 0% used [0x00000000d5700000,0x00000000d5700000,0x00000000d5880000)
 ParOldGen       total 141312K, used 141073K [0x0000000080000000, 0x0000000088a00000, 0x00000000d5580000)
  object space 141312K, 99% used [0x0000000080000000,0x00000000889c4438,0x0000000088a00000)
 Metaspace       used 78252K, committed 80000K, reserved 1179648K
  class space    used 8144K, committed 8832K, reserved 1048576K
}
Event: 335.374 GC heap after
{Heap after GC invocations=226 (full 3):
 PSYoungGen      total 3072K, used 416K [0x00000000d5580000, 0x00000000d5980000, 0x0000000100000000)
  eden space 1536K, 0% used [0x00000000d5580000,0x00000000d5580000,0x00000000d5700000)
  from space 1536K, 27% used [0x00000000d5700000,0x00000000d5768000,0x00000000d5880000)
  to   space 1024K, 0% used [0x00000000d5880000,0x00000000d5880000,0x00000000d5980000)
 ParOldGen       total 141824K, used 141777K [0x0000000080000000, 0x0000000088a80000, 0x00000000d5580000)
  object space 141824K, 99% used [0x0000000080000000,0x0000000088a74438,0x0000000088a80000)
 Metaspace       used 78252K, committed 80000K, reserved 1179648K
  class space    used 8144K, committed 8832K, reserved 1048576K
}
Event: 335.458 GC heap before
{Heap before GC invocations=227 (full 3):
 PSYoungGen      total 3072K, used 1951K [0x00000000d5580000, 0x00000000d5980000, 0x0000000100000000)
  eden space 1536K, 99% used [0x00000000d5580000,0x00000000d56ffff8,0x00000000d5700000)
  from space 1536K, 27% used [0x00000000d5700000,0x00000000d5768000,0x00000000d5880000)
  to   space 1024K, 0% used [0x00000000d5880000,0x00000000d5880000,0x00000000d5980000)
 ParOldGen       total 141824K, used 141777K [0x0000000080000000, 0x0000000088a80000, 0x00000000d5580000)
  object space 141824K, 99% used [0x0000000080000000,0x0000000088a74438,0x0000000088a80000)
 Metaspace       used 78475K, committed 80256K, reserved 1179648K
  class space    used 8161K, committed 8832K, reserved 1048576K
}
Event: 335.459 GC heap after
{Heap after GC invocations=227 (full 3):
 PSYoungGen      total 2048K, used 384K [0x00000000d5580000, 0x00000000d5900000, 0x0000000100000000)
  eden space 1536K, 0% used [0x00000000d5580000,0x00000000d5580000,0x00000000d5700000)
  from space 512K, 75% used [0x00000000d5880000,0x00000000d58e0000,0x00000000d5900000)
  to   space 512K, 0% used [0x00000000d5800000,0x00000000d5800000,0x00000000d5880000)
 ParOldGen       total 142336K, used 141881K [0x0000000080000000, 0x0000000088b00000, 0x00000000d5580000)
  object space 142336K, 99% used [0x0000000080000000,0x0000000088a8e438,0x0000000088b00000)
 Metaspace       used 78475K, committed 80256K, reserved 1179648K
  class space    used 8161K, committed 8832K, reserved 1048576K
}
Event: 593.775 GC heap before
{Heap before GC invocations=228 (full 3):
 PSYoungGen      total 2048K, used 1920K [0x00000000d5580000, 0x00000000d5900000, 0x0000000100000000)
  eden space 1536K, 100% used [0x00000000d5580000,0x00000000d5700000,0x00000000d5700000)
  from space 512K, 75% used [0x00000000d5880000,0x00000000d58e0000,0x00000000d5900000)
  to   space 512K, 0% used [0x00000000d5800000,0x00000000d5800000,0x00000000d5880000)
 ParOldGen       total 142336K, used 141881K [0x0000000080000000, 0x0000000088b00000, 0x00000000d5580000)
  object space 142336K, 99% used [0x0000000080000000,0x0000000088a8e438,0x0000000088b00000)
 Metaspace       used 78536K, committed 80320K, reserved 1179648K
  class space    used 8171K, committed 8896K, reserved 1048576K
}
Event: 593.777 GC heap after
{Heap after GC invocations=228 (full 3):
 PSYoungGen      total 2048K, used 378K [0x00000000d5580000, 0x00000000d5900000, 0x0000000100000000)
  eden space 1536K, 0% used [0x00000000d5580000,0x00000000d5580000,0x00000000d5700000)
  from space 512K, 73% used [0x00000000d5800000,0x00000000d585e920,0x00000000d5880000)
  to   space 512K, 0% used [0x00000000d5880000,0x00000000d5880000,0x00000000d5900000)
 ParOldGen       total 142336K, used 141993K [0x0000000080000000, 0x0000000088b00000, 0x00000000d5580000)
  object space 142336K, 99% used [0x0000000080000000,0x0000000088aaa438,0x0000000088b00000)
 Metaspace       used 78536K, committed 80320K, reserved 1179648K
  class space    used 8171K, committed 8896K, reserved 1048576K
}
Event: 593.843 GC heap before
{Heap before GC invocations=229 (full 3):
 PSYoungGen      total 2048K, used 1914K [0x00000000d5580000, 0x00000000d5900000, 0x0000000100000000)
  eden space 1536K, 100% used [0x00000000d5580000,0x00000000d5700000,0x00000000d5700000)
  from space 512K, 73% used [0x00000000d5800000,0x00000000d585e920,0x00000000d5880000)
  to   space 512K, 0% used [0x00000000d5880000,0x00000000d5880000,0x00000000d5900000)
 ParOldGen       total 142336K, used 141993K [0x0000000080000000, 0x0000000088b00000, 0x00000000d5580000)
  object space 142336K, 99% used [0x0000000080000000,0x0000000088aaa438,0x0000000088b00000)
 Metaspace       used 78537K, committed 80320K, reserved 1179648K
  class space    used 8171K, committed 8896K, reserved 1048576K
}
Event: 593.848 GC heap after
{Heap after GC invocations=229 (full 3):
 PSYoungGen      total 2048K, used 256K [0x00000000d5580000, 0x00000000d5900000, 0x0000000100000000)
  eden space 1536K, 0% used [0x00000000d5580000,0x00000000d5580000,0x00000000d5700000)
  from space 512K, 50% used [0x00000000d5880000,0x00000000d58c0000,0x00000000d5900000)
  to   space 512K, 0% used [0x00000000d5800000,0x00000000d5800000,0x00000000d5880000)
 ParOldGen       total 142336K, used 142213K [0x0000000080000000, 0x0000000088b00000, 0x00000000d5580000)
  object space 142336K, 99% used [0x0000000080000000,0x0000000088ae1658,0x0000000088b00000)
 Metaspace       used 78537K, committed 80320K, reserved 1179648K
  class space    used 8171K, committed 8896K, reserved 1048576K
}

Dll operation events (11 events):
Event: 0.161 Loaded shared library c:\Users\Leonardo\.vscode\extensions\redhat.java-1.54.0-win32-x64\jre\21.0.10-win32-x86_64\bin\java.dll
Event: 0.501 Loaded shared library c:\Users\Leonardo\.vscode\extensions\redhat.java-1.54.0-win32-x64\jre\21.0.10-win32-x86_64\bin\zip.dll
Event: 0.561 Loaded shared library C:\Users\Leonardo\.vscode\extensions\redhat.java-1.54.0-win32-x64\jre\21.0.10-win32-x86_64\bin\instrument.dll
Event: 0.662 Loaded shared library C:\Users\Leonardo\.vscode\extensions\redhat.java-1.54.0-win32-x64\jre\21.0.10-win32-x86_64\bin\net.dll
Event: 0.771 Loaded shared library C:\Users\Leonardo\.vscode\extensions\redhat.java-1.54.0-win32-x64\jre\21.0.10-win32-x86_64\bin\nio.dll
Event: 0.791 Loaded shared library C:\Users\Leonardo\.vscode\extensions\redhat.java-1.54.0-win32-x64\jre\21.0.10-win32-x86_64\bin\zip.dll
Event: 0.876 Loaded shared library C:\Users\Leonardo\.vscode\extensions\redhat.java-1.54.0-win32-x64\jre\21.0.10-win32-x86_64\bin\jimage.dll
Event: 1.142 Loaded shared library c:\Users\Leonardo\.vscode\extensions\redhat.java-1.54.0-win32-x64\jre\21.0.10-win32-x86_64\bin\verify.dll
Event: 12.162 Loaded shared library C:\Users\Leonardo\AppData\Roaming\Code\User\globalStorage\redhat.java\1.54.0\config_win\org.eclipse.equinox.launcher\org.eclipse.equinox.launcher.win32.win32.x86_64_1.3.0.v20260203-2149\eclipse_11919.dll
Event: 20.291 Loaded shared library C:\Users\Leonardo\AppData\Local\Temp\jna-2035583412\jna12195000553915096823.dll
Event: 62.182 Loaded shared library C:\Users\Leonardo\.vscode\extensions\redhat.java-1.54.0-win32-x64\jre\21.0.10-win32-x86_64\bin\extnet.dll

Deoptimization events (20 events):
Event: 345.725 Thread 0x0000026870989b00 DEOPT PACKING pc=0x000002680b928a8c sp=0x00000087bd6ff4d0
Event: 345.725 Thread 0x0000026870989b00 DEOPT UNPACKING pc=0x0000026810b94242 sp=0x00000087bd6fea08 mode 0
Event: 345.725 Thread 0x0000026870989b00 DEOPT PACKING pc=0x000002680af99514 sp=0x00000087bd6ff600
Event: 345.725 Thread 0x0000026870989b00 DEOPT UNPACKING pc=0x0000026810b94242 sp=0x00000087bd6feac0 mode 0
Event: 345.908 Thread 0x000002687098a820 DEOPT PACKING pc=0x000002680b928a8c sp=0x00000087bd2ff050
Event: 345.908 Thread 0x000002687098a820 DEOPT UNPACKING pc=0x0000026810b94242 sp=0x00000087bd2fe588 mode 0
Event: 345.908 Thread 0x000002687098a820 DEOPT PACKING pc=0x000002680af99514 sp=0x00000087bd2ff180
Event: 345.909 Thread 0x000002687098a820 DEOPT UNPACKING pc=0x0000026810b94242 sp=0x00000087bd2fe640 mode 0
Event: 346.026 Thread 0x000002687098dca0 DEOPT PACKING pc=0x000002680b928a8c sp=0x00000087bd4fed20
Event: 346.026 Thread 0x000002687098dca0 DEOPT UNPACKING pc=0x0000026810b94242 sp=0x00000087bd4fe258 mode 0
Event: 346.026 Thread 0x000002687098dca0 DEOPT PACKING pc=0x000002680af99514 sp=0x00000087bd4fee50
Event: 346.026 Thread 0x000002687098dca0 DEOPT UNPACKING pc=0x0000026810b94242 sp=0x00000087bd4fe310 mode 0
Event: 593.651 Thread 0x00000268665645f0 DEOPT PACKING pc=0x000002680bd0c9bb sp=0x00000087babfe600
Event: 593.651 Thread 0x00000268665645f0 DEOPT UNPACKING pc=0x0000026810b94242 sp=0x00000087babfdb38 mode 0
Event: 593.692 Thread 0x00000268665645f0 Uncommon trap: trap_request=0xffffff45 fr.pc=0x0000026811c04590 relative=0x0000000000000570
Event: 593.692 Thread 0x00000268665645f0 Uncommon trap: reason=unstable_if action=reinterpret pc=0x0000026811c04590 method=org.eclipse.jdt.internal.compiler.parser.Scanner.getNextToken()Lorg/eclipse/jdt/internal/compiler/parser/TerminalToken; @ 92 c2
Event: 593.692 Thread 0x00000268665645f0 DEOPT PACKING pc=0x0000026811c04590 sp=0x00000087babfe920
Event: 593.692 Thread 0x00000268665645f0 DEOPT UNPACKING pc=0x0000026810b93aa2 sp=0x00000087babfe8c0 mode 2
Event: 593.778 Thread 0x00000268665645f0 DEOPT PACKING pc=0x000002680bd0ab78 sp=0x00000087babfd650
Event: 593.778 Thread 0x00000268665645f0 DEOPT UNPACKING pc=0x0000026810b94242 sp=0x00000087babfcb38 mode 0

Classes loaded (20 events):
Event: 64.172 Loading class java/lang/ProcessHandleImpl$1
Event: 64.172 Loading class java/lang/ProcessHandleImpl$1 done
Event: 64.173 Loading class java/util/concurrent/CompletableFuture$UniHandle
Event: 64.173 Loading class java/util/concurrent/CompletableFuture$UniHandle done
Event: 335.268 Loading class java/util/stream/Nodes$CollectorTask$OfRef
Event: 335.272 Loading class java/util/stream/Nodes$CollectorTask
Event: 335.276 Loading class java/util/stream/Nodes$CollectorTask done
Event: 335.276 Loading class java/util/stream/Nodes$CollectorTask$OfRef done
Event: 335.340 Loading class java/util/function/LongFunction
Event: 335.341 Loading class java/util/function/LongFunction done
Event: 335.343 Loading class java/util/stream/Nodes$ConcNode
Event: 335.343 Loading class java/util/stream/Nodes$AbstractConcNode
Event: 335.344 Loading class java/util/stream/Nodes$AbstractConcNode done
Event: 335.344 Loading class java/util/stream/Nodes$ConcNode done
Event: 335.380 Loading class java/io/ObjectOutputStream$BlockDataOutputStream
Event: 335.381 Loading class java/io/ObjectOutputStream$BlockDataOutputStream done
Event: 335.381 Loading class java/io/ObjectOutputStream$HandleTable
Event: 335.382 Loading class java/io/ObjectOutputStream$HandleTable done
Event: 335.382 Loading class java/io/ObjectOutputStream$ReplaceTable
Event: 335.382 Loading class java/io/ObjectOutputStream$ReplaceTable done

Classes unloaded (11 events):
Event: 20.750 Thread 0x00000268064849b0 Unloading class 0x000002681e1a3800 'java/lang/invoke/LambdaForm$MH+0x000002681e1a3800'
Event: 20.750 Thread 0x00000268064849b0 Unloading class 0x000002681e1a3400 'java/lang/invoke/LambdaForm$MH+0x000002681e1a3400'
Event: 20.750 Thread 0x00000268064849b0 Unloading class 0x000002681e1a3000 'java/lang/invoke/LambdaForm$MH+0x000002681e1a3000'
Event: 20.750 Thread 0x00000268064849b0 Unloading class 0x000002681e1a2c00 'java/lang/invoke/LambdaForm$MH+0x000002681e1a2c00'
Event: 20.750 Thread 0x00000268064849b0 Unloading class 0x000002681e1a2800 'java/lang/invoke/LambdaForm$BMH+0x000002681e1a2800'
Event: 20.750 Thread 0x00000268064849b0 Unloading class 0x000002681e1a2400 'java/lang/invoke/LambdaForm$DMH+0x000002681e1a2400'
Event: 20.750 Thread 0x00000268064849b0 Unloading class 0x000002681e1a1000 'java/lang/invoke/LambdaForm$DMH+0x000002681e1a1000'
Event: 29.316 Thread 0x00000268064849b0 Unloading class 0x000002681e698c00 'java/lang/invoke/LambdaForm$DMH+0x000002681e698c00'
Event: 29.316 Thread 0x00000268064849b0 Unloading class 0x000002681e699000 'java/lang/invoke/LambdaForm$DMH+0x000002681e699000'
Event: 29.316 Thread 0x00000268064849b0 Unloading class 0x000002681e699400 'java/lang/invoke/LambdaForm$DMH+0x000002681e699400'
Event: 29.316 Thread 0x00000268064849b0 Unloading class 0x000002681e698400 'java/lang/invoke/LambdaForm$DMH+0x000002681e698400'

Classes redefined (0 events):
No events

Internal exceptions (20 events):
Event: 62.216 Thread 0x00000268716904f0 Exception <a 'java/io/FileNotFoundException'{0x00000000d584cd48}> (0x00000000d584cd48) 
thrown [s\src\hotspot\share\prims\jni.cpp, line 520]
Event: 62.306 Thread 0x0000026866560450 Exception <a 'java/lang/IncompatibleClassChangeError'{0x00000000d5632130}: Found class java.lang.Object, but interface was expected> (0x00000000d5632130) 
thrown [s\src\hotspot\share\interpreter\linkResolver.cpp, line 840]
Event: 62.367 Thread 0x00000268716904f0 Exception <a 'java/lang/NoSuchMethodError'{0x00000000d5793538}: 'java.lang.Object java.lang.invoke.DirectMethodHandle$Holder.invokeVirtual(java.lang.Object, java.lang.Object, java.lang.Object, java.lang.Object)'> (0x00000000d5793538) 
thrown [s\src\hotspot\share\interpreter\linkResolver.cpp, line 773]
Event: 62.427 Thread 0x0000026866564c80 Implicit null exception at 0x0000026811bc459f to 0x0000026811bc5124
Event: 62.438 Thread 0x000002687168fe60 Exception <a 'java/lang/NoSuchMethodError'{0x00000000d56d0450}: 'java.lang.Object java.lang.invoke.DirectMethodHandle$Holder.invokeStatic(java.lang.Object, long, java.lang.Object, java.lang.Object)'> (0x00000000d56d0450) 
thrown [s\src\hotspot\share\interpreter\linkResolver.cpp, line 773]
Event: 62.458 Thread 0x000002687168fe60 Exception <a 'sun/nio/fs/WindowsException'{0x00000000d5581220}> (0x00000000d5581220) 
thrown [s\src\hotspot\share\prims\jni.cpp, line 520]
Event: 62.458 Thread 0x000002687168fe60 Exception <a 'sun/nio/fs/WindowsException'{0x00000000d561b900}> (0x00000000d561b900) 
thrown [s\src\hotspot\share\prims\jni.cpp, line 520]
Event: 62.490 Thread 0x000002687168fe60 Exception <a 'java/lang/NoSuchMethodError'{0x00000000d55980a0}: 'void java.lang.invoke.DirectMethodHandle$Holder.invokeStatic(java.lang.Object, java.lang.Object, java.lang.Object, java.lang.Object, java.lang.Object, java.lang.Object, java.lang.Object)'> (0x00000000d55980a0) 
thrown [s\src\hotspot\share\interpreter\linkResolver.cpp, line 773]
Event: 62.545 Thread 0x0000026866564c80 Implicit null exception at 0x0000026811aef5cb to 0x0000026811af1d08
Event: 62.546 Thread 0x0000026866564c80 Implicit null exception at 0x0000026811ae17f1 to 0x0000026811ae360c
Event: 62.972 Thread 0x0000026866564c80 Exception <a 'java/lang/NoSuchMethodError'{0x00000000d55f61e0}: 'int java.lang.invoke.DirectMethodHandle$Holder.invokeStaticInit(java.lang.Object, int)'> (0x00000000d55f61e0) 
thrown [s\src\hotspot\share\interpreter\linkResolver.cpp, line 773]
Event: 63.359 Thread 0x000002687168f7d0 Exception <a 'java/lang/NoSuchMethodError'{0x00000000d55a3d00}: 'long java.lang.invoke.DelegatingMethodHandle$Holder.reinvoke_L(java.lang.Object, java.lang.Object)'> (0x00000000d55a3d00) 
thrown [s\src\hotspot\share\interpreter\linkResolver.cpp, line 773]
Event: 63.359 Thread 0x000002687168f7d0 Exception <a 'java/lang/NoSuchMethodError'{0x00000000d55ade98}: 'void java.lang.invoke.DelegatingMethodHandle$Holder.reinvoke_L(java.lang.Object, java.lang.Object, long)'> (0x00000000d55ade98) 
thrown [s\src\hotspot\share\interpreter\linkResolver.cpp, line 773]
Event: 63.433 Thread 0x0000026866564c80 Exception <a 'java/lang/NoSuchMethodError'{0x00000000d558a528}: 'int java.lang.invoke.DirectMethodHandle$Holder.invokeSpecialIFC(java.lang.Object, java.lang.Object, int)'> (0x00000000d558a528) 
thrown [s\src\hotspot\share\interpreter\linkResolver.cpp, line 773]
Event: 64.174 Thread 0x000002687168f7d0 Exception <a 'java/lang/NoSuchMethodError'{0x00000000d55fb318}: 'long java.lang.invoke.Invokers$Holder.invokeExact_MT(java.lang.Object, java.lang.Object, java.lang.Object)'> (0x00000000d55fb318) 
thrown [s\src\hotspot\share\interpreter\linkResolver.cpp, line 773]
Event: 335.213 Thread 0x0000026865b74270 Exception <a 'sun/nio/fs/WindowsException'{0x00000000d56ceab8}> (0x00000000d56ceab8) 
thrown [s\src\hotspot\share\prims\jni.cpp, line 520]
Event: 335.215 Thread 0x0000026865b74270 Exception <a 'sun/nio/fs/WindowsException'{0x00000000d56cf6e0}> (0x00000000d56cf6e0) 
thrown [s\src\hotspot\share\prims\jni.cpp, line 520]
Event: 335.239 Thread 0x0000026865b74270 Implicit null exception at 0x0000026811bf368d to 0x0000026811bf39fc
Event: 335.403 Thread 0x0000026865b74270 Exception <a 'java/lang/NoSuchMethodError'{0x00000000d56203e0}: static [J.<clinit>()V> (0x00000000d56203e0) 
thrown [s\src\hotspot\share\prims\jni.cpp, line 1111]
Event: 335.459 Thread 0x0000026865b74270 Exception <a 'java/lang/NoSuchMethodError'{0x00000000d5580258}: 'java.lang.Object java.lang.invoke.DirectMethodHandle$Holder.newInvokeSpecial(java.lang.Object, java.lang.Object, java.lang.Object, java.lang.Object, java.lang.Object, java.lang.Object, java.lang.Object, java.lang.Object)'> (0x00000000d5580258) 
thrown [s\src\hotspot\share\interpreter\linkResolver.cpp, line 773]

ZGC Phase Switch (0 events):
No events

VM Operations (20 events):
Event: 360.977 Executing non-safepoint VM operation: RendezvousGCThreads
Event: 360.977 Executing non-safepoint VM operation: RendezvousGCThreads done
Event: 421.028 Executing non-safepoint VM operation: HandshakeAllThreads (HandshakeForDeflation)
Event: 421.028 Executing non-safepoint VM operation: HandshakeAllThreads (HandshakeForDeflation) done
Event: 421.029 Executing non-safepoint VM operation: RendezvousGCThreads
Event: 421.029 Executing non-safepoint VM operation: RendezvousGCThreads done
Event: 481.144 Executing non-safepoint VM operation: HandshakeAllThreads (HandshakeForDeflation)
Event: 481.144 Executing non-safepoint VM operation: HandshakeAllThreads (HandshakeForDeflation) done
Event: 481.144 Executing non-safepoint VM operation: RendezvousGCThreads
Event: 481.144 Executing non-safepoint VM operation: RendezvousGCThreads done
Event: 541.244 Executing non-safepoint VM operation: HandshakeAllThreads (HandshakeForDeflation)
Event: 541.244 Executing non-safepoint VM operation: HandshakeAllThreads (HandshakeForDeflation) done
Event: 541.244 Executing non-safepoint VM operation: RendezvousGCThreads
Event: 541.244 Executing non-safepoint VM operation: RendezvousGCThreads done
Event: 589.461 Executing safepoint VM operation: Cleanup
Event: 589.461 Executing safepoint VM operation: Cleanup done
Event: 593.774 Executing safepoint VM operation: ParallelGCFailedAllocation (Allocation Failure)
Event: 593.777 Executing safepoint VM operation: ParallelGCFailedAllocation (Allocation Failure) done
Event: 593.843 Executing safepoint VM operation: ParallelGCFailedAllocation (Allocation Failure)
Event: 593.848 Executing safepoint VM operation: ParallelGCFailedAllocation (Allocation Failure) done

Memory protections (0 events):
No events

Nmethod flushes (20 events):
Event: 29.338 Thread 0x00000268064849b0 flushing  nmethod 0x000002680a062090
Event: 29.338 Thread 0x00000268064849b0 flushing  nmethod 0x000002680a06bb10
Event: 29.338 Thread 0x00000268064849b0 flushing  nmethod 0x000002680a06e710
Event: 29.338 Thread 0x00000268064849b0 flushing  nmethod 0x000002680a076e90
Event: 29.338 Thread 0x00000268064849b0 flushing  nmethod 0x000002680a077490
Event: 29.338 Thread 0x00000268064849b0 flushing  nmethod 0x000002680a08ce90
Event: 29.338 Thread 0x00000268064849b0 flushing  nmethod 0x000002680a08de10
Event: 29.338 Thread 0x00000268064849b0 flushing  nmethod 0x000002680a08fc10
Event: 29.338 Thread 0x00000268064849b0 flushing  nmethod 0x000002680a09d990
Event: 29.338 Thread 0x00000268064849b0 flushing  nmethod 0x000002680a0a7690
Event: 29.338 Thread 0x00000268064849b0 flushing  nmethod 0x000002680a0ca090
Event: 29.338 Thread 0x00000268064849b0 flushing  nmethod 0x000002680a101090
Event: 29.338 Thread 0x00000268064849b0 flushing  nmethod 0x000002680a139190
Event: 29.338 Thread 0x00000268064849b0 flushing  nmethod 0x000002680a13ac90
Event: 29.338 Thread 0x00000268064849b0 flushing  nmethod 0x000002680a145810
Event: 29.338 Thread 0x00000268064849b0 flushing  nmethod 0x000002680a14ec10
Event: 29.338 Thread 0x00000268064849b0 flushing  nmethod 0x000002680a161610
Event: 29.338 Thread 0x00000268064849b0 flushing  nmethod 0x000002680a17b690
Event: 29.338 Thread 0x00000268064849b0 flushing  nmethod 0x000002680a18fd90
Event: 29.338 Thread 0x00000268064849b0 flushing  nmethod 0x000002680a190610

Events (20 events):
Event: 342.759 Thread 0x0000026868bb6f60 Thread exited: 0x0000026868bb6f60
Event: 342.760 Thread 0x0000026868bb4800 Thread exited: 0x0000026868bb4800
Event: 342.760 Thread 0x0000026868bb89a0 Thread exited: 0x0000026868bb89a0
Event: 342.760 Thread 0x0000026868bb3450 Thread exited: 0x0000026868bb3450
Event: 345.293 Thread 0x00000268715a2780 Thread exited: 0x00000268715a2780
Event: 345.559 Thread 0x000002687098cf80 Thread exited: 0x000002687098cf80
Event: 345.594 Thread 0x00000268709873a0 Thread exited: 0x00000268709873a0
Event: 345.676 Thread 0x000002687098bbd0 Thread exited: 0x000002687098bbd0
Event: 345.725 Thread 0x0000026870989b00 Thread exited: 0x0000026870989b00
Event: 345.909 Thread 0x000002687098a820 Thread exited: 0x000002687098a820
Event: 346.026 Thread 0x00000268715a4e60 Thread exited: 0x00000268715a4e60
Event: 346.026 Thread 0x000002687098dca0 Thread exited: 0x000002687098dca0
Event: 363.508 Thread 0x000002686655e380 Thread exited: 0x000002686655e380
Event: 402.710 Thread 0x00000268687c2060 Thread exited: 0x00000268687c2060
Event: 423.511 Thread 0x00000268665638d0 Thread exited: 0x00000268665638d0
Event: 462.711 Thread 0x00000268687c0cb0 Thread exited: 0x00000268687c0cb0
Event: 483.511 Thread 0x000002686655ea10 Thread exited: 0x000002686655ea10
Event: 522.711 Thread 0x00000268687c1340 Thread exited: 0x00000268687c1340
Event: 543.513 Thread 0x0000026866562520 Thread exited: 0x0000026866562520
Event: 582.712 Thread 0x00000268687c19d0 Thread exited: 0x00000268687c19d0


Dynamic libraries:
0x00007ff7496a0000 - 0x00007ff7496ae000 	c:\Users\Leonardo\.vscode\extensions\redhat.java-1.54.0-win32-x64\jre\21.0.10-win32-x86_64\bin\java.exe
0x00007ffba0a90000 - 0x00007ffba0c88000 	C:\Windows\SYSTEM32\ntdll.dll
0x00007ffb9fd10000 - 0x00007ffb9fdd2000 	C:\Windows\System32\KERNEL32.DLL
0x00007ffb9e470000 - 0x00007ffb9e766000 	C:\Windows\System32\KERNELBASE.dll
0x00007ffb9e1f0000 - 0x00007ffb9e2f0000 	C:\Windows\System32\ucrtbase.dll
0x00007ffaf27d0000 - 0x00007ffaf27e8000 	c:\Users\Leonardo\.vscode\extensions\redhat.java-1.54.0-win32-x64\jre\21.0.10-win32-x86_64\bin\jli.dll
0x00007ffaf27f0000 - 0x00007ffaf280e000 	c:\Users\Leonardo\.vscode\extensions\redhat.java-1.54.0-win32-x64\jre\21.0.10-win32-x86_64\bin\VCRUNTIME140.dll
0x00007ffb9eab0000 - 0x00007ffb9ec51000 	C:\Windows\System32\USER32.dll
0x00007ffb9ea80000 - 0x00007ffb9eaa2000 	C:\Windows\System32\win32u.dll
0x00007ffb9f980000 - 0x00007ffb9f9ab000 	C:\Windows\System32\GDI32.dll
0x00007ffb8de10000 - 0x00007ffb8e0ab000 	C:\Windows\WinSxS\amd64_microsoft.windows.common-controls_6595b64144ccf1df_6.0.19041.6456_none_60b8a6cb71f64256\COMCTL32.dll
0x00007ffb9e960000 - 0x00007ffb9ea79000 	C:\Windows\System32\gdi32full.dll
0x00007ffba0540000 - 0x00007ffba05de000 	C:\Windows\System32\msvcrt.dll
0x00007ffb9e120000 - 0x00007ffb9e1bd000 	C:\Windows\System32\msvcp_win.dll
0x00007ffb9f760000 - 0x00007ffb9f78f000 	C:\Windows\System32\IMM32.DLL
0x00007ffaf4f70000 - 0x00007ffaf4f7c000 	c:\Users\Leonardo\.vscode\extensions\redhat.java-1.54.0-win32-x64\jre\21.0.10-win32-x86_64\bin\vcruntime140_1.dll
0x00007ffaead60000 - 0x00007ffaeaded000 	c:\Users\Leonardo\.vscode\extensions\redhat.java-1.54.0-win32-x64\jre\21.0.10-win32-x86_64\bin\msvcp140.dll
0x00007ffae9d80000 - 0x00007ffaeab21000 	c:\Users\Leonardo\.vscode\extensions\redhat.java-1.54.0-win32-x64\jre\21.0.10-win32-x86_64\bin\server\jvm.dll
0x00007ffb9f9b0000 - 0x00007ffb9fa61000 	C:\Windows\System32\ADVAPI32.dll
0x00007ffba0440000 - 0x00007ffba04df000 	C:\Windows\System32\sechost.dll
0x00007ffb9f800000 - 0x00007ffb9f920000 	C:\Windows\System32\RPCRT4.dll
0x00007ffb9e1c0000 - 0x00007ffb9e1e7000 	C:\Windows\System32\bcrypt.dll
0x00007ffb9fad0000 - 0x00007ffb9fb3b000 	C:\Windows\System32\WS2_32.dll
0x00007ffb9ded0000 - 0x00007ffb9df1b000 	C:\Windows\SYSTEM32\POWRPROF.dll
0x00007ffb93cd0000 - 0x00007ffb93cf7000 	C:\Windows\SYSTEM32\WINMM.dll
0x00007ffb940a0000 - 0x00007ffb940aa000 	C:\Windows\SYSTEM32\VERSION.dll
0x00007ffb9deb0000 - 0x00007ffb9dec2000 	C:\Windows\SYSTEM32\UMPDC.dll
0x00007ffb9c8e0000 - 0x00007ffb9c8f2000 	C:\Windows\SYSTEM32\kernel.appcore.dll
0x00007ffaf4f00000 - 0x00007ffaf4f0a000 	c:\Users\Leonardo\.vscode\extensions\redhat.java-1.54.0-win32-x64\jre\21.0.10-win32-x86_64\bin\jimage.dll
0x00007ffb9bce0000 - 0x00007ffb9bee1000 	C:\Windows\SYSTEM32\DBGHELP.DLL
0x00007ffb8a890000 - 0x00007ffb8a8c4000 	C:\Windows\SYSTEM32\dbgcore.DLL
0x00007ffb9e770000 - 0x00007ffb9e7f2000 	C:\Windows\System32\bcryptPrimitives.dll
0x00007ffaf27c0000 - 0x00007ffaf27cf000 	c:\Users\Leonardo\.vscode\extensions\redhat.java-1.54.0-win32-x64\jre\21.0.10-win32-x86_64\bin\instrument.dll
0x00007ffae7510000 - 0x00007ffae7530000 	c:\Users\Leonardo\.vscode\extensions\redhat.java-1.54.0-win32-x64\jre\21.0.10-win32-x86_64\bin\java.dll
0x00007ffb9ec70000 - 0x00007ffb9f3e0000 	C:\Windows\System32\SHELL32.dll
0x00007ffb9c130000 - 0x00007ffb9c8d5000 	C:\Windows\SYSTEM32\windows.storage.dll
0x00007ffb9fff0000 - 0x00007ffba0344000 	C:\Windows\System32\combase.dll
0x00007ffb9dae0000 - 0x00007ffb9db0b000 	C:\Windows\SYSTEM32\Wldp.dll
0x00007ffba0350000 - 0x00007ffba041d000 	C:\Windows\System32\OLEAUT32.dll
0x00007ffb9fc60000 - 0x00007ffb9fd0d000 	C:\Windows\System32\SHCORE.dll
0x00007ffb9fa70000 - 0x00007ffb9facb000 	C:\Windows\System32\shlwapi.dll
0x00007ffb9e050000 - 0x00007ffb9e074000 	C:\Windows\SYSTEM32\profapi.dll
0x00007ffaf1de0000 - 0x00007ffaf1df8000 	c:\Users\Leonardo\.vscode\extensions\redhat.java-1.54.0-win32-x64\jre\21.0.10-win32-x86_64\bin\zip.dll
0x00007ffaeab40000 - 0x00007ffaeab50000 	C:\Users\Leonardo\.vscode\extensions\redhat.java-1.54.0-win32-x64\jre\21.0.10-win32-x86_64\bin\net.dll
0x00007ffb965a0000 - 0x00007ffb966aa000 	C:\Windows\SYSTEM32\WINHTTP.dll
0x00007ffb9d7d0000 - 0x00007ffb9d83a000 	C:\Windows\system32\mswsock.dll
0x00007ffaeab60000 - 0x00007ffaeab76000 	C:\Users\Leonardo\.vscode\extensions\redhat.java-1.54.0-win32-x64\jre\21.0.10-win32-x86_64\bin\nio.dll
0x00007ffaf1d90000 - 0x00007ffaf1da0000 	c:\Users\Leonardo\.vscode\extensions\redhat.java-1.54.0-win32-x64\jre\21.0.10-win32-x86_64\bin\verify.dll
0x00007ffad09f0000 - 0x00007ffad0a35000 	C:\Users\Leonardo\AppData\Roaming\Code\User\globalStorage\redhat.java\1.54.0\config_win\org.eclipse.equinox.launcher\org.eclipse.equinox.launcher.win32.win32.x86_64_1.3.0.v20260203-2149\eclipse_11919.dll
0x00007ffb9fec0000 - 0x00007ffb9ffeb000 	C:\Windows\System32\ole32.dll
0x00007ffb9d9c0000 - 0x00007ffb9d9d8000 	C:\Windows\SYSTEM32\CRYPTSP.dll
0x00007ffb9d0c0000 - 0x00007ffb9d0f8000 	C:\Windows\system32\rsaenh.dll
0x00007ffb9e010000 - 0x00007ffb9e03e000 	C:\Windows\SYSTEM32\USERENV.dll
0x00007ffb9d9e0000 - 0x00007ffb9d9ec000 	C:\Windows\SYSTEM32\CRYPTBASE.dll
0x00007ffb9d4b0000 - 0x00007ffb9d4eb000 	C:\Windows\SYSTEM32\IPHLPAPI.DLL
0x00007ffb9f750000 - 0x00007ffb9f758000 	C:\Windows\System32\NSI.dll
0x00007ffb99e50000 - 0x00007ffb99e99000 	C:\Users\Leonardo\AppData\Local\Temp\jna-2035583412\jna12195000553915096823.dll
0x00007ffb9ec60000 - 0x00007ffb9ec68000 	C:\Windows\System32\PSAPI.DLL
0x00007ffb97aa0000 - 0x00007ffb97ab7000 	C:\Windows\SYSTEM32\dhcpcsvc6.DLL
0x00007ffb978c0000 - 0x00007ffb978dd000 	C:\Windows\SYSTEM32\dhcpcsvc.DLL
0x00007ffb99ea0000 - 0x00007ffb99ea9000 	C:\Users\Leonardo\.vscode\extensions\redhat.java-1.54.0-win32-x64\jre\21.0.10-win32-x86_64\bin\extnet.dll

JVMTI agents:
c:\Users\Leonardo\.vscode\extensions\redhat.java-1.54.0-win32-x64\lombok\lombok-1.18.39-4050.jar path:c:\Users\Leonardo\.vscode\extensions\redhat.java-1.54.0-win32-x64\jre\21.0.10-win32-x86_64\bin\instrument.dll, loaded, initialized, instrumentlib options:none

dbghelp: loaded successfully - version: 4.0.5 - missing functions: none
symbol engine: initialized successfully - sym options: 0x614 - pdb path: .;c:\Users\Leonardo\.vscode\extensions\redhat.java-1.54.0-win32-x64\jre\21.0.10-win32-x86_64\bin;C:\Windows\SYSTEM32;C:\Windows\WinSxS\amd64_microsoft.windows.common-controls_6595b64144ccf1df_6.0.19041.6456_none_60b8a6cb71f64256;c:\Users\Leonardo\.vscode\extensions\redhat.java-1.54.0-win32-x64\jre\21.0.10-win32-x86_64\bin\server;C:\Users\Leonardo\AppData\Roaming\Code\User\globalStorage\redhat.java\1.54.0\config_win\org.eclipse.equinox.launcher\org.eclipse.equinox.launcher.win32.win32.x86_64_1.3.0.v20260203-2149;C:\Users\Leonardo\AppData\Local\Temp\jna-2035583412

VM Arguments:
jvm_args: --add-modules=ALL-SYSTEM --add-opens=java.base/java.util=ALL-UNNAMED --add-opens=java.base/java.lang=ALL-UNNAMED --add-opens=java.base/sun.nio.fs=ALL-UNNAMED -Declipse.application=org.eclipse.jdt.ls.core.id1 -Dosgi.bundles.defaultStartLevel=4 -Declipse.product=org.eclipse.jdt.ls.core.product -Djava.import.generatesMetadataFilesAtProjectRoot=false -DDetectVMInstallationsJob.disabled=true -Dfile.encoding=utf8 -XX:+UseParallelGC -XX:GCTimeRatio=4 -XX:AdaptiveSizePolicyWeight=90 -Dsun.zip.disableMemoryMapping=true -Xmx2G -Xms100m -Xlog:disable -javaagent:c:\Users\Leonardo\.vscode\extensions\redhat.java-1.54.0-win32-x64\lombok\lombok-1.18.39-4050.jar -XX:+HeapDumpOnOutOfMemoryError -XX:HeapDumpPath=c:\Users\Leonardo\AppData\Roaming\Code\User\workspaceStorage\91273af04738737b26cebe2530116206\redhat.java -Daether.dependencyCollector.impl=bf 
java_command: c:\Users\Leonardo\.vscode\extensions\redhat.java-1.54.0-win32-x64\server\plugins\org.eclipse.equinox.launcher_1.7.100.v20251111-0406.jar -configuration c:\Users\Leonardo\AppData\Roaming\Code\User\globalStorage\redhat.java\1.54.0\config_win -data c:\Users\Leonardo\AppData\Roaming\Code\User\workspaceStorage\91273af04738737b26cebe2530116206\redhat.java\jdt_ws --pipe=\\.\pipe\lsp-9034d30e5221b31a4648c3d4c62fbe81-sock
java_class_path (initial): c:\Users\Leonardo\.vscode\extensions\redhat.java-1.54.0-win32-x64\server\plugins\org.eclipse.equinox.launcher_1.7.100.v20251111-0406.jar
Launcher Type: SUN_STANDARD

[Global flags]
    uintx AdaptiveSizePolicyWeight                 = 90                                        {product} {command line}
     intx CICompilerCount                          = 12                                        {product} {ergonomic}
    uintx GCTimeRatio                              = 4                                         {product} {command line}
     bool HeapDumpOnOutOfMemoryError               = true                                   {manageable} {command line}
    ccstr HeapDumpPath                             = c:\Users\Leonardo\AppData\Roaming\Code\User\workspaceStorage\91273af04738737b26cebe2530116206\redhat.java         {manageable} {command line}
   size_t InitialHeapSize                          = 104857600                                 {product} {command line}
   size_t MaxHeapSize                              = 2147483648                                {product} {command line}
   size_t MaxNewSize                               = 715653120                                 {product} {ergonomic}
   size_t MinHeapDeltaBytes                        = 524288                                    {product} {ergonomic}
   size_t MinHeapSize                              = 104857600                                 {product} {command line}
   size_t NewSize                                  = 34603008                                  {product} {ergonomic}
    uintx NonNMethodCodeHeapSize                   = 7602480                                {pd product} {ergonomic}
    uintx NonProfiledCodeHeapSize                  = 122027880                              {pd product} {ergonomic}
   size_t OldSize                                  = 70254592                                  {product} {ergonomic}
    uintx ProfiledCodeHeapSize                     = 122027880                              {pd product} {ergonomic}
    uintx ReservedCodeCacheSize                    = 251658240                              {pd product} {ergonomic}
     bool SegmentedCodeCache                       = true                                      {product} {ergonomic}
   size_t SoftMaxHeapSize                          = 2147483648                             {manageable} {ergonomic}
     bool UseCompressedOops                        = true                           {product lp64_product} {ergonomic}
     bool UseLargePagesIndividualAllocation        = false                                  {pd product} {ergonomic}
     bool UseParallelGC                            = true                                      {product} {command line}

Logging:
Log output configuration:
 #0: stdout all=off uptime,level,tags foldmultilines=false
 #1: stderr all=off uptime,level,tags foldmultilines=false

Release file:
JAVA_VERSION="21.0.10" 
MODULES="java.base java.compiler java.datatransfer java.xml java.prefs java.desktop java.instrument java.logging java.management java.security.sasl java.naming java.rmi java.management.rmi java.net.http java.scripting java.security.jgss java.transaction.xa java.sql java.sql.rowset java.xml.crypto java.se java.smartcardio jdk.accessibility jdk.internal.jvmstat jdk.attach jdk.charsets jdk.internal.opt jdk.zipfs jdk.compiler jdk.crypto.ec jdk.crypto.cryptoki jdk.crypto.mscapi jdk.dynalink jdk.internal.ed jdk.editpad jdk.hotspot.agent jdk.httpserver jdk.internal.le jdk.internal.vm.ci jdk.internal.vm.compiler jdk.internal.vm.compiler.management jdk.jartool jdk.javadoc jdk.jcmd jdk.management jdk.management.agent jdk.jconsole jdk.jdeps jdk.jdwp.agent jdk.jdi jdk.jfr jdk.jshell jdk.jsobject jdk.jstatd jdk.localedata jdk.management.jfr jdk.naming.dns jdk.naming.rmi jdk.net jdk.nio.mapmode jdk.random jdk.sctp jdk.security.auth jdk.security.jgss jdk.unsupported jdk.unsupported.desktop jdk.xml.dom" 

Environment Variables:
JAVA_HOME=C:\Program Files\Eclipse Adoptium\jdk-17.0.17.10-hotspot
PATH=C:\Users\Leonardo\AppData\Local\Programs\Microsoft VS Code;C:\Python314\Scripts\;C:\Python314\;C:\Program Files (x86)\Common Files\Oracle\Java\javapath;C:\Program Files\Eclipse Adoptium\jdk-17.0.17.10-hotspot\bin;C:\Windows\system32;C:\Windows;C:\Windows\System32\Wbem;C:\Windows\System32\WindowsPowerShell\v1.0\;C:\Windows\System32\OpenSSH\;C:\Program Files\Microsoft SQL Server\Client SDK\ODBC\170\Tools\Binn\;C:\Program Files\Microsoft SQL Server\160\DTS\Binn\;C:\ProgramData\chocolatey\bin;C:\Program Files\dotnet\;C:\Users\Leonardo\AppData\Local\nvm;C:\nvm4w\nodejs;C:\Program Files\Git\cmd;C:\Program Files\Microsoft SQL Server\Client SDK\ODBC\180\Tools\Binn\;C:\Program Files (x86)\Microsoft SQL Server\160\Tools\Binn\;C:\Program Files\Microsoft SQL Server\160\Tools\Binn\;C:\Program Files (x86)\Microsoft SQL Server\160\DTS\Binn\;C:\Program Files\Microsoft SQL Server\150\Tools\Binn\;C:\Program Files\Microsoft SQL Server\130\DTS\Binn\;C:\Program Files\Microsoft SQL Server\140\DTS\Binn\;C:\Program Files\Microsoft SQL Server\150\DTS\Binn\;C:\Program Files\Microsoft SQL Server\170\DTS\Binn\;C:\Program Files (x86)\cloudflared\;C:\Users\Leonardo\scoop\shims;C:\Users\Leonardo\AppData\Local\Programs\Python\Python310\Scripts\;C:\Users\Leonardo\AppData\Local\Programs\Python\Python310\;C:\Users\Leonardo\AppData\Local\Microsoft\WindowsApps;C:\Users\Leonardo\AppData\Local\GitHubDesktop\bin;C:\Program Files\JetBrains\PyCharm 2025.1\bin;C:\Users\Leonardo\AppData\Local\Programs\Microsoft VS Code\bin;C:\Users\Leonardo\AppData\Local\Programs\Python\Python310\;C:\Users\Leonardo\Documents\flutter\bin;C:\Program Files\MySQL\MySQL Server 8.0\bin;C:\Users\Leonardo\Downloads\cloudflared.exe.exe;C:\Users\Leonardo\.dotnet\tools;C:\Users\Leonardo\.deno\bin;C:\Users\Leonardo\AppData\Roaming\npm;C:\Users\Leonardo\AppData\Local\Programs\Antigravity\bin
USERNAME=Leonardo
OS=Windows_NT
PROCESSOR_IDENTIFIER=AMD64 Family 23 Model 104 Stepping 1, AuthenticAMD
TMP=C:\Users\Leonardo\AppData\Local\Temp
TEMP=C:\Users\Leonardo\AppData\Local\Temp




Periodic native trim disabled

---------------  S Y S T E M  ---------------

OS:
 Windows 10 , 64 bit Build 19041 (10.0.19041.5915)
OS uptime: 0 days 0:10 hours
Hyper-V role detected

CPU: total 16 (initial active 16) (16 cores per cpu, 2 threads per core) family 23 model 104 stepping 1 microcode 0x0, cx8, cmov, fxsr, ht, mmx, 3dnowpref, sse, sse2, sse3, ssse3, sse4a, sse4.1, sse4.2, popcnt, lzcnt, tsc, tscinvbit, avx, avx2, aes, clmul, bmi1, bmi2, adx, sha, fma, vzeroupper, clflush, clflushopt, hv, rdtscp, rdpid, f16c
Processor Information for the first 16 processors :
  Max Mhz: 1801, Current Mhz: 1801, Mhz Limit: 1801

Memory: 4k page, system-wide physical 6005M (158M free)
TotalPageFile size 14197M (AvailPageFile size 1M)
current process WorkingSet (physical memory assigned to process): 137M, peak: 424M
current process commit charge ("private bytes"): 465M, peak: 526M

vm_info: OpenJDK 64-Bit Server VM (21.0.10+7-LTS) for windows-amd64 JRE (21.0.10+7-LTS), built on 2026-01-20T00:00:00Z by "admin" with MS VC++ 17.12 (VS2022)

END.
