#
# There is insufficient memory for the Java Runtime Environment to continue.
# Native memory allocation (malloc) failed to allocate 1559552 bytes. Error detail: Chunk::new
# Possible reasons:
#   The system is out of physical RAM or swap space
#   This process is running with CompressedOops enabled, and the Java Heap may be blocking the growth of the native heap
# Possible solutions:
#   Reduce memory load on the system
#   Increase physical memory or swap space
#   Check if swap backing store is full
#   Decrease Java heap size (-Xmx/-Xms)
#   Decrease number of Java threads
#   Decrease Java thread stack sizes (-Xss)
#   Set larger code cache with -XX:ReservedCodeCacheSize=
#   JVM is running with Unscaled Compressed Oops mode in which the Java heap is
#     placed in the first 4GB address space. The Java Heap base address is the
#     maximum limit for the native heap growth. Please use -XX:HeapBaseMinAddress
#     to set the Java Heap base and to place the Java Heap above 4GB virtual address.
# This output file may be truncated or incomplete.
#
#  Out of Memory Error (arena.cpp:168), pid=15756, tid=28872
#
# JRE version: OpenJDK Runtime Environment Temurin-21.0.10+7 (21.0.10+7) (build 21.0.10+7-LTS)
# Java VM: OpenJDK 64-Bit Server VM Temurin-21.0.10+7 (21.0.10+7-LTS, mixed mode, sharing, tiered, compressed oops, compressed class ptrs, parallel gc, windows-amd64)
# No core dump will be written. Minidumps are not enabled by default on client versions of Windows
#

---------------  S U M M A R Y ------------

Command Line: --add-modules=ALL-SYSTEM --add-opens=java.base/java.util=ALL-UNNAMED --add-opens=java.base/java.lang=ALL-UNNAMED --add-opens=java.base/sun.nio.fs=ALL-UNNAMED -Declipse.application=org.eclipse.jdt.ls.core.id1 -Dosgi.bundles.defaultStartLevel=4 -Declipse.product=org.eclipse.jdt.ls.core.product -Djava.import.generatesMetadataFilesAtProjectRoot=false -DDetectVMInstallationsJob.disabled=true -Dfile.encoding=utf8 -XX:+UseParallelGC -XX:GCTimeRatio=4 -XX:AdaptiveSizePolicyWeight=90 -Dsun.zip.disableMemoryMapping=true -Xmx2G -Xms100m -Xlog:disable -javaagent:c:\Users\Leonardo\.vscode\extensions\redhat.java-1.54.0-win32-x64\lombok\lombok-1.18.39-4050.jar -XX:+HeapDumpOnOutOfMemoryError -XX:HeapDumpPath=c:\Users\Leonardo\AppData\Roaming\Code\User\workspaceStorage\91273af04738737b26cebe2530116206\redhat.java -Daether.dependencyCollector.impl=bf c:\Users\Leonardo\.vscode\extensions\redhat.java-1.54.0-win32-x64\server\plugins\org.eclipse.equinox.launcher_1.7.100.v20251111-0406.jar -configuration c:\Users\Leonardo\AppData\Roaming\Code\User\globalStorage\redhat.java\1.54.0\config_win -data c:\Users\Leonardo\AppData\Roaming\Code\User\workspaceStorage\91273af04738737b26cebe2530116206\redhat.java\jdt_ws --pipe=\\.\pipe\lsp-151649d4353825417178c918597f825d-sock

Host: AMD Ryzen 7 5700U with Radeon Graphics         , 16 cores, 5G,  Windows 10 , 64 bit Build 19041 (10.0.19041.5915)
Time: Wed Apr 22 02:37:30 2026 Hora estándar oeste, Sudamérica elapsed time: 18.072010 seconds (0d 0h 0m 18s)

---------------  T H R E A D  ---------------

Current thread (0x000002016f76ba70):  JavaThread "C2 CompilerThread1" daemon [_thread_in_native, id=28872, stack(0x000000e27b700000,0x000000e27b800000) (1024K)]


Current CompileTask:
C2:18072 16573       4       org.eclipse.jdt.internal.compiler.lookup.PackageBinding::hasCompilationUnit (101 bytes)

Stack: [0x000000e27b700000,0x000000e27b800000]
Native frames: (J=compiled Java code, j=interpreted, Vv=VM code, C=native code)
V  [jvm.dll+0x6d7a39]
V  [jvm.dll+0x8b4b26]
V  [jvm.dll+0x8b70de]
V  [jvm.dll+0x8b77c3]
V  [jvm.dll+0x284346]
V  [jvm.dll+0xc66ed]
V  [jvm.dll+0xc6c31]
V  [jvm.dll+0x3bec3b]
V  [jvm.dll+0x38b162]
V  [jvm.dll+0x38a5aa]
V  [jvm.dll+0x24c560]
V  [jvm.dll+0x24bb40]
V  [jvm.dll+0x1cb34e]
V  [jvm.dll+0x25b85d]
V  [jvm.dll+0x259dea]
V  [jvm.dll+0x3f857e]
V  [jvm.dll+0x85f59d]
V  [jvm.dll+0x6d626d]
C  [ucrtbase.dll+0x21bb2]
C  [KERNEL32.DLL+0x17374]
C  [ntdll.dll+0x4cc91]


---------------  P R O C E S S  ---------------

Threads class SMR info:
_java_thread_list=0x000002016f2524d0, length=108, elements={
0x0000020150af4000, 0x000002016759de80, 0x000002016759eff0, 0x00000201675a4b90,
0x00000201675a5b50, 0x00000201675aac30, 0x00000201675ae6a0, 0x0000020168b69ed0,
0x0000020168b6a970, 0x0000020168c643d0, 0x0000020168c65190, 0x0000020168df3440,
0x0000020168df4160, 0x0000020168df5510, 0x0000020168df47f0, 0x0000020168df2db0,
0x0000020168df5ba0, 0x0000020168df2720, 0x0000020168df3ad0, 0x000002016f8d1420,
0x000002016f8d0d90, 0x000002016f8cd280, 0x000002016f8cecc0, 0x000002016f8d1ab0,
0x000002016f76ba70, 0x000002016f8d0700, 0x000002016f8cc560, 0x000002016f8cd910,
0x000002016f8cdfa0, 0x000002016f8cb1b0, 0x000002016f8ce630, 0x000002016f8cf350,
0x000002016f8cf9e0, 0x000002016f8d0070, 0x000002016f8cab20, 0x000002016f8d2140,
0x000002016f8cbed0, 0x0000020171bb6f90, 0x0000020171bb9d80, 0x0000020171bb4830,
0x0000020171bb6270, 0x0000020171bb2df0, 0x0000020171bb8340, 0x0000020171bb3480,
0x0000020171bba410, 0x0000020171bb3b10, 0x0000020171bb6900, 0x0000020171bb89d0,
0x0000020171bb5550, 0x0000020171bb41a0, 0x0000020171bb9060, 0x0000020171bb4ec0,
0x0000020171bb5be0, 0x0000020171bb96f0, 0x0000020171bb7620, 0x0000020171bb7cb0,
0x0000020170988510, 0x000002017098d3d0, 0x000002017098da60, 0x000002017098e0f0,
0x000002017098cd40, 0x000002017098e780, 0x00000201709898c0, 0x00000201709877f0,
0x000002017098a5e0, 0x000002017098c020, 0x0000020170988ba0, 0x000002017098c6b0,
0x0000020170989230, 0x000002017098ee10, 0x000002017098ac70, 0x0000020170987e80,
0x000002017098b990, 0x000002017098b300, 0x0000020179c7ce30, 0x0000020179c7ad60,
0x0000020179c7ba80, 0x0000020179c7e1e0, 0x0000020179c7c110, 0x0000020179c7d4c0,
0x0000020179c7c7a0, 0x0000020179c7db50, 0x0000020179c7e870, 0x0000020179c7ef00,
0x0000020179c78c90, 0x0000020179c7f590, 0x0000020179c78600, 0x0000020179c7fc20,
0x0000020179c7a6d0, 0x0000020179c7a040, 0x0000020179c79320, 0x0000020179c799b0,
0x0000020179c7b3f0, 0x0000020179b9cf30, 0x0000020179b9e2e0, 0x0000020179b9e970,
0x0000020179b9bb80, 0x0000020179ba03b0, 0x0000020179b9dc50, 0x0000020179b9c8a0,
0x0000020179b9f690, 0x0000020179ba0a40, 0x0000020179b99ab0, 0x0000020179b9ae60,
0x0000020179b3da40, 0x0000020179b3c690, 0x0000020179b3cd20, 0x0000020179b3d3b0
}

Java Threads: ( => current thread )
  0x0000020150af4000 JavaThread "main"                              [_thread_blocked, id=23948, stack(0x000000e279000000,0x000000e279100000) (1024K)]
  0x000002016759de80 JavaThread "Reference Handler"          daemon [_thread_blocked, id=29684, stack(0x000000e279400000,0x000000e279500000) (1024K)]
  0x000002016759eff0 JavaThread "Finalizer"                  daemon [_thread_blocked, id=28652, stack(0x000000e279500000,0x000000e279600000) (1024K)]
  0x00000201675a4b90 JavaThread "Signal Dispatcher"          daemon [_thread_blocked, id=3280, stack(0x000000e279600000,0x000000e279700000) (1024K)]
  0x00000201675a5b50 JavaThread "Attach Listener"            daemon [_thread_blocked, id=27996, stack(0x000000e279700000,0x000000e279800000) (1024K)]
  0x00000201675aac30 JavaThread "Service Thread"             daemon [_thread_blocked, id=28160, stack(0x000000e279800000,0x000000e279900000) (1024K)]
  0x00000201675ae6a0 JavaThread "Monitor Deflation Thread"   daemon [_thread_blocked, id=22300, stack(0x000000e279900000,0x000000e279a00000) (1024K)]
  0x0000020168b69ed0 JavaThread "C2 CompilerThread0"         daemon [_thread_in_native, id=27744, stack(0x000000e279a00000,0x000000e279b00000) (1024K)]
  0x0000020168b6a970 JavaThread "C1 CompilerThread0"         daemon [_thread_blocked, id=29420, stack(0x000000e279b00000,0x000000e279c00000) (1024K)]
  0x0000020168c643d0 JavaThread "C1 CompilerThread1"         daemon [_thread_blocked, id=20624, stack(0x000000e279c00000,0x000000e279d00000) (1024K)]
  0x0000020168c65190 JavaThread "C1 CompilerThread2"         daemon [_thread_blocked, id=16504, stack(0x000000e279d00000,0x000000e279e00000) (1024K)]
  0x0000020168df3440 JavaThread "Common-Cleaner"             daemon [_thread_blocked, id=27888, stack(0x000000e279f00000,0x000000e27a000000) (1024K)]
  0x0000020168df4160 JavaThread "Notification Thread"        daemon [_thread_blocked, id=8328, stack(0x000000e27a100000,0x000000e27a200000) (1024K)]
  0x0000020168df5510 JavaThread "Active Thread: Equinox Container: 2ddbae22-2cae-4788-8d39-3dab4361f039"        [_thread_blocked, id=29380, stack(0x000000e27a800000,0x000000e27a900000) (1024K)]
  0x0000020168df47f0 JavaThread "Refresh Thread: Equinox Container: 2ddbae22-2cae-4788-8d39-3dab4361f039" daemon [_thread_blocked, id=8004, stack(0x000000e27aa00000,0x000000e27ab00000) (1024K)]
  0x0000020168df2db0 JavaThread "Framework Event Dispatcher: Equinox Container: 2ddbae22-2cae-4788-8d39-3dab4361f039" daemon [_thread_blocked, id=14976, stack(0x000000e27ab00000,0x000000e27ac00000) (1024K)]
  0x0000020168df5ba0 JavaThread "Start Level: Equinox Container: 2ddbae22-2cae-4788-8d39-3dab4361f039" daemon [_thread_blocked, id=29672, stack(0x000000e27ac00000,0x000000e27ad00000) (1024K)]
  0x0000020168df2720 JavaThread "Bundle File Closer"         daemon [_thread_blocked, id=28056, stack(0x000000e27b000000,0x000000e27b100000) (1024K)]
  0x0000020168df3ad0 JavaThread "SCR Component Actor"        daemon [_thread_blocked, id=25980, stack(0x000000e279e00000,0x000000e279f00000) (1024K)]
  0x000002016f8d1420 JavaThread "Worker-JM"                         [_thread_blocked, id=16072, stack(0x000000e27b100000,0x000000e27b200000) (1024K)]
  0x000002016f8d0d90 JavaThread "JNA Cleaner"                daemon [_thread_blocked, id=13732, stack(0x000000e27a000000,0x000000e27a100000) (1024K)]
  0x000002016f8cd280 JavaThread "Worker-0"                          [_thread_blocked, id=28084, stack(0x000000e27b400000,0x000000e27b500000) (1024K)]
  0x000002016f8cecc0 JavaThread "Worker-1"                          [_thread_blocked, id=24956, stack(0x000000e27b500000,0x000000e27b600000) (1024K)]
  0x000002016f8d1ab0 JavaThread "Worker-2"                          [_thread_blocked, id=25060, stack(0x000000e27b600000,0x000000e27b700000) (1024K)]
=>0x000002016f76ba70 JavaThread "C2 CompilerThread1"         daemon [_thread_in_native, id=28872, stack(0x000000e27b700000,0x000000e27b800000) (1024K)]
  0x000002016f8d0700 JavaThread "Java indexing"              daemon [_thread_blocked, id=2376, stack(0x000000e27b800000,0x000000e27b900000) (1024K)]
  0x000002016f8cc560 JavaThread "Worker-3"                          [_thread_blocked, id=29028, stack(0x000000e27b900000,0x000000e27ba00000) (1024K)]
  0x000002016f8cd910 JavaThread "Thread-1"                   daemon [_thread_in_native, id=21160, stack(0x000000e27ba00000,0x000000e27bb00000) (1024K)]
  0x000002016f8cdfa0 JavaThread "Thread-2"                   daemon [_thread_in_native, id=28504, stack(0x000000e27bb00000,0x000000e27bc00000) (1024K)]
  0x000002016f8cb1b0 JavaThread "Thread-3"                   daemon [_thread_in_native, id=28044, stack(0x000000e27bc00000,0x000000e27bd00000) (1024K)]
  0x000002016f8ce630 JavaThread "Thread-4"                   daemon [_thread_in_native, id=4072, stack(0x000000e27bd00000,0x000000e27be00000) (1024K)]
  0x000002016f8cf350 JavaThread "Thread-5"                   daemon [_thread_in_native, id=14972, stack(0x000000e27be00000,0x000000e27bf00000) (1024K)]
  0x000002016f8cf9e0 JavaThread "Thread-6"                   daemon [_thread_in_native, id=28152, stack(0x000000e27bf00000,0x000000e27c000000) (1024K)]
  0x000002016f8d0070 JavaThread "Thread-7"                   daemon [_thread_in_native, id=25952, stack(0x000000e27c000000,0x000000e27c100000) (1024K)]
  0x000002016f8cab20 JavaThread "Thread-8"                   daemon [_thread_in_native, id=28648, stack(0x000000e27c100000,0x000000e27c200000) (1024K)]
  0x000002016f8d2140 JavaThread "Thread-9"                   daemon [_thread_in_native, id=27932, stack(0x000000e27c200000,0x000000e27c300000) (1024K)]
  0x000002016f8cbed0 JavaThread "Thread-10"                  daemon [_thread_in_native, id=27260, stack(0x000000e27c300000,0x000000e27c400000) (1024K)]
  0x0000020171bb6f90 JavaThread "Thread-11"                  daemon [_thread_in_native, id=17328, stack(0x000000e27c400000,0x000000e27c500000) (1024K)]
  0x0000020171bb9d80 JavaThread "Thread-12"                  daemon [_thread_in_native, id=27992, stack(0x000000e27c500000,0x000000e27c600000) (1024K)]
  0x0000020171bb4830 JavaThread "Thread-13"                  daemon [_thread_in_native, id=23444, stack(0x000000e27c600000,0x000000e27c700000) (1024K)]
  0x0000020171bb6270 JavaThread "Thread-14"                  daemon [_thread_in_native, id=28212, stack(0x000000e27c700000,0x000000e27c800000) (1024K)]
  0x0000020171bb2df0 JavaThread "Thread-15"                  daemon [_thread_in_native, id=26008, stack(0x000000e27c800000,0x000000e27c900000) (1024K)]
  0x0000020171bb8340 JavaThread "Thread-16"                  daemon [_thread_in_native, id=29168, stack(0x000000e27c900000,0x000000e27ca00000) (1024K)]
  0x0000020171bb3480 JavaThread "Thread-17"                  daemon [_thread_in_native, id=29472, stack(0x000000e27ca00000,0x000000e27cb00000) (1024K)]
  0x0000020171bba410 JavaThread "Worker-4"                          [_thread_blocked, id=28980, stack(0x000000e27cb00000,0x000000e27cc00000) (1024K)]
  0x0000020171bb3b10 JavaThread "pool-2-thread-1"                   [_thread_blocked, id=24344, stack(0x000000e27cc00000,0x000000e27cd00000) (1024K)]
  0x0000020171bb6900 JavaThread "WorkspaceEventsHandler"            [_thread_blocked, id=28960, stack(0x000000e27cd00000,0x000000e27ce00000) (1024K)]
  0x0000020171bb89d0 JavaThread "pool-1-thread-1"                   [_thread_blocked, id=14300, stack(0x000000e27ce00000,0x000000e27cf00000) (1024K)]
  0x0000020171bb5550 JavaThread "ForkJoinPool.commonPool-worker-1" daemon [_thread_blocked, id=9588, stack(0x000000e27cf00000,0x000000e27d000000) (1024K)]
  0x0000020171bb41a0 JavaThread "ForkJoinPool.commonPool-worker-2" daemon [_thread_blocked, id=28300, stack(0x000000e27d000000,0x000000e27d100000) (1024K)]
  0x0000020171bb9060 JavaThread "ForkJoinPool.commonPool-worker-3" daemon [_thread_blocked, id=29644, stack(0x000000e27d100000,0x000000e27d200000) (1024K)]
  0x0000020171bb4ec0 JavaThread "ForkJoinPool.commonPool-worker-4" daemon [_thread_blocked, id=18796, stack(0x000000e27d200000,0x000000e27d300000) (1024K)]
  0x0000020171bb5be0 JavaThread "ForkJoinPool.commonPool-worker-5" daemon [_thread_blocked, id=10896, stack(0x000000e27d300000,0x000000e27d400000) (1024K)]
  0x0000020171bb96f0 JavaThread "ForkJoinPool.commonPool-worker-6" daemon [_thread_blocked, id=27860, stack(0x000000e27d400000,0x000000e27d500000) (1024K)]
  0x0000020171bb7620 JavaThread "ForkJoinPool.commonPool-worker-7" daemon [_thread_blocked, id=28540, stack(0x000000e27d500000,0x000000e27d600000) (1024K)]
  0x0000020171bb7cb0 JavaThread "ForkJoinPool.commonPool-worker-8" daemon [_thread_blocked, id=29064, stack(0x000000e27d600000,0x000000e27d700000) (1024K)]
  0x0000020170988510 JavaThread "ForkJoinPool.commonPool-worker-9" daemon [_thread_blocked, id=18924, stack(0x000000e27d700000,0x000000e27d800000) (1024K)]
  0x000002017098d3d0 JavaThread "ForkJoinPool.commonPool-worker-11" daemon [_thread_blocked, id=27160, stack(0x000000e27d800000,0x000000e27d900000) (1024K)]
  0x000002017098da60 JavaThread "ForkJoinPool.commonPool-worker-10" daemon [_thread_blocked, id=29348, stack(0x000000e27d900000,0x000000e27da00000) (1024K)]
  0x000002017098e0f0 JavaThread "ForkJoinPool.commonPool-worker-12" daemon [_thread_blocked, id=28488, stack(0x000000e27da00000,0x000000e27db00000) (1024K)]
  0x000002017098cd40 JavaThread "ForkJoinPool.commonPool-worker-13" daemon [_thread_blocked, id=2948, stack(0x000000e27db00000,0x000000e27dc00000) (1024K)]
  0x000002017098e780 JavaThread "ForkJoinPool.commonPool-worker-14" daemon [_thread_blocked, id=27084, stack(0x000000e27dc00000,0x000000e27dd00000) (1024K)]
  0x00000201709898c0 JavaThread "ForkJoinPool.commonPool-worker-15" daemon [_thread_blocked, id=3164, stack(0x000000e27dd00000,0x000000e27de00000) (1024K)]
  0x00000201709877f0 JavaThread "LocalFile Deleter"          daemon [_thread_blocked, id=28936, stack(0x000000e27de00000,0x000000e27df00000) (1024K)]
  0x000002017098a5e0 JavaThread "LocalFile Deleter"          daemon [_thread_blocked, id=28572, stack(0x000000e27df00000,0x000000e27e000000) (1024K)]
  0x000002017098c020 JavaThread "LocalFile Deleter"          daemon [_thread_blocked, id=3680, stack(0x000000e27e000000,0x000000e27e100000) (1024K)]
  0x0000020170988ba0 JavaThread "LocalFile Deleter"          daemon [_thread_blocked, id=28564, stack(0x000000e27e100000,0x000000e27e200000) (1024K)]
  0x000002017098c6b0 JavaThread "LocalFile Deleter"          daemon [_thread_blocked, id=25428, stack(0x000000e27e200000,0x000000e27e300000) (1024K)]
  0x0000020170989230 JavaThread "LocalFile Deleter"          daemon [_thread_blocked, id=12516, stack(0x000000e27e300000,0x000000e27e400000) (1024K)]
  0x000002017098ee10 JavaThread "LocalFile Deleter"          daemon [_thread_blocked, id=26544, stack(0x000000e27e400000,0x000000e27e500000) (1024K)]
  0x000002017098ac70 JavaThread "LocalFile Deleter"          daemon [_thread_blocked, id=29452, stack(0x000000e27e500000,0x000000e27e600000) (1024K)]
  0x0000020170987e80 JavaThread "LocalFile Deleter"          daemon [_thread_blocked, id=28940, stack(0x000000e27e600000,0x000000e27e700000) (1024K)]
  0x000002017098b990 JavaThread "LocalFile Deleter"          daemon [_thread_blocked, id=18044, stack(0x000000e27e700000,0x000000e27e800000) (1024K)]
  0x000002017098b300 JavaThread "LocalFile Deleter"          daemon [_thread_blocked, id=29256, stack(0x000000e27e800000,0x000000e27e900000) (1024K)]
  0x0000020179c7ce30 JavaThread "LocalFile Deleter"          daemon [_thread_blocked, id=28124, stack(0x000000e27e900000,0x000000e27ea00000) (1024K)]
  0x0000020179c7ad60 JavaThread "LocalFile Deleter"          daemon [_thread_blocked, id=29496, stack(0x000000e27ea00000,0x000000e27eb00000) (1024K)]
  0x0000020179c7ba80 JavaThread "LocalFile Deleter"          daemon [_thread_blocked, id=19780, stack(0x000000e27eb00000,0x000000e27ec00000) (1024K)]
  0x0000020179c7e1e0 JavaThread "LocalFile Deleter"          daemon [_thread_blocked, id=27312, stack(0x000000e27ec00000,0x000000e27ed00000) (1024K)]
  0x0000020179c7c110 JavaThread "LocalFile Deleter"          daemon [_thread_blocked, id=2112, stack(0x000000e27ed00000,0x000000e27ee00000) (1024K)]
  0x0000020179c7d4c0 JavaThread "Compiler Source File Reader" daemon [_thread_blocked, id=3308, stack(0x000000e27ee00000,0x000000e27ef00000) (1024K)]
  0x0000020179c7c7a0 JavaThread "Compiler Source File Reader" daemon [_thread_blocked, id=12608, stack(0x000000e27ef00000,0x000000e27f000000) (1024K)]
  0x0000020179c7db50 JavaThread "Compiler Source File Reader" daemon [_thread_blocked, id=27784, stack(0x000000e27f000000,0x000000e27f100000) (1024K)]
  0x0000020179c7e870 JavaThread "Compiler Source File Reader" daemon [_thread_blocked, id=28276, stack(0x000000e27f100000,0x000000e27f200000) (1024K)]
  0x0000020179c7ef00 JavaThread "Compiler Source File Reader" daemon [_thread_blocked, id=12892, stack(0x000000e27f200000,0x000000e27f300000) (1024K)]
  0x0000020179c78c90 JavaThread "Compiler Source File Reader" daemon [_thread_blocked, id=29040, stack(0x000000e27f300000,0x000000e27f400000) (1024K)]
  0x0000020179c7f590 JavaThread "Compiler Source File Reader" daemon [_thread_blocked, id=18756, stack(0x000000e27f400000,0x000000e27f500000) (1024K)]
  0x0000020179c78600 JavaThread "Compiler Source File Reader" daemon [_thread_blocked, id=9612, stack(0x000000e27f500000,0x000000e27f600000) (1024K)]
  0x0000020179c7fc20 JavaThread "Compiler Source File Reader" daemon [_thread_blocked, id=28612, stack(0x000000e27f600000,0x000000e27f700000) (1024K)]
  0x0000020179c7a6d0 JavaThread "Compiler Source File Reader" daemon [_thread_blocked, id=22920, stack(0x000000e27f700000,0x000000e27f800000) (1024K)]
  0x0000020179c7a040 JavaThread "Compiler Source File Reader" daemon [_thread_blocked, id=14432, stack(0x000000e27f800000,0x000000e27f900000) (1024K)]
  0x0000020179c79320 JavaThread "Compiler Source File Reader" daemon [_thread_blocked, id=29020, stack(0x000000e27f900000,0x000000e27fa00000) (1024K)]
  0x0000020179c799b0 JavaThread "Compiler Source File Reader" daemon [_thread_blocked, id=25800, stack(0x000000e27fa00000,0x000000e27fb00000) (1024K)]
  0x0000020179c7b3f0 JavaThread "Compiler Source File Reader" daemon [_thread_blocked, id=24792, stack(0x000000e27fb00000,0x000000e27fc00000) (1024K)]
  0x0000020179b9cf30 JavaThread "Compiler Processing Task"   daemon [_thread_blocked, id=28144, stack(0x000000e27fc00000,0x000000e27fd00000) (1024K)]
  0x0000020179b9e2e0 JavaThread "Compiler Class File Writer" daemon [_thread_blocked, id=6960, stack(0x000000e27fd00000,0x000000e27fe00000) (1024K)]
  0x0000020179b9e970 JavaThread "Compiler Class File Writer" daemon [_thread_blocked, id=28860, stack(0x000000e27fe00000,0x000000e27ff00000) (1024K)]
  0x0000020179b9bb80 JavaThread "Compiler Class File Writer" daemon [_thread_blocked, id=29400, stack(0x000000e27ff00000,0x000000e280000000) (1024K)]
  0x0000020179ba03b0 JavaThread "Compiler Class File Writer" daemon [_thread_blocked, id=29444, stack(0x000000e200000000,0x000000e200100000) (1024K)]
  0x0000020179b9dc50 JavaThread "Compiler Class File Writer" daemon [_thread_blocked, id=14504, stack(0x000000e200100000,0x000000e200200000) (1024K)]
  0x0000020179b9c8a0 JavaThread "Compiler Class File Writer" daemon [_thread_blocked, id=11000, stack(0x000000e200200000,0x000000e200300000) (1024K)]
  0x0000020179b9f690 JavaThread "Compiler Class File Writer" daemon [_thread_blocked, id=29008, stack(0x000000e200300000,0x000000e200400000) (1024K)]
  0x0000020179ba0a40 JavaThread "Compiler Class File Writer" daemon [_thread_blocked, id=28888, stack(0x000000e200400000,0x000000e200500000) (1024K)]
  0x0000020179b99ab0 JavaThread "Compiler Class File Writer" daemon [_thread_blocked, id=20864, stack(0x000000e200500000,0x000000e200600000) (1024K)]
  0x0000020179b9ae60 JavaThread "Compiler Class File Writer" daemon [_thread_blocked, id=9516, stack(0x000000e200600000,0x000000e200700000) (1024K)]
  0x0000020179b3da40 JavaThread "Compiler Class File Writer" daemon [_thread_blocked, id=18608, stack(0x000000e200700000,0x000000e200800000) (1024K)]
  0x0000020179b3c690 JavaThread "Compiler Class File Writer" daemon [_thread_blocked, id=26644, stack(0x000000e200800000,0x000000e200900000) (1024K)]
  0x0000020179b3cd20 JavaThread "Compiler Class File Writer" daemon [_thread_blocked, id=29336, stack(0x000000e200900000,0x000000e200a00000) (1024K)]
  0x0000020179b3d3b0 JavaThread "Compiler Class File Writer" daemon [_thread_blocked, id=9248, stack(0x000000e200a00000,0x000000e200b00000) (1024K)]
Total: 108

Other Threads:
  0x0000020167594190 VMThread "VM Thread"                           [id=10876, stack(0x000000e279300000,0x000000e279400000) (1024K)]
  0x0000020150b60010 WatcherThread "VM Periodic Task Thread"        [id=8844, stack(0x000000e279200000,0x000000e279300000) (1024K)]
  0x0000020150b12310 WorkerThread "GC Thread#0"                     [id=28496, stack(0x000000e279100000,0x000000e279200000) (1024K)]
  0x000002016a67f630 WorkerThread "GC Thread#1"                     [id=2192, stack(0x000000e27a200000,0x000000e27a300000) (1024K)]
  0x000002016a7fe240 WorkerThread "GC Thread#2"                     [id=19196, stack(0x000000e27a300000,0x000000e27a400000) (1024K)]
  0x000002016a6be3f0 WorkerThread "GC Thread#3"                     [id=6488, stack(0x000000e27a400000,0x000000e27a500000) (1024K)]
  0x000002016a7d90e0 WorkerThread "GC Thread#4"                     [id=16916, stack(0x000000e27a500000,0x000000e27a600000) (1024K)]
  0x000002016a7ac0f0 WorkerThread "GC Thread#5"                     [id=28492, stack(0x000000e27a600000,0x000000e27a700000) (1024K)]
  0x000002016a6be7a0 WorkerThread "GC Thread#6"                     [id=9168, stack(0x000000e27a700000,0x000000e27a800000) (1024K)]
  0x000002016a9600e0 WorkerThread "GC Thread#7"                     [id=29368, stack(0x000000e27a900000,0x000000e27aa00000) (1024K)]
  0x000002016f036e30 WorkerThread "GC Thread#8"                     [id=14216, stack(0x000000e27ad00000,0x000000e27ae00000) (1024K)]
  0x000002016a9105c0 WorkerThread "GC Thread#9"                     [id=12672, stack(0x000000e27ae00000,0x000000e27af00000) (1024K)]
  0x000002016f4ba380 WorkerThread "GC Thread#10"                    [id=27704, stack(0x000000e27af00000,0x000000e27b000000) (1024K)]
  0x000002016f3a75d0 WorkerThread "GC Thread#11"                    [id=21268, stack(0x000000e27b200000,0x000000e27b300000) (1024K)]
  0x000002016f3a7980 WorkerThread "GC Thread#12"                    [id=11952, stack(0x000000e27b300000,0x000000e27b400000) (1024K)]
Total: 15

Threads with active compile tasks:
C2 CompilerThread0  18089 17297   !   4       org.eclipse.jdt.internal.core.NameLookup::getModuleDescription (232 bytes)
C2 CompilerThread1  18089 16573       4       org.eclipse.jdt.internal.compiler.lookup.PackageBinding::hasCompilationUnit (101 bytes)
Total: 2

VM state: not at safepoint (normal execution)

VM Mutex/Monitor currently owned by a thread: None

Heap address: 0x0000000080000000, size: 2048 MB, Compressed Oops mode: 32-bit

CDS archive(s) mapped at: [0x0000020100000000-0x0000020100ba0000-0x0000020100ba0000), size 12189696, SharedBaseAddress: 0x0000020100000000, ArchiveRelocationMode: 1.
Compressed class space mapped at: 0x0000020101000000-0x0000020141000000, reserved size: 1073741824
Narrow klass base: 0x0000020100000000, Narrow klass shift: 0, Narrow klass range: 0x100000000

GC Precious Log:
 CardTable entry size: 512
 CPUs: 16 total, 16 available
 Memory: 6005M
 Large Page Support: Disabled
 NUMA Support: Disabled
 Compressed Oops: Enabled (32-bit)
 Alignments: Space 512K, Generation 512K, Heap 2M
 Heap Min Capacity: 100M
 Heap Initial Capacity: 100M
 Heap Max Capacity: 2G
 Pre-touch: Disabled
 Parallel Workers: 13

Heap:
 PSYoungGen      total 7168K, used 6953K [0x00000000d5580000, 0x00000000d6000000, 0x0000000100000000)
  eden space 6144K, 96% used [0x00000000d5580000,0x00000000d5b515d0,0x00000000d5b80000)
  from space 1024K, 97% used [0x00000000d5d80000,0x00000000d5e79210,0x00000000d5e80000)
  to   space 2048K, 0% used [0x00000000d5b80000,0x00000000d5b80000,0x00000000d5d80000)
 ParOldGen       total 168960K, used 168829K [0x0000000080000000, 0x000000008a500000, 0x00000000d5580000)
  object space 168960K, 99% used [0x0000000080000000,0x000000008a4df418,0x000000008a500000)
 Metaspace       used 71859K, committed 73408K, reserved 1179648K
  class space    used 7215K, committed 7872K, reserved 1048576K

Card table byte_map: [0x00000201504d0000,0x00000201508e0000] _byte_map_base: 0x00000201500d0000

Marking Bits: (ParMarkBitMap*) 0x00007ffdeabc3450
 Begin Bits: [0x0000020162fb0000, 0x0000020164fb0000)
 End Bits:   [0x0000020164fb0000, 0x0000020166fb0000)

Polling page: 0x00000201502c0000

Metaspace:

Usage:
  Non-class:     63.13 MB used.
      Class:      7.05 MB used.
       Both:     70.17 MB used.

Virtual space:
  Non-class space:      128.00 MB reserved,      64.00 MB ( 50%) committed,  2 nodes.
      Class space:        1.00 GB reserved,       7.69 MB ( <1%) committed,  1 nodes.
             Both:        1.12 GB reserved,      71.69 MB (  6%) committed. 

Chunk freelists:
   Non-Class:  15.39 MB
       Class:  8.22 MB
        Both:  23.61 MB

MaxMetaspaceSize: unlimited
CompressedClassSpaceSize: 1.00 GB
Initial GC threshold: 21.00 MB
Current GC threshold: 97.31 MB
CDS: on
 - commit_granule_bytes: 65536.
 - commit_granule_words: 8192.
 - virtual_space_node_default_size: 8388608.
 - enlarge_chunks_in_place: 1.
 - use_allocation_guard: 0.


Internal statistics:

num_allocs_failed_limit: 11.
num_arena_births: 1376.
num_arena_deaths: 14.
num_vsnodes_births: 3.
num_vsnodes_deaths: 0.
num_space_committed: 1147.
num_space_uncommitted: 0.
num_chunks_returned_to_freelist: 25.
num_chunks_taken_from_freelist: 4881.
num_chunk_merges: 12.
num_chunk_splits: 2973.
num_chunks_enlarged: 1648.
num_inconsistent_stats: 0.

CodeHeap 'non-profiled nmethods': size=119168Kb used=8336Kb max_used=8336Kb free=110831Kb
 bounds [0x000002015b8a0000, 0x000002015c0d0000, 0x0000020162d00000]
CodeHeap 'profiled nmethods': size=119104Kb used=40853Kb max_used=40853Kb free=78250Kb
 bounds [0x0000020153d00000, 0x00000201564f0000, 0x000002015b150000]
CodeHeap 'non-nmethods': size=7488Kb used=2575Kb max_used=2947Kb free=4912Kb
 bounds [0x000002015b150000, 0x000002015b440000, 0x000002015b8a0000]
CodeCache: size=245760Kb, used=51764Kb, max_used=52136Kb, free=193993Kb
 total_blobs=17492, nmethods=16730, adapters=664, full_count=0
Compilation: enabled, stopped_count=0, restarted_count=0

Compilation events (20 events):
Event: 18.021 Thread 0x0000020168b69ed0 nmethod 16451 0x000002015c0c0090 code [0x000002015c0c0320, 0x000002015c0c0a80]
Event: 18.021 Thread 0x0000020168b69ed0 15595       4       java.util.Hashtable$Enumerator::nextElement (111 bytes)
Event: 18.021 Thread 0x0000020168b69ed0 nmethod 15595 0x000002015c0c1090 code [0x000002015c0c1220, 0x000002015c0c1318]
Event: 18.022 Thread 0x0000020168b69ed0 16803       4       java.util.Hashtable$Enumerator::hasNext (5 bytes)
Event: 18.024 Thread 0x0000020168b69ed0 nmethod 16803 0x000002015c0c1390 code [0x000002015c0c1520, 0x000002015c0c16c8]
Event: 18.024 Thread 0x0000020168b69ed0 16822       4       java.util.Hashtable$Enumerator::next (27 bytes)
Event: 18.025 Thread 0x0000020168b69ed0 nmethod 16822 0x000002015c0c1790 code [0x000002015c0c1920, 0x000002015c0c1a50]
Event: 18.025 Thread 0x0000020168b69ed0 16027       4       java.lang.Integer::toString (55 bytes)
Event: 18.032 Thread 0x0000020168b69ed0 nmethod 16027 0x000002015c0c1b90 code [0x000002015c0c1d60, 0x000002015c0c2468]
Event: 18.032 Thread 0x0000020168b69ed0 16504       4       org.eclipse.jdt.internal.compiler.ast.Expression::<init> (10 bytes)
Event: 18.032 Thread 0x0000020168b69ed0 nmethod 16504 0x000002015c0c2690 code [0x000002015c0c2820, 0x000002015c0c28b8]
Event: 18.032 Thread 0x0000020168b69ed0 16953       4       java.lang.String::valueOf (5 bytes)
Event: 18.039 Thread 0x0000020168b69ed0 nmethod 16953 0x000002015c0c2990 code [0x000002015c0c2b60, 0x000002015c0c3268]
Event: 18.039 Thread 0x0000020168b69ed0 16678       4       java.lang.StringConcatHelper::checkOverflow (17 bytes)
Event: 18.039 Thread 0x0000020168b69ed0 nmethod 16678 0x000002015c0c3510 code [0x000002015c0c36a0, 0x000002015c0c3728]
Event: 18.039 Thread 0x0000020168b69ed0 17244       4       org.eclipse.jdt.internal.core.PackageFragment::getElementName (22 bytes)
Event: 18.040 Thread 0x0000020168b69ed0 nmethod 17244 0x000002015c0c3810 code [0x000002015c0c39a0, 0x000002015c0c3a88]
Event: 18.040 Thread 0x0000020168b69ed0 15676       4       org.eclipse.core.runtime.Path::hashCode (28 bytes)
Event: 18.042 Thread 0x0000020168b69ed0 nmethod 15676 0x000002015c0c3b90 code [0x000002015c0c3d40, 0x000002015c0c4040]
Event: 18.043 Thread 0x0000020168b69ed0 17297   !   4       org.eclipse.jdt.internal.core.NameLookup::getModuleDescription (232 bytes)

GC Heap History (20 events):
Event: 16.992 GC heap before
{Heap before GC invocations=280 (full 3):
 PSYoungGen      total 7168K, used 6880K [0x00000000d5580000, 0x00000000d5f00000, 0x0000000100000000)
  eden space 6144K, 100% used [0x00000000d5580000,0x00000000d5b80000,0x00000000d5b80000)
  from space 1024K, 71% used [0x00000000d5c80000,0x00000000d5d38020,0x00000000d5d80000)
  to   space 1024K, 0% used [0x00000000d5b80000,0x00000000d5b80000,0x00000000d5c80000)
 ParOldGen       total 161792K, used 161592K [0x0000000080000000, 0x0000000089e00000, 0x00000000d5580000)
  object space 161792K, 99% used [0x0000000080000000,0x0000000089dce338,0x0000000089e00000)
 Metaspace       used 71355K, committed 72896K, reserved 1179648K
  class space    used 7183K, committed 7808K, reserved 1048576K
}
Event: 17.002 GC heap after
{Heap after GC invocations=280 (full 3):
 PSYoungGen      total 7168K, used 672K [0x00000000d5580000, 0x00000000d5f00000, 0x0000000100000000)
  eden space 6144K, 0% used [0x00000000d5580000,0x00000000d5580000,0x00000000d5b80000)
  from space 1024K, 65% used [0x00000000d5b80000,0x00000000d5c28020,0x00000000d5c80000)
  to   space 1024K, 0% used [0x00000000d5e00000,0x00000000d5e00000,0x00000000d5f00000)
 ParOldGen       total 162304K, used 162160K [0x0000000080000000, 0x0000000089e80000, 0x00000000d5580000)
  object space 162304K, 99% used [0x0000000080000000,0x0000000089e5c358,0x0000000089e80000)
 Metaspace       used 71355K, committed 72896K, reserved 1179648K
  class space    used 7183K, committed 7808K, reserved 1048576K
}
Event: 17.162 GC heap before
{Heap before GC invocations=281 (full 3):
 PSYoungGen      total 7168K, used 6816K [0x00000000d5580000, 0x00000000d5f00000, 0x0000000100000000)
  eden space 6144K, 100% used [0x00000000d5580000,0x00000000d5b80000,0x00000000d5b80000)
  from space 1024K, 65% used [0x00000000d5b80000,0x00000000d5c28020,0x00000000d5c80000)
  to   space 1024K, 0% used [0x00000000d5e00000,0x00000000d5e00000,0x00000000d5f00000)
 ParOldGen       total 162304K, used 162160K [0x0000000080000000, 0x0000000089e80000, 0x00000000d5580000)
  object space 162304K, 99% used [0x0000000080000000,0x0000000089e5c358,0x0000000089e80000)
 Metaspace       used 71399K, committed 72960K, reserved 1179648K
  class space    used 7183K, committed 7808K, reserved 1048576K
}
Event: 17.185 GC heap after
{Heap after GC invocations=281 (full 3):
 PSYoungGen      total 7680K, used 1012K [0x00000000d5580000, 0x00000000d6100000, 0x0000000100000000)
  eden space 6656K, 0% used [0x00000000d5580000,0x00000000d5580000,0x00000000d5c00000)
  from space 1024K, 98% used [0x00000000d5e00000,0x00000000d5efd220,0x00000000d5f00000)
  to   space 2048K, 0% used [0x00000000d5c00000,0x00000000d5c00000,0x00000000d5e00000)
 ParOldGen       total 162816K, used 162680K [0x0000000080000000, 0x0000000089f00000, 0x00000000d5580000)
  object space 162816K, 99% used [0x0000000080000000,0x0000000089ede388,0x0000000089f00000)
 Metaspace       used 71399K, committed 72960K, reserved 1179648K
  class space    used 7183K, committed 7808K, reserved 1048576K
}
Event: 17.217 GC heap before
{Heap before GC invocations=282 (full 3):
 PSYoungGen      total 7680K, used 7668K [0x00000000d5580000, 0x00000000d6100000, 0x0000000100000000)
  eden space 6656K, 100% used [0x00000000d5580000,0x00000000d5c00000,0x00000000d5c00000)
  from space 1024K, 98% used [0x00000000d5e00000,0x00000000d5efd220,0x00000000d5f00000)
  to   space 2048K, 0% used [0x00000000d5c00000,0x00000000d5c00000,0x00000000d5e00000)
 ParOldGen       total 162816K, used 162680K [0x0000000080000000, 0x0000000089f00000, 0x00000000d5580000)
  object space 162816K, 99% used [0x0000000080000000,0x0000000089ede388,0x0000000089f00000)
 Metaspace       used 71460K, committed 73024K, reserved 1179648K
  class space    used 7183K, committed 7808K, reserved 1048576K
}
Event: 17.218 GC heap after
{Heap after GC invocations=282 (full 3):
 PSYoungGen      total 7680K, used 996K [0x00000000d5580000, 0x00000000d5f00000, 0x0000000100000000)
  eden space 6656K, 0% used [0x00000000d5580000,0x00000000d5580000,0x00000000d5c00000)
  from space 1024K, 97% used [0x00000000d5c00000,0x00000000d5cf9210,0x00000000d5d00000)
  to   space 1536K, 0% used [0x00000000d5d80000,0x00000000d5d80000,0x00000000d5f00000)
 ParOldGen       total 163840K, used 163688K [0x0000000080000000, 0x000000008a000000, 0x00000000d5580000)
  object space 163840K, 99% used [0x0000000080000000,0x0000000089fda3e0,0x000000008a000000)
 Metaspace       used 71460K, committed 73024K, reserved 1179648K
  class space    used 7183K, committed 7808K, reserved 1048576K
}
Event: 17.230 GC heap before
{Heap before GC invocations=283 (full 3):
 PSYoungGen      total 7680K, used 7652K [0x00000000d5580000, 0x00000000d5f00000, 0x0000000100000000)
  eden space 6656K, 100% used [0x00000000d5580000,0x00000000d5c00000,0x00000000d5c00000)
  from space 1024K, 97% used [0x00000000d5c00000,0x00000000d5cf9210,0x00000000d5d00000)
  to   space 1536K, 0% used [0x00000000d5d80000,0x00000000d5d80000,0x00000000d5f00000)
 ParOldGen       total 163840K, used 163688K [0x0000000080000000, 0x000000008a000000, 0x00000000d5580000)
  object space 163840K, 99% used [0x0000000080000000,0x0000000089fda3e0,0x000000008a000000)
 Metaspace       used 71460K, committed 73024K, reserved 1179648K
  class space    used 7183K, committed 7808K, reserved 1048576K
}
Event: 17.231 GC heap after
{Heap after GC invocations=283 (full 3):
 PSYoungGen      total 7680K, used 704K [0x00000000d5580000, 0x00000000d5e80000, 0x0000000100000000)
  eden space 6656K, 0% used [0x00000000d5580000,0x00000000d5580000,0x00000000d5c00000)
  from space 1024K, 68% used [0x00000000d5d80000,0x00000000d5e30020,0x00000000d5e80000)
  to   space 1024K, 0% used [0x00000000d5c00000,0x00000000d5c00000,0x00000000d5d00000)
 ParOldGen       total 164864K, used 164475K [0x0000000080000000, 0x000000008a100000, 0x00000000d5580000)
  object space 164864K, 99% used [0x0000000080000000,0x000000008a09eed0,0x000000008a100000)
 Metaspace       used 71460K, committed 73024K, reserved 1179648K
  class space    used 7183K, committed 7808K, reserved 1048576K
}
Event: 17.254 GC heap before
{Heap before GC invocations=284 (full 3):
 PSYoungGen      total 7680K, used 7360K [0x00000000d5580000, 0x00000000d5e80000, 0x0000000100000000)
  eden space 6656K, 100% used [0x00000000d5580000,0x00000000d5c00000,0x00000000d5c00000)
  from space 1024K, 68% used [0x00000000d5d80000,0x00000000d5e30020,0x00000000d5e80000)
  to   space 1024K, 0% used [0x00000000d5c00000,0x00000000d5c00000,0x00000000d5d00000)
 ParOldGen       total 164864K, used 164475K [0x0000000080000000, 0x000000008a100000, 0x00000000d5580000)
  object space 164864K, 99% used [0x0000000080000000,0x000000008a09eed0,0x000000008a100000)
 Metaspace       used 71463K, committed 73024K, reserved 1179648K
  class space    used 7183K, committed 7808K, reserved 1048576K
}
Event: 17.256 GC heap after
{Heap after GC invocations=284 (full 3):
 PSYoungGen      total 7680K, used 848K [0x00000000d5580000, 0x00000000d5e00000, 0x0000000100000000)
  eden space 6656K, 0% used [0x00000000d5580000,0x00000000d5580000,0x00000000d5c00000)
  from space 1024K, 82% used [0x00000000d5c00000,0x00000000d5cd4010,0x00000000d5d00000)
  to   space 1024K, 0% used [0x00000000d5d00000,0x00000000d5d00000,0x00000000d5e00000)
 ParOldGen       total 165376K, used 164995K [0x0000000080000000, 0x000000008a180000, 0x00000000d5580000)
  object space 165376K, 99% used [0x0000000080000000,0x000000008a120ef0,0x000000008a180000)
 Metaspace       used 71463K, committed 73024K, reserved 1179648K
  class space    used 7183K, committed 7808K, reserved 1048576K
}
Event: 17.272 GC heap before
{Heap before GC invocations=285 (full 3):
 PSYoungGen      total 7680K, used 7504K [0x00000000d5580000, 0x00000000d5e00000, 0x0000000100000000)
  eden space 6656K, 100% used [0x00000000d5580000,0x00000000d5c00000,0x00000000d5c00000)
  from space 1024K, 82% used [0x00000000d5c00000,0x00000000d5cd4010,0x00000000d5d00000)
  to   space 1024K, 0% used [0x00000000d5d00000,0x00000000d5d00000,0x00000000d5e00000)
 ParOldGen       total 165376K, used 164995K [0x0000000080000000, 0x000000008a180000, 0x00000000d5580000)
  object space 165376K, 99% used [0x0000000080000000,0x000000008a120ef0,0x000000008a180000)
 Metaspace       used 71467K, committed 73024K, reserved 1179648K
  class space    used 7183K, committed 7808K, reserved 1048576K
}
Event: 17.274 GC heap after
{Heap after GC invocations=285 (full 3):
 PSYoungGen      total 7680K, used 832K [0x00000000d5580000, 0x00000000d5e00000, 0x0000000100000000)
  eden space 6656K, 0% used [0x00000000d5580000,0x00000000d5580000,0x00000000d5c00000)
  from space 1024K, 81% used [0x00000000d5d00000,0x00000000d5dd0020,0x00000000d5e00000)
  to   space 1024K, 0% used [0x00000000d5c00000,0x00000000d5c00000,0x00000000d5d00000)
 ParOldGen       total 165888K, used 165683K [0x0000000080000000, 0x000000008a200000, 0x00000000d5580000)
  object space 165888K, 99% used [0x0000000080000000,0x000000008a1ccf30,0x000000008a200000)
 Metaspace       used 71467K, committed 73024K, reserved 1179648K
  class space    used 7183K, committed 7808K, reserved 1048576K
}
Event: 17.353 GC heap before
{Heap before GC invocations=286 (full 3):
 PSYoungGen      total 7680K, used 7488K [0x00000000d5580000, 0x00000000d5e00000, 0x0000000100000000)
  eden space 6656K, 100% used [0x00000000d5580000,0x00000000d5c00000,0x00000000d5c00000)
  from space 1024K, 81% used [0x00000000d5d00000,0x00000000d5dd0020,0x00000000d5e00000)
  to   space 1024K, 0% used [0x00000000d5c00000,0x00000000d5c00000,0x00000000d5d00000)
 ParOldGen       total 165888K, used 165683K [0x0000000080000000, 0x000000008a200000, 0x00000000d5580000)
  object space 165888K, 99% used [0x0000000080000000,0x000000008a1ccf30,0x000000008a200000)
 Metaspace       used 71483K, committed 73024K, reserved 1179648K
  class space    used 7183K, committed 7808K, reserved 1048576K
}
Event: 17.363 GC heap after
{Heap after GC invocations=286 (full 3):
 PSYoungGen      total 7680K, used 996K [0x00000000d5580000, 0x00000000d6000000, 0x0000000100000000)
  eden space 6656K, 0% used [0x00000000d5580000,0x00000000d5580000,0x00000000d5c00000)
  from space 1024K, 97% used [0x00000000d5c00000,0x00000000d5cf9210,0x00000000d5d00000)
  to   space 2048K, 0% used [0x00000000d5e00000,0x00000000d5e00000,0x00000000d6000000)
 ParOldGen       total 166400K, used 166366K [0x0000000080000000, 0x000000008a280000, 0x00000000d5580000)
  object space 166400K, 99% used [0x0000000080000000,0x000000008a277ae8,0x000000008a280000)
 Metaspace       used 71483K, committed 73024K, reserved 1179648K
  class space    used 7183K, committed 7808K, reserved 1048576K
}
Event: 17.486 GC heap before
{Heap before GC invocations=287 (full 3):
 PSYoungGen      total 7680K, used 7652K [0x00000000d5580000, 0x00000000d6000000, 0x0000000100000000)
  eden space 6656K, 100% used [0x00000000d5580000,0x00000000d5c00000,0x00000000d5c00000)
  from space 1024K, 97% used [0x00000000d5c00000,0x00000000d5cf9210,0x00000000d5d00000)
  to   space 2048K, 0% used [0x00000000d5e00000,0x00000000d5e00000,0x00000000d6000000)
 ParOldGen       total 166400K, used 166366K [0x0000000080000000, 0x000000008a280000, 0x00000000d5580000)
  object space 166400K, 99% used [0x0000000080000000,0x000000008a277ae8,0x000000008a280000)
 Metaspace       used 71491K, committed 73024K, reserved 1179648K
  class space    used 7183K, committed 7808K, reserved 1048576K
}
Event: 17.496 GC heap after
{Heap after GC invocations=287 (full 3):
 PSYoungGen      total 8192K, used 1147K [0x00000000d5580000, 0x00000000d5f80000, 0x0000000100000000)
  eden space 6656K, 0% used [0x00000000d5580000,0x00000000d5580000,0x00000000d5c00000)
  from space 1536K, 74% used [0x00000000d5e00000,0x00000000d5f1ef70,0x00000000d5f80000)
  to   space 1536K, 0% used [0x00000000d5c80000,0x00000000d5c80000,0x00000000d5e00000)
 ParOldGen       total 167424K, used 167296K [0x0000000080000000, 0x000000008a380000, 0x00000000d5580000)
  object space 167424K, 99% used [0x0000000080000000,0x000000008a360208,0x000000008a380000)
 Metaspace       used 71491K, committed 73024K, reserved 1179648K
  class space    used 7183K, committed 7808K, reserved 1048576K
}
Event: 17.519 GC heap before
{Heap before GC invocations=288 (full 3):
 PSYoungGen      total 8192K, used 7803K [0x00000000d5580000, 0x00000000d5f80000, 0x0000000100000000)
  eden space 6656K, 100% used [0x00000000d5580000,0x00000000d5c00000,0x00000000d5c00000)
  from space 1536K, 74% used [0x00000000d5e00000,0x00000000d5f1ef70,0x00000000d5f80000)
  to   space 1536K, 0% used [0x00000000d5c80000,0x00000000d5c80000,0x00000000d5e00000)
 ParOldGen       total 167424K, used 167296K [0x0000000080000000, 0x000000008a380000, 0x00000000d5580000)
  object space 167424K, 99% used [0x0000000080000000,0x000000008a360208,0x000000008a380000)
 Metaspace       used 71497K, committed 73024K, reserved 1179648K
  class space    used 7183K, committed 7808K, reserved 1048576K
}
Event: 17.521 GC heap after
{Heap after GC invocations=288 (full 3):
 PSYoungGen      total 7680K, used 656K [0x00000000d5580000, 0x00000000d5e80000, 0x0000000100000000)
  eden space 6656K, 0% used [0x00000000d5580000,0x00000000d5580000,0x00000000d5c00000)
  from space 1024K, 64% used [0x00000000d5c80000,0x00000000d5d24010,0x00000000d5d80000)
  to   space 1024K, 0% used [0x00000000d5d80000,0x00000000d5d80000,0x00000000d5e80000)
 ParOldGen       total 168448K, used 168284K [0x0000000080000000, 0x000000008a480000, 0x00000000d5580000)
  object space 168448K, 99% used [0x0000000080000000,0x000000008a4573d8,0x000000008a480000)
 Metaspace       used 71497K, committed 73024K, reserved 1179648K
  class space    used 7183K, committed 7808K, reserved 1048576K
}
Event: 17.552 GC heap before
{Heap before GC invocations=289 (full 3):
 PSYoungGen      total 7680K, used 7190K [0x00000000d5580000, 0x00000000d5e80000, 0x0000000100000000)
  eden space 6656K, 98% used [0x00000000d5580000,0x00000000d5be1818,0x00000000d5c00000)
  from space 1024K, 64% used [0x00000000d5c80000,0x00000000d5d24010,0x00000000d5d80000)
  to   space 1024K, 0% used [0x00000000d5d80000,0x00000000d5d80000,0x00000000d5e80000)
 ParOldGen       total 168448K, used 168284K [0x0000000080000000, 0x000000008a480000, 0x00000000d5580000)
  object space 168448K, 99% used [0x0000000080000000,0x000000008a4573d8,0x000000008a480000)
 Metaspace       used 71503K, committed 73024K, reserved 1179648K
  class space    used 7183K, committed 7808K, reserved 1048576K
}
Event: 17.554 GC heap after
{Heap after GC invocations=289 (full 3):
 PSYoungGen      total 7168K, used 996K [0x00000000d5580000, 0x00000000d6000000, 0x0000000100000000)
  eden space 6144K, 0% used [0x00000000d5580000,0x00000000d5580000,0x00000000d5b80000)
  from space 1024K, 97% used [0x00000000d5d80000,0x00000000d5e79210,0x00000000d5e80000)
  to   space 2048K, 0% used [0x00000000d5b80000,0x00000000d5b80000,0x00000000d5d80000)
 ParOldGen       total 168960K, used 168829K [0x0000000080000000, 0x000000008a500000, 0x00000000d5580000)
  object space 168960K, 99% used [0x0000000080000000,0x000000008a4df418,0x000000008a500000)
 Metaspace       used 71503K, committed 73024K, reserved 1179648K
  class space    used 7183K, committed 7808K, reserved 1048576K
}

Dll operation events (10 events):
Event: 0.008 Loaded shared library c:\Users\Leonardo\.vscode\extensions\redhat.java-1.54.0-win32-x64\jre\21.0.10-win32-x86_64\bin\java.dll
Event: 0.074 Loaded shared library c:\Users\Leonardo\.vscode\extensions\redhat.java-1.54.0-win32-x64\jre\21.0.10-win32-x86_64\bin\zip.dll
Event: 0.091 Loaded shared library C:\Users\Leonardo\.vscode\extensions\redhat.java-1.54.0-win32-x64\jre\21.0.10-win32-x86_64\bin\instrument.dll
Event: 0.095 Loaded shared library C:\Users\Leonardo\.vscode\extensions\redhat.java-1.54.0-win32-x64\jre\21.0.10-win32-x86_64\bin\net.dll
Event: 0.097 Loaded shared library C:\Users\Leonardo\.vscode\extensions\redhat.java-1.54.0-win32-x64\jre\21.0.10-win32-x86_64\bin\nio.dll
Event: 0.099 Loaded shared library C:\Users\Leonardo\.vscode\extensions\redhat.java-1.54.0-win32-x64\jre\21.0.10-win32-x86_64\bin\zip.dll
Event: 0.113 Loaded shared library C:\Users\Leonardo\.vscode\extensions\redhat.java-1.54.0-win32-x64\jre\21.0.10-win32-x86_64\bin\jimage.dll
Event: 0.182 Loaded shared library c:\Users\Leonardo\.vscode\extensions\redhat.java-1.54.0-win32-x64\jre\21.0.10-win32-x86_64\bin\verify.dll
Event: 1.188 Loaded shared library C:\Users\Leonardo\AppData\Roaming\Code\User\globalStorage\redhat.java\1.54.0\config_win\org.eclipse.equinox.launcher\org.eclipse.equinox.launcher.win32.win32.x86_64_1.3.0.v20260203-2149\eclipse_11919.dll
Event: 4.556 Loaded shared library C:\Users\Leonardo\AppData\Local\Temp\jna-2035583412\jna15815592783436432303.dll

Deoptimization events (20 events):
Event: 17.532 Thread 0x0000020171bb5be0 DEOPT PACKING pc=0x0000020154ff5bf4 sp=0x000000e27d3fd6d0
Event: 17.532 Thread 0x0000020171bb5be0 DEOPT UNPACKING pc=0x000002015b1a4242 sp=0x000000e27d3fcb48 mode 0
Event: 17.534 Thread 0x0000020171bb5be0 DEOPT PACKING pc=0x0000020154ff5bf4 sp=0x000000e27d3fd620
Event: 17.534 Thread 0x0000020171bb5be0 DEOPT UNPACKING pc=0x000002015b1a4242 sp=0x000000e27d3fca98 mode 0
Event: 17.541 Thread 0x0000020171bb5be0 DEOPT PACKING pc=0x0000020154ff5bf4 sp=0x000000e27d3fdf00
Event: 17.541 Thread 0x0000020171bb5be0 DEOPT UNPACKING pc=0x000002015b1a4242 sp=0x000000e27d3fd390 mode 0
Event: 17.566 Thread 0x0000020171bb5be0 Uncommon trap: trap_request=0xffffff45 fr.pc=0x000002015c0190f0 relative=0x0000000000000550
Event: 17.566 Thread 0x0000020171bb5be0 Uncommon trap: reason=unstable_if action=reinterpret pc=0x000002015c0190f0 method=org.eclipse.jdt.internal.compiler.parser.Scanner.getNextToken0()Lorg/eclipse/jdt/internal/compiler/parser/TerminalToken; @ 433 c2
Event: 17.566 Thread 0x0000020171bb5be0 DEOPT PACKING pc=0x000002015c0190f0 sp=0x000000e27d3feaf0
Event: 17.566 Thread 0x0000020171bb5be0 DEOPT UNPACKING pc=0x000002015b1a3aa2 sp=0x000000e27d3fea28 mode 2
Event: 17.567 Thread 0x0000020171bb5be0 Uncommon trap: trap_request=0xffffff45 fr.pc=0x000002015bdafff0 relative=0x0000000000000550
Event: 17.567 Thread 0x0000020171bb5be0 Uncommon trap: reason=unstable_if action=reinterpret pc=0x000002015bdafff0 method=org.eclipse.jdt.internal.compiler.parser.Scanner.getNextToken()Lorg/eclipse/jdt/internal/compiler/parser/TerminalToken; @ 92 c2
Event: 17.567 Thread 0x0000020171bb5be0 DEOPT PACKING pc=0x000002015bdafff0 sp=0x000000e27d3feb30
Event: 17.567 Thread 0x0000020171bb5be0 DEOPT UNPACKING pc=0x000002015b1a3aa2 sp=0x000000e27d3fead0 mode 2
Event: 17.617 Thread 0x0000020171bb5be0 DEOPT PACKING pc=0x00000201564dcf07 sp=0x000000e27d3fe980
Event: 17.617 Thread 0x0000020171bb5be0 DEOPT UNPACKING pc=0x000002015b1a4242 sp=0x000000e27d3fde48 mode 0
Event: 17.618 Thread 0x0000020171bb5be0 DEOPT PACKING pc=0x00000201564dcf07 sp=0x000000e27d3fe980
Event: 17.618 Thread 0x0000020171bb5be0 DEOPT UNPACKING pc=0x000002015b1a4242 sp=0x000000e27d3fde48 mode 0
Event: 17.620 Thread 0x0000020171bb5be0 DEOPT PACKING pc=0x0000020155ff074c sp=0x000000e27d3ff160
Event: 17.620 Thread 0x0000020171bb5be0 DEOPT UNPACKING pc=0x000002015b1a4242 sp=0x000000e27d3fe680 mode 0

Classes loaded (20 events):
Event: 14.421 Loading class java/util/concurrent/CompletableFuture$UniExceptionally
Event: 14.421 Loading class java/util/concurrent/CompletableFuture$UniExceptionally done
Event: 14.455 Loading class javax/xml/transform/TransformerConfigurationException
Event: 14.455 Loading class javax/xml/transform/TransformerConfigurationException done
Event: 14.475 Loading class java/util/Hashtable$KeySet
Event: 14.475 Loading class java/util/Hashtable$KeySet done
Event: 14.671 Loading class java/lang/invoke/MethodHandleImpl$CountingWrapper$1
Event: 14.671 Loading class java/lang/invoke/MethodHandleImpl$CountingWrapper$1 done
Event: 14.856 Loading class java/lang/UnsupportedClassVersionError
Event: 14.857 Loading class java/lang/UnsupportedClassVersionError done
Event: 15.421 Loading class java/util/stream/ReduceOps$5
Event: 15.421 Loading class java/util/stream/ReduceOps$5 done
Event: 15.421 Loading class java/util/stream/ReduceOps$CountingSink$OfRef
Event: 15.422 Loading class java/util/stream/ReduceOps$CountingSink
Event: 15.422 Loading class java/util/stream/ReduceOps$CountingSink done
Event: 15.422 Loading class java/util/stream/ReduceOps$CountingSink$OfRef done
Event: 15.520 Loading class java/util/stream/ReduceOps$1
Event: 15.521 Loading class java/util/stream/ReduceOps$1 done
Event: 15.521 Loading class java/util/stream/ReduceOps$1ReducingSink
Event: 15.521 Loading class java/util/stream/ReduceOps$1ReducingSink done

Classes unloaded (7 events):
Event: 5.091 Thread 0x0000020167594190 Unloading class 0x00000201011aac00 'java/lang/invoke/LambdaForm$MH+0x00000201011aac00'
Event: 5.091 Thread 0x0000020167594190 Unloading class 0x00000201011aa800 'java/lang/invoke/LambdaForm$MH+0x00000201011aa800'
Event: 5.091 Thread 0x0000020167594190 Unloading class 0x00000201011aa400 'java/lang/invoke/LambdaForm$MH+0x00000201011aa400'
Event: 5.091 Thread 0x0000020167594190 Unloading class 0x00000201011aa000 'java/lang/invoke/LambdaForm$MH+0x00000201011aa000'
Event: 5.091 Thread 0x0000020167594190 Unloading class 0x00000201011a9c00 'java/lang/invoke/LambdaForm$BMH+0x00000201011a9c00'
Event: 5.091 Thread 0x0000020167594190 Unloading class 0x00000201011a9800 'java/lang/invoke/LambdaForm$DMH+0x00000201011a9800'
Event: 5.091 Thread 0x0000020167594190 Unloading class 0x00000201011a8400 'java/lang/invoke/LambdaForm$DMH+0x00000201011a8400'

Classes redefined (0 events):
No events

Internal exceptions (20 events):
Event: 15.040 Thread 0x000002016f8cc560 Exception <a 'sun/nio/fs/WindowsException'{0x00000000d56c8070}> (0x00000000d56c8070) 
thrown [s\src\hotspot\share\prims\jni.cpp, line 520]
Event: 15.040 Thread 0x000002016f8cc560 Exception <a 'sun/nio/fs/WindowsException'{0x00000000d56c8798}> (0x00000000d56c8798) 
thrown [s\src\hotspot\share\prims\jni.cpp, line 520]
Event: 15.041 Thread 0x000002016f8cc560 Exception <a 'sun/nio/fs/WindowsException'{0x00000000d57ccd58}> (0x00000000d57ccd58) 
thrown [s\src\hotspot\share\prims\jni.cpp, line 520]
Event: 15.041 Thread 0x000002016f8cc560 Exception <a 'sun/nio/fs/WindowsException'{0x00000000d57cd480}> (0x00000000d57cd480) 
thrown [s\src\hotspot\share\prims\jni.cpp, line 520]
Event: 15.050 Thread 0x000002016f8cc560 Exception <a 'sun/nio/fs/WindowsException'{0x00000000d57708c0}> (0x00000000d57708c0) 
thrown [s\src\hotspot\share\prims\jni.cpp, line 520]
Event: 15.050 Thread 0x000002016f8cc560 Exception <a 'sun/nio/fs/WindowsException'{0x00000000d5770fe8}> (0x00000000d5770fe8) 
thrown [s\src\hotspot\share\prims\jni.cpp, line 520]
Event: 15.410 Thread 0x0000020171bb41a0 Implicit null exception at 0x000002015bf6f9b4 to 0x000002015bf70254
Event: 15.423 Thread 0x000002016f8cc560 Exception <a 'sun/nio/fs/WindowsException'{0x00000000d5c10c78}> (0x00000000d5c10c78) 
thrown [s\src\hotspot\share\prims\jni.cpp, line 520]
Event: 15.423 Thread 0x000002016f8cc560 Exception <a 'sun/nio/fs/WindowsException'{0x00000000d5c113a0}> (0x00000000d5c113a0) 
thrown [s\src\hotspot\share\prims\jni.cpp, line 520]
Event: 15.439 Thread 0x0000020171bb41a0 Exception <a 'java/lang/IncompatibleClassChangeError'{0x00000000d5970180}: Found class java.lang.Object, but interface was expected> (0x00000000d5970180) 
thrown [s\src\hotspot\share\interpreter\linkResolver.cpp, line 840]
Event: 15.439 Thread 0x0000020171bb5be0 Exception <a 'java/lang/IncompatibleClassChangeError'{0x00000000d59698c8}: Found class java.lang.Object, but interface was expected> (0x00000000d59698c8) 
thrown [s\src\hotspot\share\interpreter\linkResolver.cpp, line 840]
Event: 15.960 Thread 0x000002016f8cd280 Implicit null exception at 0x000002015be187a3 to 0x000002015be18c4c
Event: 16.594 Thread 0x0000020171bb5be0 Implicit null exception at 0x000002015566df1b to 0x000002015567178b
Event: 16.594 Thread 0x0000020171bb5be0 Exception <a 'java/lang/NullPointerException'{0x00000000d593e2b0}> (0x00000000d593e2b0) 
thrown [s\src\hotspot\share\runtime\sharedRuntime.cpp, line 625]
Event: 16.594 Thread 0x0000020171bb5be0 Implicit null exception at 0x000002015566df1b to 0x000002015567178b
Event: 16.594 Thread 0x0000020171bb5be0 Exception <a 'java/lang/NullPointerException'{0x00000000d5940288}> (0x00000000d5940288) 
thrown [s\src\hotspot\share\runtime\sharedRuntime.cpp, line 625]
Event: 16.594 Thread 0x0000020171bb5be0 Implicit null exception at 0x000002015566df1b to 0x000002015567178b
Event: 16.594 Thread 0x0000020171bb5be0 Exception <a 'java/lang/NullPointerException'{0x00000000d5940f40}> (0x00000000d5940f40) 
thrown [s\src\hotspot\share\runtime\sharedRuntime.cpp, line 625]
Event: 16.594 Thread 0x0000020171bb5be0 Implicit null exception at 0x000002015566df1b to 0x000002015567178b
Event: 16.594 Thread 0x0000020171bb5be0 Exception <a 'java/lang/NullPointerException'{0x00000000d5941c60}> (0x00000000d5941c60) 
thrown [s\src\hotspot\share\runtime\sharedRuntime.cpp, line 625]

ZGC Phase Switch (0 events):
No events

VM Operations (20 events):
Event: 16.992 Executing safepoint VM operation: ParallelGCFailedAllocation (Allocation Failure)
Event: 17.002 Executing safepoint VM operation: ParallelGCFailedAllocation (Allocation Failure) done
Event: 17.162 Executing safepoint VM operation: ParallelGCFailedAllocation (Allocation Failure)
Event: 17.185 Executing safepoint VM operation: ParallelGCFailedAllocation (Allocation Failure) done
Event: 17.217 Executing safepoint VM operation: ParallelGCFailedAllocation (Allocation Failure)
Event: 17.219 Executing safepoint VM operation: ParallelGCFailedAllocation (Allocation Failure) done
Event: 17.230 Executing safepoint VM operation: ParallelGCFailedAllocation (Allocation Failure)
Event: 17.231 Executing safepoint VM operation: ParallelGCFailedAllocation (Allocation Failure) done
Event: 17.253 Executing safepoint VM operation: ParallelGCFailedAllocation (Allocation Failure)
Event: 17.256 Executing safepoint VM operation: ParallelGCFailedAllocation (Allocation Failure) done
Event: 17.272 Executing safepoint VM operation: ParallelGCFailedAllocation (Allocation Failure)
Event: 17.274 Executing safepoint VM operation: ParallelGCFailedAllocation (Allocation Failure) done
Event: 17.353 Executing safepoint VM operation: ParallelGCFailedAllocation (Allocation Failure)
Event: 17.363 Executing safepoint VM operation: ParallelGCFailedAllocation (Allocation Failure) done
Event: 17.485 Executing safepoint VM operation: ParallelGCFailedAllocation (Allocation Failure)
Event: 17.496 Executing safepoint VM operation: ParallelGCFailedAllocation (Allocation Failure) done
Event: 17.519 Executing safepoint VM operation: ParallelGCFailedAllocation (Allocation Failure)
Event: 17.521 Executing safepoint VM operation: ParallelGCFailedAllocation (Allocation Failure) done
Event: 17.552 Executing safepoint VM operation: ParallelGCFailedAllocation (Allocation Failure)
Event: 17.554 Executing safepoint VM operation: ParallelGCFailedAllocation (Allocation Failure) done

Memory protections (0 events):
No events

Nmethod flushes (20 events):
Event: 10.524 Thread 0x0000020167594190 flushing  nmethod 0x0000020154666090
Event: 10.524 Thread 0x0000020167594190 flushing  nmethod 0x0000020154666990
Event: 10.524 Thread 0x0000020167594190 flushing  nmethod 0x0000020154678b10
Event: 10.524 Thread 0x0000020167594190 flushing  nmethod 0x000002015469f310
Event: 10.524 Thread 0x0000020167594190 flushing  nmethod 0x00000201546ad310
Event: 10.524 Thread 0x0000020167594190 flushing  nmethod 0x00000201546bde10
Event: 10.524 Thread 0x0000020167594190 flushing  nmethod 0x00000201546be910
Event: 10.524 Thread 0x0000020167594190 flushing  nmethod 0x00000201546c3290
Event: 10.524 Thread 0x0000020167594190 flushing  nmethod 0x00000201546c4010
Event: 10.524 Thread 0x0000020167594190 flushing  nmethod 0x00000201546ef590
Event: 10.524 Thread 0x0000020167594190 flushing  nmethod 0x0000020154734610
Event: 10.524 Thread 0x0000020167594190 flushing osr nmethod 0x0000020154775b10
Event: 10.524 Thread 0x0000020167594190 flushing  nmethod 0x00000201547b5c90
Event: 10.524 Thread 0x0000020167594190 flushing  nmethod 0x00000201547bbe90
Event: 10.524 Thread 0x0000020167594190 flushing  nmethod 0x00000201547c0a90
Event: 10.524 Thread 0x0000020167594190 flushing  nmethod 0x00000201547c3210
Event: 10.524 Thread 0x0000020167594190 flushing  nmethod 0x00000201547d3a90
Event: 10.524 Thread 0x0000020167594190 flushing  nmethod 0x00000201547f9190
Event: 10.524 Thread 0x0000020167594190 flushing  nmethod 0x000002015480a110
Event: 10.524 Thread 0x0000020167594190 flushing  nmethod 0x000002015480e410

Events (20 events):
Event: 13.170 Thread 0x000002016f8cc560 Thread added: 0x0000020179b3b970
Event: 13.170 Thread 0x000002016f8cc560 Thread added: 0x0000020179b3c000
Event: 13.170 Thread 0x000002016f8cc560 Thread added: 0x0000020179b3edf0
Event: 13.429 Thread 0x0000020179b3a5c0 Thread exited: 0x0000020179b3a5c0
Event: 13.429 Thread 0x0000020179b3b970 Thread exited: 0x0000020179b3b970
Event: 13.429 Thread 0x0000020179b3c000 Thread exited: 0x0000020179b3c000
Event: 13.429 Thread 0x0000020179b41550 Thread exited: 0x0000020179b41550
Event: 13.429 Thread 0x0000020179b3edf0 Thread exited: 0x0000020179b3edf0
Event: 13.639 Thread 0x000002016f8cc560 Thread added: 0x0000020179b3edf0
Event: 13.639 Thread 0x000002016f8cc560 Thread added: 0x0000020179b3fb10
Event: 13.639 Thread 0x000002016f8cc560 Thread added: 0x0000020179b3a5c0
Event: 13.639 Thread 0x000002016f8cc560 Thread added: 0x0000020179b3f480
Event: 13.640 Thread 0x000002016f8cc560 Thread added: 0x0000020179b3b970
Event: 13.657 Thread 0x0000020179b3a5c0 Thread exited: 0x0000020179b3a5c0
Event: 13.657 Thread 0x0000020179b3b970 Thread exited: 0x0000020179b3b970
Event: 13.657 Thread 0x0000020179b3edf0 Thread exited: 0x0000020179b3edf0
Event: 13.657 Thread 0x0000020179b3f480 Thread exited: 0x0000020179b3f480
Event: 13.657 Thread 0x0000020179b3fb10 Thread exited: 0x0000020179b3fb10
Event: 13.958 Thread 0x000002016f8cecc0 Thread added: 0x0000020179b3b970
Event: 14.207 Thread 0x0000020179b3b970 Thread exited: 0x0000020179b3b970


Dynamic libraries:
0x00007ff729fa0000 - 0x00007ff729fae000 	c:\Users\Leonardo\.vscode\extensions\redhat.java-1.54.0-win32-x64\jre\21.0.10-win32-x86_64\bin\java.exe
0x00007ffe92cf0000 - 0x00007ffe92ee8000 	C:\Windows\SYSTEM32\ntdll.dll
0x00007ffe92390000 - 0x00007ffe92452000 	C:\Windows\System32\KERNEL32.DLL
0x00007ffe90880000 - 0x00007ffe90b76000 	C:\Windows\System32\KERNELBASE.dll
0x00007ffe90700000 - 0x00007ffe90800000 	C:\Windows\System32\ucrtbase.dll
0x00007ffe75000000 - 0x00007ffe75018000 	c:\Users\Leonardo\.vscode\extensions\redhat.java-1.54.0-win32-x64\jre\21.0.10-win32-x86_64\bin\jli.dll
0x00007ffe76fa0000 - 0x00007ffe76fbe000 	c:\Users\Leonardo\.vscode\extensions\redhat.java-1.54.0-win32-x64\jre\21.0.10-win32-x86_64\bin\VCRUNTIME140.dll
0x00007ffe92460000 - 0x00007ffe92601000 	C:\Windows\System32\USER32.dll
0x00007ffe904d0000 - 0x00007ffe904f2000 	C:\Windows\System32\win32u.dll
0x00007ffe7fa30000 - 0x00007ffe7fccb000 	C:\Windows\WinSxS\amd64_microsoft.windows.common-controls_6595b64144ccf1df_6.0.19041.6456_none_60b8a6cb71f64256\COMCTL32.dll
0x00007ffe92970000 - 0x00007ffe9299b000 	C:\Windows\System32\GDI32.dll
0x00007ffe921e0000 - 0x00007ffe9227e000 	C:\Windows\System32\msvcrt.dll
0x00007ffe90380000 - 0x00007ffe90499000 	C:\Windows\System32\gdi32full.dll
0x00007ffe90660000 - 0x00007ffe906fd000 	C:\Windows\System32\msvcp_win.dll
0x00007ffe92280000 - 0x00007ffe922af000 	C:\Windows\System32\IMM32.DLL
0x00007ffe8c780000 - 0x00007ffe8c78c000 	c:\Users\Leonardo\.vscode\extensions\redhat.java-1.54.0-win32-x64\jre\21.0.10-win32-x86_64\bin\vcruntime140_1.dll
0x00007ffe5fe00000 - 0x00007ffe5fe8d000 	c:\Users\Leonardo\.vscode\extensions\redhat.java-1.54.0-win32-x64\jre\21.0.10-win32-x86_64\bin\msvcp140.dll
0x00007ffde9f00000 - 0x00007ffdeaca1000 	c:\Users\Leonardo\.vscode\extensions\redhat.java-1.54.0-win32-x64\jre\21.0.10-win32-x86_64\bin\server\jvm.dll
0x00007ffe91080000 - 0x00007ffe91131000 	C:\Windows\System32\ADVAPI32.dll
0x00007ffe929b0000 - 0x00007ffe92a4f000 	C:\Windows\System32\sechost.dll
0x00007ffe91140000 - 0x00007ffe91260000 	C:\Windows\System32\RPCRT4.dll
0x00007ffe904a0000 - 0x00007ffe904c7000 	C:\Windows\System32\bcrypt.dll
0x00007ffe92170000 - 0x00007ffe921db000 	C:\Windows\System32\WS2_32.dll
0x00007ffe8fef0000 - 0x00007ffe8ff3b000 	C:\Windows\SYSTEM32\POWRPROF.dll
0x00007ffe866d0000 - 0x00007ffe866da000 	C:\Windows\SYSTEM32\VERSION.dll
0x00007ffe866a0000 - 0x00007ffe866c7000 	C:\Windows\SYSTEM32\WINMM.dll
0x00007ffe8fde0000 - 0x00007ffe8fdf2000 	C:\Windows\SYSTEM32\UMPDC.dll
0x00007ffe8eb50000 - 0x00007ffe8eb62000 	C:\Windows\SYSTEM32\kernel.appcore.dll
0x00007ffe89f60000 - 0x00007ffe89f6a000 	c:\Users\Leonardo\.vscode\extensions\redhat.java-1.54.0-win32-x64\jre\21.0.10-win32-x86_64\bin\jimage.dll
0x00007ffe8df40000 - 0x00007ffe8e141000 	C:\Windows\SYSTEM32\DBGHELP.DLL
0x00007ffe7e440000 - 0x00007ffe7e474000 	C:\Windows\SYSTEM32\dbgcore.DLL
0x00007ffe90c80000 - 0x00007ffe90d02000 	C:\Windows\System32\bcryptPrimitives.dll
0x00007ffe83920000 - 0x00007ffe8392f000 	c:\Users\Leonardo\.vscode\extensions\redhat.java-1.54.0-win32-x64\jre\21.0.10-win32-x86_64\bin\instrument.dll
0x00007ffe6d960000 - 0x00007ffe6d980000 	c:\Users\Leonardo\.vscode\extensions\redhat.java-1.54.0-win32-x64\jre\21.0.10-win32-x86_64\bin\java.dll
0x00007ffe919a0000 - 0x00007ffe92110000 	C:\Windows\System32\SHELL32.dll
0x00007ffe8e390000 - 0x00007ffe8eb35000 	C:\Windows\SYSTEM32\windows.storage.dll
0x00007ffe92610000 - 0x00007ffe92964000 	C:\Windows\System32\combase.dll
0x00007ffe8fd40000 - 0x00007ffe8fd6b000 	C:\Windows\SYSTEM32\Wldp.dll
0x00007ffe922c0000 - 0x00007ffe9238d000 	C:\Windows\System32\OLEAUT32.dll
0x00007ffe92a50000 - 0x00007ffe92afd000 	C:\Windows\System32\SHCORE.dll
0x00007ffe92110000 - 0x00007ffe9216b000 	C:\Windows\System32\shlwapi.dll
0x00007ffe902b0000 - 0x00007ffe902d4000 	C:\Windows\SYSTEM32\profapi.dll
0x00007ffe6fa40000 - 0x00007ffe6fa58000 	c:\Users\Leonardo\.vscode\extensions\redhat.java-1.54.0-win32-x64\jre\21.0.10-win32-x86_64\bin\zip.dll
0x00007ffe7b550000 - 0x00007ffe7b560000 	C:\Users\Leonardo\.vscode\extensions\redhat.java-1.54.0-win32-x64\jre\21.0.10-win32-x86_64\bin\net.dll
0x00007ffe88060000 - 0x00007ffe8816a000 	C:\Windows\SYSTEM32\WINHTTP.dll
0x00007ffe8faa0000 - 0x00007ffe8fb0a000 	C:\Windows\system32\mswsock.dll
0x00007ffe6da70000 - 0x00007ffe6da86000 	C:\Users\Leonardo\.vscode\extensions\redhat.java-1.54.0-win32-x64\jre\21.0.10-win32-x86_64\bin\nio.dll
0x00007ffe77620000 - 0x00007ffe77630000 	c:\Users\Leonardo\.vscode\extensions\redhat.java-1.54.0-win32-x64\jre\21.0.10-win32-x86_64\bin\verify.dll
0x00007ffe67b40000 - 0x00007ffe67b85000 	C:\Users\Leonardo\AppData\Roaming\Code\User\globalStorage\redhat.java\1.54.0\config_win\org.eclipse.equinox.launcher\org.eclipse.equinox.launcher.win32.win32.x86_64_1.3.0.v20260203-2149\eclipse_11919.dll
0x00007ffe91400000 - 0x00007ffe9152b000 	C:\Windows\System32\ole32.dll
0x00007ffe8fc90000 - 0x00007ffe8fca8000 	C:\Windows\SYSTEM32\CRYPTSP.dll
0x00007ffe8f320000 - 0x00007ffe8f358000 	C:\Windows\system32\rsaenh.dll
0x00007ffe90270000 - 0x00007ffe9029e000 	C:\Windows\SYSTEM32\USERENV.dll
0x00007ffe8fcb0000 - 0x00007ffe8fcbc000 	C:\Windows\SYSTEM32\CRYPTBASE.dll
0x00007ffe8f780000 - 0x00007ffe8f7bb000 	C:\Windows\SYSTEM32\IPHLPAPI.DLL
0x00007ffe929a0000 - 0x00007ffe929a8000 	C:\Windows\System32\NSI.dll
0x00007ffe63840000 - 0x00007ffe63889000 	C:\Users\Leonardo\AppData\Local\Temp\jna-2035583412\jna15815592783436432303.dll
0x00007ffe92b00000 - 0x00007ffe92b08000 	C:\Windows\System32\PSAPI.DLL
0x00007ffe89450000 - 0x00007ffe89467000 	C:\Windows\SYSTEM32\dhcpcsvc6.DLL
0x00007ffe893b0000 - 0x00007ffe893cd000 	C:\Windows\SYSTEM32\dhcpcsvc.DLL

JVMTI agents:
c:\Users\Leonardo\.vscode\extensions\redhat.java-1.54.0-win32-x64\lombok\lombok-1.18.39-4050.jar path:c:\Users\Leonardo\.vscode\extensions\redhat.java-1.54.0-win32-x64\jre\21.0.10-win32-x86_64\bin\instrument.dll, loaded, initialized, instrumentlib options:none

dbghelp: loaded successfully - version: 4.0.5 - missing functions: none
symbol engine: initialized successfully - sym options: 0x614 - pdb path: .;c:\Users\Leonardo\.vscode\extensions\redhat.java-1.54.0-win32-x64\jre\21.0.10-win32-x86_64\bin;C:\Windows\SYSTEM32;C:\Windows\WinSxS\amd64_microsoft.windows.common-controls_6595b64144ccf1df_6.0.19041.6456_none_60b8a6cb71f64256;c:\Users\Leonardo\.vscode\extensions\redhat.java-1.54.0-win32-x64\jre\21.0.10-win32-x86_64\bin\server;C:\Users\Leonardo\AppData\Roaming\Code\User\globalStorage\redhat.java\1.54.0\config_win\org.eclipse.equinox.launcher\org.eclipse.equinox.launcher.win32.win32.x86_64_1.3.0.v20260203-2149;C:\Users\Leonardo\AppData\Local\Temp\jna-2035583412

VM Arguments:
jvm_args: --add-modules=ALL-SYSTEM --add-opens=java.base/java.util=ALL-UNNAMED --add-opens=java.base/java.lang=ALL-UNNAMED --add-opens=java.base/sun.nio.fs=ALL-UNNAMED -Declipse.application=org.eclipse.jdt.ls.core.id1 -Dosgi.bundles.defaultStartLevel=4 -Declipse.product=org.eclipse.jdt.ls.core.product -Djava.import.generatesMetadataFilesAtProjectRoot=false -DDetectVMInstallationsJob.disabled=true -Dfile.encoding=utf8 -XX:+UseParallelGC -XX:GCTimeRatio=4 -XX:AdaptiveSizePolicyWeight=90 -Dsun.zip.disableMemoryMapping=true -Xmx2G -Xms100m -Xlog:disable -javaagent:c:\Users\Leonardo\.vscode\extensions\redhat.java-1.54.0-win32-x64\lombok\lombok-1.18.39-4050.jar -XX:+HeapDumpOnOutOfMemoryError -XX:HeapDumpPath=c:\Users\Leonardo\AppData\Roaming\Code\User\workspaceStorage\91273af04738737b26cebe2530116206\redhat.java -Daether.dependencyCollector.impl=bf 
java_command: c:\Users\Leonardo\.vscode\extensions\redhat.java-1.54.0-win32-x64\server\plugins\org.eclipse.equinox.launcher_1.7.100.v20251111-0406.jar -configuration c:\Users\Leonardo\AppData\Roaming\Code\User\globalStorage\redhat.java\1.54.0\config_win -data c:\Users\Leonardo\AppData\Roaming\Code\User\workspaceStorage\91273af04738737b26cebe2530116206\redhat.java\jdt_ws --pipe=\\.\pipe\lsp-151649d4353825417178c918597f825d-sock
java_class_path (initial): c:\Users\Leonardo\.vscode\extensions\redhat.java-1.54.0-win32-x64\server\plugins\org.eclipse.equinox.launcher_1.7.100.v20251111-0406.jar
Launcher Type: SUN_STANDARD

[Global flags]
    uintx AdaptiveSizePolicyWeight                 = 90                                        {product} {command line}
     intx CICompilerCount                          = 12                                        {product} {ergonomic}
    uintx GCTimeRatio                              = 4                                         {product} {command line}
     bool HeapDumpOnOutOfMemoryError               = true                                   {manageable} {command line}
    ccstr HeapDumpPath                             = c:\Users\Leonardo\AppData\Roaming\Code\User\workspaceStorage\91273af04738737b26cebe2530116206\redhat.java         {manageable} {command line}
   size_t InitialHeapSize                          = 104857600                                 {product} {command line}
   size_t MaxHeapSize                              = 2147483648                                {product} {command line}
   size_t MaxNewSize                               = 715653120                                 {product} {ergonomic}
   size_t MinHeapDeltaBytes                        = 524288                                    {product} {ergonomic}
   size_t MinHeapSize                              = 104857600                                 {product} {command line}
   size_t NewSize                                  = 34603008                                  {product} {ergonomic}
    uintx NonNMethodCodeHeapSize                   = 7602480                                {pd product} {ergonomic}
    uintx NonProfiledCodeHeapSize                  = 122027880                              {pd product} {ergonomic}
   size_t OldSize                                  = 70254592                                  {product} {ergonomic}
    uintx ProfiledCodeHeapSize                     = 122027880                              {pd product} {ergonomic}
    uintx ReservedCodeCacheSize                    = 251658240                              {pd product} {ergonomic}
     bool SegmentedCodeCache                       = true                                      {product} {ergonomic}
   size_t SoftMaxHeapSize                          = 2147483648                             {manageable} {ergonomic}
     bool UseCompressedOops                        = true                           {product lp64_product} {ergonomic}
     bool UseLargePagesIndividualAllocation        = false                                  {pd product} {ergonomic}
     bool UseParallelGC                            = true                                      {product} {command line}

Logging:
Log output configuration:
 #0: stdout all=off uptime,level,tags foldmultilines=false
 #1: stderr all=off uptime,level,tags foldmultilines=false

Release file:
JAVA_VERSION="21.0.10" 
MODULES="java.base java.compiler java.datatransfer java.xml java.prefs java.desktop java.instrument java.logging java.management java.security.sasl java.naming java.rmi java.management.rmi java.net.http java.scripting java.security.jgss java.transaction.xa java.sql java.sql.rowset java.xml.crypto java.se java.smartcardio jdk.accessibility jdk.internal.jvmstat jdk.attach jdk.charsets jdk.internal.opt jdk.zipfs jdk.compiler jdk.crypto.ec jdk.crypto.cryptoki jdk.crypto.mscapi jdk.dynalink jdk.internal.ed jdk.editpad jdk.hotspot.agent jdk.httpserver jdk.internal.le jdk.internal.vm.ci jdk.internal.vm.compiler jdk.internal.vm.compiler.management jdk.jartool jdk.javadoc jdk.jcmd jdk.management jdk.management.agent jdk.jconsole jdk.jdeps jdk.jdwp.agent jdk.jdi jdk.jfr jdk.jshell jdk.jsobject jdk.jstatd jdk.localedata jdk.management.jfr jdk.naming.dns jdk.naming.rmi jdk.net jdk.nio.mapmode jdk.random jdk.sctp jdk.security.auth jdk.security.jgss jdk.unsupported jdk.unsupported.desktop jdk.xml.dom" 

Environment Variables:
JAVA_HOME=C:\Program Files\Eclipse Adoptium\jdk-17.0.17.10-hotspot
PATH=C:\Users\Leonardo\AppData\Local\Programs\Microsoft VS Code;C:\Python314\Scripts\;C:\Python314\;C:\Program Files (x86)\Common Files\Oracle\Java\javapath;C:\Program Files\Eclipse Adoptium\jdk-17.0.17.10-hotspot\bin;C:\Windows\system32;C:\Windows;C:\Windows\System32\Wbem;C:\Windows\System32\WindowsPowerShell\v1.0\;C:\Windows\System32\OpenSSH\;C:\Program Files\Microsoft SQL Server\Client SDK\ODBC\170\Tools\Binn\;C:\Program Files\Microsoft SQL Server\160\DTS\Binn\;C:\ProgramData\chocolatey\bin;C:\Program Files\dotnet\;C:\Users\Leonardo\AppData\Local\nvm;C:\nvm4w\nodejs;C:\Program Files\Git\cmd;C:\Program Files\Microsoft SQL Server\Client SDK\ODBC\180\Tools\Binn\;C:\Program Files (x86)\Microsoft SQL Server\160\Tools\Binn\;C:\Program Files\Microsoft SQL Server\160\Tools\Binn\;C:\Program Files (x86)\Microsoft SQL Server\160\DTS\Binn\;C:\Program Files\Microsoft SQL Server\150\Tools\Binn\;C:\Program Files\Microsoft SQL Server\130\DTS\Binn\;C:\Program Files\Microsoft SQL Server\140\DTS\Binn\;C:\Program Files\Microsoft SQL Server\150\DTS\Binn\;C:\Program Files\Microsoft SQL Server\170\DTS\Binn\;C:\Program Files (x86)\cloudflared\;C:\Program Files\Docker\Docker\resources\bin;C:\Program Files\Amazon\AWSCLIV2\;C:\Users\Leonardo\scoop\shims;C:\Users\Leonardo\AppData\Local\Programs\Python\Python310\Scripts\;C:\Users\Leonardo\AppData\Local\Programs\Python\Python310\;C:\Users\Leonardo\AppData\Local\Microsoft\WindowsApps;C:\Users\Leonardo\AppData\Local\GitHubDesktop\bin;C:\Program Files\JetBrains\PyCharm 2025.1\bin;C:\Users\Leonardo\AppData\Local\Programs\Microsoft VS Code\bin;C:\Users\Leonardo\AppData\Local\Programs\Python\Python310\;C:\Users\Leonardo\Documents\flutter\bin;C:\Program Files\MySQL\MySQL Server 8.0\bin;C:\Users\Leonardo\AppData\Local\nvm;C:\nvm4w\nodejs;C:\Users\Leonardo\Downloads\cloudflared.exe.exe;C:\Users\Leonardo\.dotnet\tools;C:\Program Files\Eclipse Adoptium\jdk-17.0.17.10-hotspot\bin;C:\Users\Leonardo\.deno\bin;C:\Users\Leonardo\AppData\Roaming\npm;C:\Users\Leonardo\AppData\Local\Programs\Antigravity\bin;C:\Program Files\Docker\Docker\resources\bin
USERNAME=Leonardo
OS=Windows_NT
PROCESSOR_IDENTIFIER=AMD64 Family 23 Model 104 Stepping 1, AuthenticAMD
TMP=C:\Users\Leonardo\AppData\Local\Temp
TEMP=C:\Users\Leonardo\AppData\Local\Temp




Periodic native trim disabled

---------------  S Y S T E M  ---------------

OS:
 Windows 10 , 64 bit Build 19041 (10.0.19041.5915)
OS uptime: 0 days 13:33 hours
Hyper-V role detected

CPU: total 16 (initial active 16) (16 cores per cpu, 2 threads per core) family 23 model 104 stepping 1 microcode 0x0, cx8, cmov, fxsr, ht, mmx, 3dnowpref, sse, sse2, sse3, ssse3, sse4a, sse4.1, sse4.2, popcnt, lzcnt, tsc, tscinvbit, avx, avx2, aes, clmul, bmi1, bmi2, adx, sha, fma, vzeroupper, clflush, clflushopt, hv, rdtscp, rdpid, f16c
Processor Information for the first 16 processors :
  Max Mhz: 1801, Current Mhz: 1801, Mhz Limit: 1801

Memory: 4k page, system-wide physical 6005M (262M free)
TotalPageFile size 24437M (AvailPageFile size 9M)
current process WorkingSet (physical memory assigned to process): 293M, peak: 427M
current process commit charge ("private bytes"): 542M, peak: 551M

vm_info: OpenJDK 64-Bit Server VM (21.0.10+7-LTS) for windows-amd64 JRE (21.0.10+7-LTS), built on 2026-01-20T00:00:00Z by "admin" with MS VC++ 17.12 (VS2022)

END.
